[20:06:09] [main/INFO]: Loading Minecraft 1.21.11 with Fabric Loader 0.19.5
[20:06:10] [main/INFO]: Loading 59 mods:
	- capitale_rp_hud 1.3.3-beta.1+race-health-modifier-compat
	- entityculling 1.10.2
	   |-- transition 1.0.19
	   \-- trender 1.0.13
	- fabric-api 0.141.6+1.21.11
	   |-- fabric-api-base 1.0.5+4ebb5c083e
	   |-- fabric-api-lookup-api-v1 1.6.114+20dc27073e
	   |-- fabric-biome-api-v1 17.1.1+4fc5413f3e
	   |-- fabric-block-api-v1 1.1.10+4ebb5c083e
	   |-- fabric-block-view-api-v2 1.0.39+4ebb5c083e
	   |-- fabric-command-api-v2 2.4.7+6b42a6003e
	   |-- fabric-content-registries-v0 10.2.14+4fc5413f3e
	   |-- fabric-convention-tags-v1 2.1.55+7f945d5b3e
	   |-- fabric-convention-tags-v2 2.17.3+8ef948ba3e
	   |-- fabric-crash-report-info-v1 0.3.23+4ebb5c083e
	   |-- fabric-data-attachment-api-v1 1.8.48+eed0806f3e
	   |-- fabric-data-generation-api-v1 23.5.0+88d7da613e
	   |-- fabric-dimensions-v1 4.0.28+4fc5413f3e
	   |-- fabric-entity-events-v1 3.1.1+1d0ab4303e
	   |-- fabric-events-interaction-v0 4.1.1+3b89ecf63e
	   |-- fabric-game-rule-api-v1 2.0.3+4fc5413f3e
	   |-- fabric-item-api-v1 11.6.0+67f17bb43e
	   |-- fabric-item-group-api-v1 4.2.36+4fc5413f3e
	   |-- fabric-key-binding-api-v1 1.1.7+4fc5413f3e
	   |-- fabric-lifecycle-events-v1 2.6.15+4ebb5c083e
	   |-- fabric-loot-api-v2 3.0.73+3f89f5a53e
	   |-- fabric-loot-api-v3 2.0.20+78c8b4663e
	   |-- fabric-message-api-v1 6.1.12+4ebb5c083e
	   |-- fabric-model-loading-api-v1 6.0.15+4fc5413f3e
	   |-- fabric-networking-api-v1 5.1.6+6b6d71a53e
	   |-- fabric-object-builder-api-v1 21.1.40+4fc5413f3e
	   |-- fabric-particles-v1 4.2.12+4fc5413f3e
	   |-- fabric-recipe-api-v1 8.2.4+4ebb5c083e
	   |-- fabric-registry-sync-v0 6.2.6+1718722b3e
	   |-- fabric-renderer-api-v1 8.0.3+f4ffd2e53e
	   |-- fabric-renderer-indigo 5.0.3+f4ffd2e53e
	   |-- fabric-rendering-fluids-v1 3.1.43+4ebb5c083e
	   |-- fabric-rendering-v1 16.2.10+0290ad933e
	   |-- fabric-resource-conditions-api-v1 5.0.35+4fc5413f3e
	   |-- fabric-resource-loader-v0 3.3.4+4fc5413f3e
	   |-- fabric-resource-loader-v1 1.0.10+78c8b4663e
	   |-- fabric-screen-api-v1 3.1.7+4ebb5c083e
	   |-- fabric-screen-handler-api-v1 1.3.162+4fc5413f3e
	   |-- fabric-serialization-api-v1 1.0.5+4ebb5c083e
	   |-- fabric-sound-api-v1 1.0.51+4fc5413f3e
	   |-- fabric-tag-api-v1 1.3.0+88d7da613e
	   |-- fabric-transfer-api-v1 6.0.25+4fc5413f3e
	   \-- fabric-transitive-access-wideners-v1 7.1.0+014c8cec3e
	- fabricloader 0.19.5
	   \-- mixinextras 0.5.5
	- headlessagent 1
	- immediatelyfast 1.14.2+1.21.11
	   \-- net_lenni0451_reflect 1.6.1+curseforge
	- java 21
	- minecraft 1.21.11
	- nexuscharacters 1.0.0-beta.22+hc.1.21.11
	- preview_harness 22
	- skinlayers3d 1.10.2
	- sodium 0.8.7+mc1.21.11
[20:06:10] [main/INFO]: SpongePowered MIXIN Subsystem Version=0.8.7 Source=file:/workspace/scratch/22564d9fe6f6/runtime/libs/net/fabricmc/sponge-mixin/0.17.4+mixin.0.8.7/sponge-mixin-0.17.4+mixin.0.8.7.jar Service=Knot/Fabric Env=CLIENT
/********************************************************************************************************************************************************************************************/
/*                                                                                   SpongePowered MIXIN                                                                                    */
/********************************************************************************************************************************************************************************************/
/*                                         Code source : file:/workspace/scratch/22564d9fe6f6/runtime/libs/net/fabricmc/sponge-mixin/0.17.4+mixin.0.8.7/sponge-mixin-0.17.4+mixin.0.8.7.jar */
/*                                    Internal Version : 0.8.7                                                                                                                              */
/*                                        Java Version : 21.0 (supports compatibility 6-21)                                                                                                 */
/*                         Default Compatibility Level : JAVA_8                                                                                                                             */
/*                   Max Effective Compatibility Level : JAVA_13                                                                                                                            */
/*                                Detected ASM Version : ASM 9.10.1 (ASM10_EXPERIMENTAL)                                                                                                    */
/*                          Detected ASM Supports Java : Up to Java 27 (class file version 71.0)                                                                                            */
/********************************************************************************************************************************************************************************************/
/*                                        Service Name : Knot/Fabric                                                                                                                        */
/*                                 Mixin Service Class : net.fabricmc.loader.impl.launch.knot.MixinServiceKnot                                                                              */
/*                       Global Property Service Class : net.fabricmc.loader.impl.launch.knot.FabricGlobalPropertyService                                                                   */
/*                                 Logger Adapter Type : Fabric Mixin Logger                                                                                                                */
/********************************************************************************************************************************************************************************************/
/*                                         mixin.debug : <false>                                                                                                                            */
/*                                  mixin.debug.export : - <true>                                                                                                                           */
/*                           mixin.debug.export.filter : - - <null>                                                                                                                         */
/*                        mixin.debug.export.decompile : - - <true>                                                                                                                         */
/*                  mixin.debug.export.decompile.async : - - - <true>                                                                                                                       */
/* mixin.debug.export.decompile.mergeGenericSignatures : - - - <true>                                                                                                                       */
/*                                  mixin.debug.verify : - <false>                                                                                                                          */
/*                                 mixin.debug.verbose : - <false>                                                                                                                          */
/*                         mixin.debug.countInjections : - <false>                                                                                                                          */
/*                                  mixin.debug.strict : - <false>                                                                                                                          */
/*                           mixin.debug.strict.unique : - - <false>                                                                                                                        */
/*                          mixin.debug.strict.targets : - - <false>                                                                                                                        */
/*                                mixin.debug.profiler : - <false>                                                                                                                          */
/*                           mixin.dumpTargetOnFailure : <false>                                                                                                                            */
/*                                        mixin.checks : <false>                                                                                                                            */
/*                             mixin.checks.interfaces : - <false>                                                                                                                          */
/*                      mixin.checks.interfaces.strict : - - <false>                                                                                                                        */
/*                             mixin.ignoreConstraints : <false>                                                                                                                            */
/*                                       mixin.hotSwap : <false>                                                                                                                            */
/*                                       mixin.env.obf : - <false>                                                                                                                          */
/*                             mixin.env.disableRefMap : - <false>                                                                                                                          */
/*                               mixin.env.remapRefMap : - <false>                                                                                                                          */
/*                       mixin.env.refMapRemappingFile : - <>                                                                                                                               */
/*                        mixin.env.refMapRemappingEnv : - <searge>                                                                                                                         */
/*                      mixin.env.allowPermissiveMatch : - <false>                                                                                                                          */
/*                            mixin.env.ignoreRequired : - <false>                                                                                                                          */
/*                               mixin.env.compatLevel : - <false>                                                                                                                          */
/*                          mixin.env.shiftByViolation : - <warn>                                                                                                                           */
/*                      mixin.initialiserInjectionMode : <default>                                                                                                                          */
/*               mixin.tunable.classReaderExpandFrames : - <false>                                                                                                                          */
/********************************************************************************************************************************************************************************************/
/*                                    UNSAFE_INJECTION : available=<true> enabled=<true>                                                                                                    */
/*                       INJECTORS_IN_INTERFACE_MIXINS : available=<true> enabled=<true>                                                                                                    */
/********************************************************************************************************************************************************************************************/
/*                                       Detected Side : CLIENT                                                                                                                             */
/********************************************************************************************************************************************************************************************/
[20:06:10] [main/INFO]: Attempting to load Fernflower decompiler (Threaded mode)
[20:06:10] [main/INFO]: Fernflower could not be loaded, exported classes will not be decompiled. NoClassDefFoundError: org/jetbrains/java/decompiler/main/extern/IResultSaver
[20:06:10] [main/INFO]: Loaded configuration file for Sodium: 35 options available, 0 override(s) found
[20:06:10] [main/WARN]: Error loading class: traben/entity_model_features/models/parts/EMFModelPart (java.lang.ClassNotFoundException: traben/entity_model_features/models/parts/EMFModelPart)
[20:06:10] [main/INFO]: Searching for graphics cards...
[20:06:10] [main/WARN]: Could not find any graphics adapters! Probably the device is not on a bus we can probe, or there are no devices supporting 3D acceleration.
[20:06:10] [main/WARN]: Sodium has applied one or more workarounds to prevent crashes or other issues on your system: [NO_ERROR_CONTEXT_UNSUPPORTED]
[20:06:10] [main/WARN]: This is not necessarily an issue, but it may result in certain features or optimizations being disabled. You can sometimes fix these issues by upgrading your graphics driver.
[20:06:11] [main/INFO]: Initializing MixinExtras via com.llamalad7.mixinextras.service.MixinExtrasServiceImpl(version=0.5.5).
[20:06:11] [Datafixer Bootstrap/INFO]: 287 Datafixer optimizations took 277 milliseconds
[20:06:15] [Render thread/INFO]: Environment: Environment[sessionHost=https://sessionserver.mojang.com, servicesHost=https://api.minecraftservices.com, profilesHost=https://api.mojang.com, name=PROD]
[20:06:15] [Render thread/INFO]: Setting user: PRE20Test
[20:06:15] [Render thread/INFO]: [STDOUT]: [capitale_rp_hud] Registered S2C/C2S payloads.
[20:06:15] [Render thread/INFO]: [STDOUT]: [capitale_rp_hud] Server sync enabled. v0.6.2 identity 3D preview center/Y fix + validated race morphology.
[20:06:15] [Render thread/INFO]: [STDOUT]: [capitale_rp_hud] Registered /capidentity menu command.
[20:06:15] [Render thread/INFO]: [STDOUT]: [capitale_rp_hud] Registered identity submit receiver.
[20:06:15] [Render thread/INFO]: [STDOUT]: [capitale_rp_hud] Character slot sync payload registered S2C.
[20:06:15] [Render thread/INFO]: [STDOUT]: [capitale_rp_hud] /capcharacter compatibility commands registered; legacy slot mutations are disabled (Nexus authority).
[20:06:15] [Render thread/INFO]: [STDOUT]: [capitale_rp_hud] Legacy character persistence disabled; NexusCharacters is the sole profile authority.
[20:06:15] [Render thread/INFO]: [STDOUT]: [capitale_rp_hud] BETA_1_1_53-clean-health-periodic-reset initialized. serverTick=true mode=single-authoritative-health-refresh-no-client-race-write
[20:06:15] [Render thread/INFO]: [STDOUT]: [capitale_rp_hud] BETA_1_2_5-race-meta-exact-health-total-fix initialized. serverTick=true mode=slot-meta-race-plus-total-max-health-correction
[20:06:15] [Render thread/INFO]: [STDOUT]: [capitale_rp_hud] BETA_1_2_7-strict-race-health-bounded-finalizer initialized. serverTick=true mode=bounded-no-permanent-loop
[20:06:15] [Render thread/INFO]: [STDOUT]: [capitale_rp_hud] BETA_1_0-single-shot-name-command registered END_SERVER_TICK through Event.register reflection.
[20:06:15] [Render thread/INFO]: [STDOUT]: [capitale_rp_hud] BETA_1_0-single-shot-name-command initialized. serverTick=true mode=single-command-path-no-quotes-no-spaces-no-periodic-reset
[20:06:15] [Render thread/INFO]: [STDOUT]: [capitale_rp_hud] 1.2.8-skin-remote-sync payload types registered/attempted.
[20:06:15] [Render thread/INFO]: [STDOUT]: [capitale_rp_hud] 1.2.8-skin-remote-sync server receiver registered.
[20:06:15] [Download-2/ERROR]: Failed to fetch user properties
com.mojang.authlib.exceptions.AuthenticationUnavailableException
	at knot//com.mojang.authlib.exceptions.MinecraftClientException.toAuthenticationException(MinecraftClientException.java:29)
	at knot//com.mojang.authlib.yggdrasil.YggdrasilUserApiService.fetchProperties(YggdrasilUserApiService.java:154)
	at knot//net.minecraft.class_310.method_55608(SourceFile:457)
	at java.base/java.util.concurrent.CompletableFuture$AsyncSupply.run(CompletableFuture.java:1768)
	at java.base/java.util.concurrent.ThreadPoolExecutor.runWorker(ThreadPoolExecutor.java:1144)
	at java.base/java.util.concurrent.ThreadPoolExecutor$Worker.run(ThreadPoolExecutor.java:642)
	at java.base/java.lang.Thread.run(Thread.java:1583)
[20:06:15] [Download-1/WARN]: Couldn't look up profile properties for 00000000-0000-0000-0000-000000000001
com.mojang.authlib.exceptions.MinecraftClientException: Failed to read from https://sessionserver.mojang.com/session/minecraft/profile/00000000000000000000000000000001?unsigned=false due to sessionserver.mojang.com
	at knot//com.mojang.authlib.minecraft.client.MinecraftClient.readInputStream(MinecraftClient.java:111)
	at knot//com.mojang.authlib.minecraft.client.MinecraftClient.get(MinecraftClient.java:56)
	at knot//com.mojang.authlib.yggdrasil.YggdrasilMinecraftSessionService.fetchProfileUncached(YggdrasilMinecraftSessionService.java:197)
	at knot//com.mojang.authlib.yggdrasil.YggdrasilMinecraftSessionService.fetchProfile(YggdrasilMinecraftSessionService.java:167)
	at knot//net.minecraft.class_310.method_53464(SourceFile:453)
	at java.base/java.util.concurrent.CompletableFuture$AsyncSupply.run(CompletableFuture.java:1768)
	at java.base/java.util.concurrent.ThreadPoolExecutor.runWorker(ThreadPoolExecutor.java:1144)
	at java.base/java.util.concurrent.ThreadPoolExecutor$Worker.run(ThreadPoolExecutor.java:642)
	at java.base/java.lang.Thread.run(Thread.java:1583)
Caused by: java.net.UnknownHostException: sessionserver.mojang.com
	at java.base/sun.nio.ch.NioSocketImpl.connect(NioSocketImpl.java:567)
	at java.base/java.net.SocksSocketImpl.connect(SocksSocketImpl.java:327)
	at java.base/java.net.Socket.connect(Socket.java:751)
	at java.base/sun.security.ssl.SSLSocketImpl.connect(SSLSocketImpl.java:304)
	at java.base/sun.net.NetworkClient.doConnect(NetworkClient.java:178)
	at java.base/sun.net.www.http.HttpClient.openServer(HttpClient.java:539)
	at java.base/sun.net.www.http.HttpClient.openServer(HttpClient.java:644)
	at java.base/sun.net.www.protocol.https.HttpsClient.<init>(HttpsClient.java:265)
	at java.base/sun.net.www.protocol.https.HttpsClient.New(HttpsClient.java:378)
	at java.base/sun.net.www.protocol.https.AbstractDelegateHttpsURLConnection.getNewHttpClient(AbstractDelegateHttpsURLConnection.java:196)
	at java.base/sun.net.www.protocol.http.HttpURLConnection.plainConnect0(HttpURLConnection.java:1305)
	at java.base/sun.net.www.protocol.http.HttpURLConnection.plainConnect(HttpURLConnection.java:1146)
	at java.base/sun.net.www.protocol.http.HttpURLConnection.connect(HttpURLConnection.java:1075)
	at java.base/sun.net.www.protocol.https.AbstractDelegateHttpsURLConnection.connect(AbstractDelegateHttpsURLConnection.java:181)
	at java.base/sun.net.www.protocol.http.HttpURLConnection.getInputStream0(HttpURLConnection.java:1707)
	at java.base/sun.net.www.protocol.http.HttpURLConnection.getInputStream(HttpURLConnection.java:1632)
	at java.base/java.net.HttpURLConnection.getResponseCode(HttpURLConnection.java:531)
	at java.base/sun.net.www.protocol.https.HttpsURLConnectionImpl.getResponseCode(HttpsURLConnectionImpl.java:307)
	at knot//com.mojang.authlib.minecraft.client.MinecraftClient.readInputStream(MinecraftClient.java:82)
	... 8 more
[20:06:15] [Yggdrasil Key Fetcher/ERROR]: Failed to request yggdrasil public key
com.mojang.authlib.exceptions.MinecraftClientException: Failed to read from https://api.minecraftservices.com/publickeys due to api.minecraftservices.com
	at knot//com.mojang.authlib.minecraft.client.MinecraftClient.readInputStream(MinecraftClient.java:111)
	at knot//com.mojang.authlib.minecraft.client.MinecraftClient.get(MinecraftClient.java:56)
	at knot//com.mojang.authlib.yggdrasil.YggdrasilServicesKeyInfo.fetch(YggdrasilServicesKeyInfo.java:114)
	at knot//com.mojang.authlib.yggdrasil.YggdrasilServicesKeyInfo$1.run(YggdrasilServicesKeyInfo.java:89)
	at java.base/java.util.concurrent.Executors$RunnableAdapter.call(Executors.java:572)
	at java.base/java.util.concurrent.FutureTask.run(FutureTask.java:317)
	at java.base/java.util.concurrent.ScheduledThreadPoolExecutor$ScheduledFutureTask.run(ScheduledThreadPoolExecutor.java:304)
	at java.base/java.util.concurrent.ThreadPoolExecutor.runWorker(ThreadPoolExecutor.java:1144)
	at java.base/java.util.concurrent.ThreadPoolExecutor$Worker.run(ThreadPoolExecutor.java:642)
	at java.base/java.lang.Thread.run(Thread.java:1583)
Caused by: java.net.UnknownHostException: api.minecraftservices.com
	at java.base/sun.nio.ch.NioSocketImpl.connect(NioSocketImpl.java:567)
	at java.base/java.net.SocksSocketImpl.connect(SocksSocketImpl.java:327)
	at java.base/java.net.Socket.connect(Socket.java:751)
	at java.base/sun.security.ssl.SSLSocketImpl.connect(SSLSocketImpl.java:304)
	at java.base/sun.net.NetworkClient.doConnect(NetworkClient.java:178)
	at java.base/sun.net.www.http.HttpClient.openServer(HttpClient.java:539)
	at java.base/sun.net.www.http.HttpClient.openServer(HttpClient.java:644)
	at java.base/sun.net.www.protocol.https.HttpsClient.<init>(HttpsClient.java:265)
	at java.base/sun.net.www.protocol.https.HttpsClient.New(HttpsClient.java:378)
	at java.base/sun.net.www.protocol.https.AbstractDelegateHttpsURLConnection.getNewHttpClient(AbstractDelegateHttpsURLConnection.java:196)
	at java.base/sun.net.www.protocol.http.HttpURLConnection.plainConnect0(HttpURLConnection.java:1305)
	at java.base/sun.net.www.protocol.http.HttpURLConnection.plainConnect(HttpURLConnection.java:1146)
	at java.base/sun.net.www.protocol.http.HttpURLConnection.connect(HttpURLConnection.java:1075)
	at java.base/sun.net.www.protocol.https.AbstractDelegateHttpsURLConnection.connect(AbstractDelegateHttpsURLConnection.java:181)
	at java.base/sun.net.www.protocol.http.HttpURLConnection.getInputStream0(HttpURLConnection.java:1707)
	at java.base/sun.net.www.protocol.http.HttpURLConnection.getInputStream(HttpURLConnection.java:1632)
	at java.base/java.net.HttpURLConnection.getResponseCode(HttpURLConnection.java:531)
	at java.base/sun.net.www.protocol.https.HttpsURLConnectionImpl.getResponseCode(HttpsURLConnectionImpl.java:307)
	at knot//com.mojang.authlib.minecraft.client.MinecraftClient.readInputStream(MinecraftClient.java:82)
	... 9 more
[20:06:15] [Render thread/INFO]: [STDOUT]: [Nexus][HC 0.7.8] lifecycle registered: direct Fabric Event API, no reflection
[20:06:15] [Render thread/INFO]: [STDOUT]: [capitale_rp_hud] Client receivers registered.
[20:06:15] [Render thread/INFO]: [STDOUT]: [capitale_rp_hud] HUD renderer registered.
[20:06:15] [Render thread/INFO]: [STDOUT]: [capitale_rp_hud] Character local GUI commands registered. v0.9.49-test40
[20:06:15] [Render thread/INFO]: [STDOUT]: [capitale_rp_hud] Character GUI tick registered. v0.9.49-test40
[20:06:15] [Render thread/INFO]: [STDOUT]: [capitale_rp_hud] Character GUI message/chat sync listener registered. v0.9.49-test40
[20:06:15] [Render thread/INFO]: [STDOUT]: [capitale_rp_hud] Character slot payload receiver registered. v0.9.49-test40
[20:06:15] [Render thread/INFO]: [STDOUT]: [capitale_rp_hud] BETA_1_1_56-human-preset-preview-safe initialized. clientTick=true mode=human-preview-no-cross-race-attach
[20:06:15] [Render thread/INFO]: [STDOUT]: [capitale_rp_hud] 1.2.8-skin-remote-sync client receiver registered.
[20:06:15] [Render thread/INFO]: [STDOUT]: [capitale_rp_hud] 1.2.8-skin-remote-sync client tick registered.
[20:06:15] [Render thread/INFO]: [Indigo] Different rendering plugin detected; not applying Indigo.
[20:06:16] [Render thread/INFO]: [STDOUT]: [LibGui] Initializing Client...
[20:06:16] [Render thread/INFO]: Backend library: LWJGL version 3.3.3-snapshot
[20:06:16] [Render thread/INFO]: Initializing ImmediatelyFast 1.14.2+1.21.11 on llvmpipe (LLVM 20.1.2, 256 bits) (Mesa) with OpenGL 4.5 (Core Profile) Mesa 25.1.7-1ubuntu2~24.04.2
[20:06:16] [Render thread/INFO]: OpenGL Vendor: Mesa
[20:06:16] [Render thread/INFO]: OpenGL Renderer: llvmpipe (LLVM 20.1.2, 256 bits)
[20:06:16] [Render thread/INFO]: OpenGL Version: 4.5 (Core Profile) Mesa 25.1.7-1ubuntu2~24.04.2
[20:06:16] [Render thread/INFO]: Using optional rendering extensions: GL_ARB_buffer_storage, GL_KHR_debug, GL_ARB_vertex_attrib_binding, GL_ARB_direct_state_access, GL_EXT_texture_filter_anisotropic
[20:06:17] [Download-2/ERROR]: Failed to fetch Realms feature flags
net.minecraft.class_4355: Realms service error (500) with message 'Could not connect to Realms: pc.realms.minecraft.net'
	at knot//net.minecraft.class_4341.method_20998(SourceFile:539)
	at knot//net.minecraft.class_4341.method_68466(SourceFile:186)
	at java.base/java.util.concurrent.CompletableFuture$AsyncSupply.run(CompletableFuture.java:1768)
	at java.base/java.util.concurrent.ThreadPoolExecutor.runWorker(ThreadPoolExecutor.java:1144)
	at java.base/java.util.concurrent.ThreadPoolExecutor$Worker.run(ThreadPoolExecutor.java:642)
	at java.base/java.lang.Thread.run(Thread.java:1583)
[20:06:17] [Render thread/INFO]: Reloading ResourceManager: vanilla, capitale_rp_hud, entityculling, fabric-api, fabric-api-base, fabric-api-lookup-api-v1, fabric-biome-api-v1, fabric-block-api-v1, fabric-block-view-api-v2, fabric-command-api-v2, fabric-content-registries-v0, fabric-convention-tags-v1, fabric-convention-tags-v2, fabric-crash-report-info-v1, fabric-data-attachment-api-v1, fabric-data-generation-api-v1, fabric-dimensions-v1, fabric-entity-events-v1, fabric-events-interaction-v0, fabric-game-rule-api-v1, fabric-item-api-v1, fabric-item-group-api-v1, fabric-key-binding-api-v1, fabric-lifecycle-events-v1, fabric-loot-api-v2, fabric-loot-api-v3, fabric-message-api-v1, fabric-model-loading-api-v1, fabric-networking-api-v1, fabric-object-builder-api-v1, fabric-particles-v1, fabric-recipe-api-v1, fabric-registry-sync-v0, fabric-renderer-api-v1, fabric-renderer-indigo, fabric-rendering-fluids-v1, fabric-rendering-v1, fabric-resource-conditions-api-v1, fabric-resource-loader-v0, fabric-resource-loader-v1, fabric-screen-api-v1, fabric-screen-handler-api-v1, fabric-serialization-api-v1, fabric-sound-api-v1, fabric-tag-api-v1, fabric-transfer-api-v1, fabric-transitive-access-wideners-v1, fabricloader, immediatelyfast, nexuscharacters, preview_harness, skinlayers3d, sodium, trender
[20:06:17] [Worker-Main-2/INFO]: Found unifont_all_no_pua-17.0.01.hex, loading
[20:06:17] [Worker-Main-7/INFO]: Found unifont_pua-17.0.01.hex, loading
[20:06:17] [Worker-Main-2/INFO]: Found unifont_jp_patch-17.0.01.hex, loading
[20:06:18] [Render thread/INFO]: OpenAL initialized on device No Output
[20:06:18] [Render thread/INFO]: Sound engine started
[20:06:18] [Render thread/INFO]: Created: 512x256x0 minecraft:textures/atlas/particles.png-atlas
[20:06:18] [Render thread/INFO]: Created: 128x128x0 minecraft:textures/atlas/decorated_pot.png-atlas
[20:06:18] [Render thread/INFO]: Created: 2048x1024x0 minecraft:textures/atlas/armor_trims.png-atlas
[20:06:18] [Render thread/INFO]: Created: 512x256x0 minecraft:textures/atlas/paintings.png-atlas
[20:06:18] [Render thread/INFO]: Created: 1024x512x0 minecraft:textures/atlas/shield_patterns.png-atlas
[20:06:18] [Render thread/INFO]: Created: 2048x2048x4 minecraft:textures/atlas/blocks.png-atlas
[20:06:18] [Render thread/INFO]: Created: 512x512x0 minecraft:textures/atlas/chest.png-atlas
[20:06:18] [Render thread/INFO]: Created: 256x128x0 minecraft:textures/atlas/celestials.png-atlas
[20:06:18] [Render thread/INFO]: Created: 1024x512x0 minecraft:textures/atlas/banner_patterns.png-atlas
[20:06:18] [Render thread/INFO]: Created: 512x512x0 minecraft:textures/atlas/beds.png-atlas
[20:06:18] [Render thread/INFO]: Created: 1024x512x0 minecraft:textures/atlas/items.png-atlas
[20:06:18] [Render thread/INFO]: Created: 1024x1024x0 minecraft:textures/atlas/gui.png-atlas
[20:06:18] [Render thread/INFO]: Created: 128x64x0 minecraft:textures/atlas/map_decorations.png-atlas
[20:06:18] [Render thread/INFO]: Created: 512x256x0 minecraft:textures/atlas/signs.png-atlas
[20:06:18] [Render thread/INFO]: Created: 512x512x0 minecraft:textures/atlas/shulker_boxes.png-atlas
[20:06:19] [Render thread/INFO]: [NexusCharacters] Couche oreilles/barbes enregistrée sur le renderer joueur
[20:06:19] [Render thread/INFO]: [NexusCharacters] Couche oreilles/barbes enregistrée sur le renderer joueur
[20:06:19] [Render thread/INFO]: [NexusCharacters] Couche oreilles/barbes enregistrée sur le renderer joueur
[20:06:19] [Render thread/INFO]: [NexusCharacters] Couche oreilles/barbes enregistrée sur le renderer joueur
[20:06:22] [Render thread/INFO]: [STDOUT]: [NexusCharacters][NativeLayers22] PREPARED path=preview basePaint=1430 outerVoxels=1441 hair=314 classicBeard=0
[NexusCharacters][EarMorph] READY build=0.960 anchor=0.960 pivotShift=0.000
[NexusCharacters][EarPreview] READY phase=back side=positive style=long yaw=30.00 tone=#F0D7BF texture=nexuscharacters:dynamic/ear_tone_f0d7bf depth=split-near-far
[NexusCharacters][EarPreview] READY phase=front side=negative style=long yaw=30.00 tone=#F0D7BF texture=nexuscharacters:dynamic/ear_tone_f0d7bf depth=split-near-far
[20:06:22] [Render thread/INFO]: Resizing Dynamic Transforms UBO, capacity limit of 2 reached during a single frame. New capacity will be 4.
[NexusCharacters][EarPreview] READY phase=back side=positive style=long yaw=30.00 tone=#F0D7BF texture=nexuscharacters:dynamic/ear_tone_f0d7bf depth=split-near-far
[NexusCharacters][EarPreview] READY phase=front side=negative style=long yaw=30.00 tone=#F0D7BF texture=nexuscharacters:dynamic/ear_tone_f0d7bf depth=split-near-far
[NexusCharacters][EarPreview] READY phase=back side=positive style=long yaw=30.00 tone=#F0D7BF texture=nexuscharacters:dynamic/ear_tone_f0d7bf depth=split-near-far
[NexusCharacters][EarPreview] READY phase=front side=negative style=long yaw=30.00 tone=#F0D7BF texture=nexuscharacters:dynamic/ear_tone_f0d7bf depth=split-near-far
[NexusCharacters][EarPreview] READY phase=back side=positive style=long yaw=30.00 tone=#F0D7BF texture=nexuscharacters:dynamic/ear_tone_f0d7bf depth=split-near-far
[NexusCharacters][EarPreview] READY phase=front side=negative style=long yaw=30.00 tone=#F0D7BF texture=nexuscharacters:dynamic/ear_tone_f0d7bf depth=split-near-far
[20:06:22] [Render thread/INFO]: [STDOUT]: REPORTED_CAPTURE world=false case=0 angle=0 drawnOuter=24
[NexusCharacters][EarPreview] READY phase=back side=positive style=long yaw=30.00 tone=#F0D7BF texture=nexuscharacters:dynamic/ear_tone_f0d7bf depth=split-near-far
[NexusCharacters][EarPreview] READY phase=front side=negative style=long yaw=30.00 tone=#F0D7BF texture=nexuscharacters:dynamic/ear_tone_f0d7bf depth=split-near-far
[NexusCharacters][EarPreview] READY phase=back side=positive style=long yaw=30.00 tone=#F0D7BF texture=nexuscharacters:dynamic/ear_tone_f0d7bf depth=split-near-far
[NexusCharacters][EarPreview] READY phase=front side=negative style=long yaw=30.00 tone=#F0D7BF texture=nexuscharacters:dynamic/ear_tone_f0d7bf depth=split-near-far
[NexusCharacters][EarPreview] READY phase=back side=positive style=long yaw=30.00 tone=#F0D7BF texture=nexuscharacters:dynamic/ear_tone_f0d7bf depth=split-near-far
[NexusCharacters][EarPreview] READY phase=front side=negative style=long yaw=30.00 tone=#F0D7BF texture=nexuscharacters:dynamic/ear_tone_f0d7bf depth=split-near-far
[NexusCharacters][EarPreview] READY phase=back side=positive style=long yaw=30.00 tone=#F0D7BF texture=nexuscharacters:dynamic/ear_tone_f0d7bf depth=split-near-far
[NexusCharacters][EarPreview] READY phase=front side=negative style=long yaw=30.00 tone=#F0D7BF texture=nexuscharacters:dynamic/ear_tone_f0d7bf depth=split-near-far
[NexusCharacters][EarPreview] READY phase=back side=positive style=long yaw=30.00 tone=#F0D7BF texture=nexuscharacters:dynamic/ear_tone_f0d7bf depth=split-near-far
[NexusCharacters][EarPreview] READY phase=front side=negative style=long yaw=30.00 tone=#F0D7BF texture=nexuscharacters:dynamic/ear_tone_f0d7bf depth=split-near-far
[NexusCharacters][EarPreview] READY phase=back side=positive style=long yaw=30.00 tone=#F0D7BF texture=nexuscharacters:dynamic/ear_tone_f0d7bf depth=split-near-far
[NexusCharacters][EarPreview] READY phase=front side=negative style=long yaw=30.00 tone=#F0D7BF texture=nexuscharacters:dynamic/ear_tone_f0d7bf depth=split-near-far
[20:06:23] [Render thread/INFO]: [STDOUT]: SUBMITTED_PART field_3394 pivot=0.0,0.0,0.0 scale=1.0,1.0,1.0 meshPose=0.0,0.0,0.0,0.0,0.0
[20:06:23] [Render thread/INFO]: [STDOUT]: SUBMITTED_PART field_3483 pivot=0.0,0.0,0.0 scale=1.0,1.0,1.0 meshPose=0.0,-0.2,0.0,0.0,0.0
[20:06:23] [Render thread/INFO]: [STDOUT]: SUBMITTED_PART field_3483 pivot=0.0,0.0,0.0 scale=1.0,1.0,1.0 meshPose=0.0,-0.2,0.0,0.0,0.0
[20:06:23] [Render thread/INFO]: [STDOUT]: SUBMITTED_PART field_3482 pivot=0.0,0.0,0.0 scale=1.0,1.0,1.0 meshPose=0.0,-0.2,0.0,0.0,0.0
[20:06:23] [Render thread/INFO]: [STDOUT]: SUBMITTED_PART field_3479 pivot=0.0,0.0,0.0 scale=1.0,1.0,1.0 meshPose=0.0,-0.2,0.0,0.0,0.0
[20:06:23] [Render thread/INFO]: [STDOUT]: SUBMITTED_PART field_3484 pivot=0.0,0.0,0.0 scale=1.0,1.0,1.0 meshPose=0.998,-0.1,0.0,0.0,0.0
[20:06:23] [Render thread/INFO]: [STDOUT]: SUBMITTED_PART field_3486 pivot=0.0,0.0,0.0 scale=1.0,1.0,1.0 meshPose=-0.998,-0.1,0.0,0.0,0.0
[20:06:23] [Render thread/INFO]: [STDOUT]: SUBMITTED_GEOMETRY_RESULT allLayerOverlaps=0 faces=1742
[20:06:23] [Render thread/INFO]: [STDOUT]: LOWER_UV_AND_RESTORE_PASS faces=36
[20:06:23] [Render thread/INFO]: [STDOUT]: SUBMITTED_PART field_3394 pivot=0.0,0.0,0.0 scale=1.0,1.0,1.0 meshPose=0.0,0.0,0.0,0.0,0.0
[20:06:23] [Render thread/INFO]: [STDOUT]: SUBMITTED_PART field_3483 pivot=0.0,0.0,0.0 scale=1.0,1.0,1.0 meshPose=0.0,-0.2,0.0,0.0,0.0
[20:06:23] [Render thread/INFO]: [STDOUT]: SUBMITTED_PART field_3483 pivot=0.0,0.0,0.0 scale=1.0,1.0,1.0 meshPose=0.0,-0.2,0.0,0.0,0.0
[20:06:23] [Render thread/INFO]: [STDOUT]: SUBMITTED_PART field_3482 pivot=0.0,0.0,0.0 scale=1.0,1.0,1.0 meshPose=0.0,-0.2,0.0,0.0,0.0
[20:06:23] [Render thread/INFO]: [STDOUT]: SUBMITTED_PART field_3479 pivot=0.0,0.0,0.0 scale=1.0,1.0,1.0 meshPose=0.0,-0.2,0.0,0.0,0.0
[20:06:23] [Render thread/INFO]: [STDOUT]: SUBMITTED_PART field_3484 pivot=0.0,0.0,0.0 scale=1.0,1.0,1.0 meshPose=0.0,0.0,0.0,0.0,0.0
[20:06:23] [Render thread/INFO]: [STDOUT]: SUBMITTED_PART field_3486 pivot=0.0,0.0,0.0 scale=1.0,1.0,1.0 meshPose=0.0,0.0,0.0,0.0,0.0
[20:06:23] [Render thread/INFO]: [STDOUT]: SUBMITTED_GEOMETRY_RESULT allLayerOverlaps=0 faces=1730
[20:06:23] [Render thread/INFO]: [STDOUT]: LOWER_UV_AND_RESTORE_PASS faces=36
[NexusCharacters][EarPreview] READY phase=back side=positive style=long yaw=90.00 tone=#F0D7BF texture=nexuscharacters:dynamic/ear_tone_f0d7bf depth=split-near-far
[NexusCharacters][EarPreview] READY phase=front side=negative style=long yaw=90.00 tone=#F0D7BF texture=nexuscharacters:dynamic/ear_tone_f0d7bf depth=split-near-far
[NexusCharacters][EarPreview] READY phase=back side=positive style=long yaw=90.00 tone=#F0D7BF texture=nexuscharacters:dynamic/ear_tone_f0d7bf depth=split-near-far
[NexusCharacters][EarPreview] READY phase=front side=negative style=long yaw=90.00 tone=#F0D7BF texture=nexuscharacters:dynamic/ear_tone_f0d7bf depth=split-near-far
[NexusCharacters][EarPreview] READY phase=back side=positive style=long yaw=90.00 tone=#F0D7BF texture=nexuscharacters:dynamic/ear_tone_f0d7bf depth=split-near-far
[NexusCharacters][EarPreview] READY phase=front side=negative style=long yaw=90.00 tone=#F0D7BF texture=nexuscharacters:dynamic/ear_tone_f0d7bf depth=split-near-far
[NexusCharacters][EarPreview] READY phase=back side=positive style=long yaw=90.00 tone=#F0D7BF texture=nexuscharacters:dynamic/ear_tone_f0d7bf depth=split-near-far
[NexusCharacters][EarPreview] READY phase=front side=negative style=long yaw=90.00 tone=#F0D7BF texture=nexuscharacters:dynamic/ear_tone_f0d7bf depth=split-near-far
[NexusCharacters][EarPreview] READY phase=back side=positive style=long yaw=90.00 tone=#F0D7BF texture=nexuscharacters:dynamic/ear_tone_f0d7bf depth=split-near-far
[NexusCharacters][EarPreview] READY phase=front side=negative style=long yaw=90.00 tone=#F0D7BF texture=nexuscharacters:dynamic/ear_tone_f0d7bf depth=split-near-far
[20:06:23] [Render thread/INFO]: [STDOUT]: REPORTED_CAPTURE world=false case=0 angle=1 drawnOuter=90
[NexusCharacters][EarPreview] READY phase=back side=positive style=long yaw=90.00 tone=#F0D7BF texture=nexuscharacters:dynamic/ear_tone_f0d7bf depth=split-near-far
[NexusCharacters][EarPreview] READY phase=front side=negative style=long yaw=90.00 tone=#F0D7BF texture=nexuscharacters:dynamic/ear_tone_f0d7bf depth=split-near-far
[NexusCharacters][EarPreview] READY phase=back side=positive style=long yaw=90.00 tone=#F0D7BF texture=nexuscharacters:dynamic/ear_tone_f0d7bf depth=split-near-far
[NexusCharacters][EarPreview] READY phase=front side=negative style=long yaw=90.00 tone=#F0D7BF texture=nexuscharacters:dynamic/ear_tone_f0d7bf depth=split-near-far
[NexusCharacters][EarPreview] READY phase=back side=positive style=long yaw=90.00 tone=#F0D7BF texture=nexuscharacters:dynamic/ear_tone_f0d7bf depth=split-near-far
[NexusCharacters][EarPreview] READY phase=front side=negative style=long yaw=90.00 tone=#F0D7BF texture=nexuscharacters:dynamic/ear_tone_f0d7bf depth=split-near-far
[NexusCharacters][EarPreview] READY phase=back side=positive style=long yaw=90.00 tone=#F0D7BF texture=nexuscharacters:dynamic/ear_tone_f0d7bf depth=split-near-far
[NexusCharacters][EarPreview] READY phase=front side=negative style=long yaw=90.00 tone=#F0D7BF texture=nexuscharacters:dynamic/ear_tone_f0d7bf depth=split-near-far
[NexusCharacters][EarPreview] READY phase=back side=positive style=long yaw=90.00 tone=#F0D7BF texture=nexuscharacters:dynamic/ear_tone_f0d7bf depth=split-near-far
[NexusCharacters][EarPreview] READY phase=front side=negative style=long yaw=90.00 tone=#F0D7BF texture=nexuscharacters:dynamic/ear_tone_f0d7bf depth=split-near-far
[NexusCharacters][EarPreview] READY phase=back side=positive style=long yaw=90.00 tone=#F0D7BF texture=nexuscharacters:dynamic/ear_tone_f0d7bf depth=split-near-far
[NexusCharacters][EarPreview] READY phase=front side=negative style=long yaw=90.00 tone=#F0D7BF texture=nexuscharacters:dynamic/ear_tone_f0d7bf depth=split-near-far
[NexusCharacters][EarPreview] READY phase=back side=negative style=long yaw=180.00 tone=#F0D7BF texture=nexuscharacters:dynamic/ear_tone_f0d7bf depth=split-near-far
[NexusCharacters][EarPreview] READY phase=front side=positive style=long yaw=180.00 tone=#F0D7BF texture=nexuscharacters:dynamic/ear_tone_f0d7bf depth=split-near-far
[NexusCharacters][EarPreview] READY phase=back side=negative style=long yaw=180.00 tone=#F0D7BF texture=nexuscharacters:dynamic/ear_tone_f0d7bf depth=split-near-far
[NexusCharacters][EarPreview] READY phase=front side=positive style=long yaw=180.00 tone=#F0D7BF texture=nexuscharacters:dynamic/ear_tone_f0d7bf depth=split-near-far
[NexusCharacters][EarPreview] READY phase=back side=negative style=long yaw=180.00 tone=#F0D7BF texture=nexuscharacters:dynamic/ear_tone_f0d7bf depth=split-near-far
[NexusCharacters][EarPreview] READY phase=front side=positive style=long yaw=180.00 tone=#F0D7BF texture=nexuscharacters:dynamic/ear_tone_f0d7bf depth=split-near-far
[NexusCharacters][EarPreview] READY phase=back side=negative style=long yaw=180.00 tone=#F0D7BF texture=nexuscharacters:dynamic/ear_tone_f0d7bf depth=split-near-far
[NexusCharacters][EarPreview] READY phase=front side=positive style=long yaw=180.00 tone=#F0D7BF texture=nexuscharacters:dynamic/ear_tone_f0d7bf depth=split-near-far
[NexusCharacters][EarPreview] READY phase=back side=negative style=long yaw=180.00 tone=#F0D7BF texture=nexuscharacters:dynamic/ear_tone_f0d7bf depth=split-near-far
[NexusCharacters][EarPreview] READY phase=front side=positive style=long yaw=180.00 tone=#F0D7BF texture=nexuscharacters:dynamic/ear_tone_f0d7bf depth=split-near-far
[NexusCharacters][EarPreview] READY phase=back side=negative style=long yaw=180.00 tone=#F0D7BF texture=nexuscharacters:dynamic/ear_tone_f0d7bf depth=split-near-far
[NexusCharacters][EarPreview] READY phase=front side=positive style=long yaw=180.00 tone=#F0D7BF texture=nexuscharacters:dynamic/ear_tone_f0d7bf depth=split-near-far
[NexusCharacters][EarPreview] READY phase=back side=negative style=long yaw=180.00 tone=#F0D7BF texture=nexuscharacters:dynamic/ear_tone_f0d7bf depth=split-near-far
[NexusCharacters][EarPreview] READY phase=front side=positive style=long yaw=180.00 tone=#F0D7BF texture=nexuscharacters:dynamic/ear_tone_f0d7bf depth=split-near-far
[NexusCharacters][EarPreview] READY phase=back side=negative style=long yaw=180.00 tone=#F0D7BF texture=nexuscharacters:dynamic/ear_tone_f0d7bf depth=split-near-far
[NexusCharacters][EarPreview] READY phase=front side=positive style=long yaw=180.00 tone=#F0D7BF texture=nexuscharacters:dynamic/ear_tone_f0d7bf depth=split-near-far
[NexusCharacters][EarPreview] READY phase=back side=negative style=long yaw=180.00 tone=#F0D7BF texture=nexuscharacters:dynamic/ear_tone_f0d7bf depth=split-near-far
[NexusCharacters][EarPreview] READY phase=front side=positive style=long yaw=180.00 tone=#F0D7BF texture=nexuscharacters:dynamic/ear_tone_f0d7bf depth=split-near-far
[20:06:24] [Render thread/INFO]: [STDOUT]: REPORTED_CAPTURE world=false case=0 angle=2 drawnOuter=180
[NexusCharacters][EarPreview] READY phase=back side=negative style=long yaw=180.00 tone=#F0D7BF texture=nexuscharacters:dynamic/ear_tone_f0d7bf depth=split-near-far
[NexusCharacters][EarPreview] READY phase=front side=positive style=long yaw=180.00 tone=#F0D7BF texture=nexuscharacters:dynamic/ear_tone_f0d7bf depth=split-near-far
[NexusCharacters][EarPreview] READY phase=back side=negative style=long yaw=180.00 tone=#F0D7BF texture=nexuscharacters:dynamic/ear_tone_f0d7bf depth=split-near-far
[NexusCharacters][EarPreview] READY phase=front side=positive style=long yaw=180.00 tone=#F0D7BF texture=nexuscharacters:dynamic/ear_tone_f0d7bf depth=split-near-far
[NexusCharacters][EarPreview] READY phase=back side=negative style=long yaw=180.00 tone=#F0D7BF texture=nexuscharacters:dynamic/ear_tone_f0d7bf depth=split-near-far
[NexusCharacters][EarPreview] READY phase=front side=positive style=long yaw=180.00 tone=#F0D7BF texture=nexuscharacters:dynamic/ear_tone_f0d7bf depth=split-near-far
[NexusCharacters][EarPreview] READY phase=back side=negative style=long yaw=180.00 tone=#F0D7BF texture=nexuscharacters:dynamic/ear_tone_f0d7bf depth=split-near-far
[NexusCharacters][EarPreview] READY phase=front side=positive style=long yaw=180.00 tone=#F0D7BF texture=nexuscharacters:dynamic/ear_tone_f0d7bf depth=split-near-far
[NexusCharacters][EarPreview] READY phase=back side=negative style=long yaw=180.00 tone=#F0D7BF texture=nexuscharacters:dynamic/ear_tone_f0d7bf depth=split-near-far
[NexusCharacters][EarPreview] READY phase=front side=positive style=long yaw=180.00 tone=#F0D7BF texture=nexuscharacters:dynamic/ear_tone_f0d7bf depth=split-near-far
[NexusCharacters][EarPreview] READY phase=back side=negative style=long yaw=180.00 tone=#F0D7BF texture=nexuscharacters:dynamic/ear_tone_f0d7bf depth=split-near-far
[NexusCharacters][EarPreview] READY phase=front side=positive style=long yaw=180.00 tone=#F0D7BF texture=nexuscharacters:dynamic/ear_tone_f0d7bf depth=split-near-far
[NexusCharacters][EarPreview] READY phase=back side=negative style=long yaw=180.00 tone=#F0D7BF texture=nexuscharacters:dynamic/ear_tone_f0d7bf depth=split-near-far
[NexusCharacters][EarPreview] READY phase=front side=positive style=long yaw=180.00 tone=#F0D7BF texture=nexuscharacters:dynamic/ear_tone_f0d7bf depth=split-near-far
[20:06:25] [Render thread/INFO]: [STDOUT]: [NexusCharacters][NativeLayers22] PREPARED path=preview basePaint=1434 outerVoxels=1443 hair=318 classicBeard=0
[NexusCharacters][EarPreview] READY phase=back side=positive style=long yaw=30.00 tone=#F0D7BF texture=nexuscharacters:dynamic/ear_tone_f0d7bf depth=split-near-far
[NexusCharacters][EarPreview] READY phase=front side=negative style=long yaw=30.00 tone=#F0D7BF texture=nexuscharacters:dynamic/ear_tone_f0d7bf depth=split-near-far
[NexusCharacters][EarPreview] READY phase=back side=positive style=long yaw=30.00 tone=#F0D7BF texture=nexuscharacters:dynamic/ear_tone_f0d7bf depth=split-near-far
[NexusCharacters][EarPreview] READY phase=front side=negative style=long yaw=30.00 tone=#F0D7BF texture=nexuscharacters:dynamic/ear_tone_f0d7bf depth=split-near-far
[NexusCharacters][EarPreview] READY phase=back side=positive style=long yaw=30.00 tone=#F0D7BF texture=nexuscharacters:dynamic/ear_tone_f0d7bf depth=split-near-far
[NexusCharacters][EarPreview] READY phase=front side=negative style=long yaw=30.00 tone=#F0D7BF texture=nexuscharacters:dynamic/ear_tone_f0d7bf depth=split-near-far
[NexusCharacters][EarPreview] READY phase=back side=positive style=long yaw=30.00 tone=#F0D7BF texture=nexuscharacters:dynamic/ear_tone_f0d7bf depth=split-near-far
[NexusCharacters][EarPreview] READY phase=front side=negative style=long yaw=30.00 tone=#F0D7BF texture=nexuscharacters:dynamic/ear_tone_f0d7bf depth=split-near-far
[NexusCharacters][EarPreview] READY phase=back side=positive style=long yaw=30.00 tone=#F0D7BF texture=nexuscharacters:dynamic/ear_tone_f0d7bf depth=split-near-far
[NexusCharacters][EarPreview] READY phase=front side=negative style=long yaw=30.00 tone=#F0D7BF texture=nexuscharacters:dynamic/ear_tone_f0d7bf depth=split-near-far
[NexusCharacters][EarPreview] READY phase=back side=positive style=long yaw=30.00 tone=#F0D7BF texture=nexuscharacters:dynamic/ear_tone_f0d7bf depth=split-near-far
[NexusCharacters][EarPreview] READY phase=front side=negative style=long yaw=30.00 tone=#F0D7BF texture=nexuscharacters:dynamic/ear_tone_f0d7bf depth=split-near-far
[NexusCharacters][EarPreview] READY phase=back side=positive style=long yaw=30.00 tone=#F0D7BF texture=nexuscharacters:dynamic/ear_tone_f0d7bf depth=split-near-far
[NexusCharacters][EarPreview] READY phase=front side=negative style=long yaw=30.00 tone=#F0D7BF texture=nexuscharacters:dynamic/ear_tone_f0d7bf depth=split-near-far
[20:06:25] [Render thread/INFO]: [STDOUT]: REPORTED_CAPTURE world=false case=1 angle=0 drawnOuter=264
[NexusCharacters][EarPreview] READY phase=back side=positive style=long yaw=30.00 tone=#F0D7BF texture=nexuscharacters:dynamic/ear_tone_f0d7bf depth=split-near-far
[NexusCharacters][EarPreview] READY phase=front side=negative style=long yaw=30.00 tone=#F0D7BF texture=nexuscharacters:dynamic/ear_tone_f0d7bf depth=split-near-far
[NexusCharacters][EarPreview] READY phase=back side=positive style=long yaw=30.00 tone=#F0D7BF texture=nexuscharacters:dynamic/ear_tone_f0d7bf depth=split-near-far
[NexusCharacters][EarPreview] READY phase=front side=negative style=long yaw=30.00 tone=#F0D7BF texture=nexuscharacters:dynamic/ear_tone_f0d7bf depth=split-near-far
[NexusCharacters][EarPreview] READY phase=back side=positive style=long yaw=30.00 tone=#F0D7BF texture=nexuscharacters:dynamic/ear_tone_f0d7bf depth=split-near-far
[NexusCharacters][EarPreview] READY phase=front side=negative style=long yaw=30.00 tone=#F0D7BF texture=nexuscharacters:dynamic/ear_tone_f0d7bf depth=split-near-far
[NexusCharacters][EarPreview] READY phase=back side=positive style=long yaw=30.00 tone=#F0D7BF texture=nexuscharacters:dynamic/ear_tone_f0d7bf depth=split-near-far
[NexusCharacters][EarPreview] READY phase=front side=negative style=long yaw=30.00 tone=#F0D7BF texture=nexuscharacters:dynamic/ear_tone_f0d7bf depth=split-near-far
[NexusCharacters][EarPreview] READY phase=back side=positive style=long yaw=30.00 tone=#F0D7BF texture=nexuscharacters:dynamic/ear_tone_f0d7bf depth=split-near-far
[NexusCharacters][EarPreview] READY phase=front side=negative style=long yaw=30.00 tone=#F0D7BF texture=nexuscharacters:dynamic/ear_tone_f0d7bf depth=split-near-far
[NexusCharacters][EarPreview] READY phase=back side=positive style=long yaw=30.00 tone=#F0D7BF texture=nexuscharacters:dynamic/ear_tone_f0d7bf depth=split-near-far
[NexusCharacters][EarPreview] READY phase=front side=negative style=long yaw=30.00 tone=#F0D7BF texture=nexuscharacters:dynamic/ear_tone_f0d7bf depth=split-near-far
[NexusCharacters][EarPreview] READY phase=back side=positive style=long yaw=30.00 tone=#F0D7BF texture=nexuscharacters:dynamic/ear_tone_f0d7bf depth=split-near-far
[NexusCharacters][EarPreview] READY phase=front side=negative style=long yaw=30.00 tone=#F0D7BF texture=nexuscharacters:dynamic/ear_tone_f0d7bf depth=split-near-far
[20:06:26] [Render thread/INFO]: [STDOUT]: SUBMITTED_PART field_3394 pivot=0.0,0.0,0.0 scale=1.0,1.0,1.0 meshPose=0.0,0.0,0.0,0.0,0.0
[20:06:26] [Render thread/INFO]: [STDOUT]: SUBMITTED_PART field_3483 pivot=0.0,0.0,0.0 scale=1.0,1.0,1.0 meshPose=0.0,-0.2,0.0,0.0,0.0
[20:06:26] [Render thread/INFO]: [STDOUT]: SUBMITTED_PART field_3483 pivot=0.0,0.0,0.0 scale=1.0,1.0,1.0 meshPose=0.0,-0.2,0.0,0.0,0.0
[20:06:26] [Render thread/INFO]: [STDOUT]: SUBMITTED_PART field_3482 pivot=0.0,0.0,0.0 scale=1.0,1.0,1.0 meshPose=0.0,-0.2,0.0,0.0,0.0
[20:06:26] [Render thread/INFO]: [STDOUT]: SUBMITTED_PART field_3479 pivot=0.0,0.0,0.0 scale=1.0,1.0,1.0 meshPose=0.0,-0.2,0.0,0.0,0.0
[20:06:26] [Render thread/INFO]: [STDOUT]: SUBMITTED_PART field_3484 pivot=0.0,0.0,0.0 scale=1.0,1.0,1.0 meshPose=0.998,-0.1,0.0,0.0,0.0
[20:06:26] [Render thread/INFO]: [STDOUT]: SUBMITTED_PART field_3486 pivot=0.0,0.0,0.0 scale=1.0,1.0,1.0 meshPose=-0.998,-0.1,0.0,0.0,0.0
[20:06:26] [Render thread/INFO]: [STDOUT]: SUBMITTED_GEOMETRY_RESULT allLayerOverlaps=0 faces=1761
[20:06:26] [Render thread/INFO]: [STDOUT]: LOWER_UV_AND_RESTORE_PASS faces=36
[20:06:26] [Render thread/INFO]: [STDOUT]: SUBMITTED_PART field_3394 pivot=0.0,0.0,0.0 scale=1.0,1.0,1.0 meshPose=0.0,0.0,0.0,0.0,0.0
[20:06:26] [Render thread/INFO]: [STDOUT]: SUBMITTED_PART field_3483 pivot=0.0,0.0,0.0 scale=1.0,1.0,1.0 meshPose=0.0,-0.2,0.0,0.0,0.0
[20:06:26] [Render thread/INFO]: [STDOUT]: SUBMITTED_PART field_3483 pivot=0.0,0.0,0.0 scale=1.0,1.0,1.0 meshPose=0.0,-0.2,0.0,0.0,0.0
[20:06:26] [Render thread/INFO]: [STDOUT]: SUBMITTED_PART field_3482 pivot=0.0,0.0,0.0 scale=1.0,1.0,1.0 meshPose=0.0,-0.2,0.0,0.0,0.0
[20:06:26] [Render thread/INFO]: [STDOUT]: SUBMITTED_PART field_3479 pivot=0.0,0.0,0.0 scale=1.0,1.0,1.0 meshPose=0.0,-0.2,0.0,0.0,0.0
[20:06:26] [Render thread/INFO]: [STDOUT]: SUBMITTED_PART field_3484 pivot=0.0,0.0,0.0 scale=1.0,1.0,1.0 meshPose=0.0,0.0,0.0,0.0,0.0
[20:06:26] [Render thread/INFO]: [STDOUT]: SUBMITTED_PART field_3486 pivot=0.0,0.0,0.0 scale=1.0,1.0,1.0 meshPose=0.0,0.0,0.0,0.0,0.0
[20:06:26] [Render thread/INFO]: [STDOUT]: SUBMITTED_GEOMETRY_RESULT allLayerOverlaps=0 faces=1749
[20:06:26] [Render thread/INFO]: [STDOUT]: LOWER_UV_AND_RESTORE_PASS faces=36
[NexusCharacters][EarPreview] READY phase=back side=positive style=long yaw=90.00 tone=#F0D7BF texture=nexuscharacters:dynamic/ear_tone_f0d7bf depth=split-near-far
[NexusCharacters][EarPreview] READY phase=front side=negative style=long yaw=90.00 tone=#F0D7BF texture=nexuscharacters:dynamic/ear_tone_f0d7bf depth=split-near-far
[NexusCharacters][EarPreview] READY phase=back side=positive style=long yaw=90.00 tone=#F0D7BF texture=nexuscharacters:dynamic/ear_tone_f0d7bf depth=split-near-far
[NexusCharacters][EarPreview] READY phase=front side=negative style=long yaw=90.00 tone=#F0D7BF texture=nexuscharacters:dynamic/ear_tone_f0d7bf depth=split-near-far
[NexusCharacters][EarPreview] READY phase=back side=positive style=long yaw=90.00 tone=#F0D7BF texture=nexuscharacters:dynamic/ear_tone_f0d7bf depth=split-near-far
[NexusCharacters][EarPreview] READY phase=front side=negative style=long yaw=90.00 tone=#F0D7BF texture=nexuscharacters:dynamic/ear_tone_f0d7bf depth=split-near-far
[NexusCharacters][EarPreview] READY phase=back side=positive style=long yaw=90.00 tone=#F0D7BF texture=nexuscharacters:dynamic/ear_tone_f0d7bf depth=split-near-far
[NexusCharacters][EarPreview] READY phase=front side=negative style=long yaw=90.00 tone=#F0D7BF texture=nexuscharacters:dynamic/ear_tone_f0d7bf depth=split-near-far
[NexusCharacters][EarPreview] READY phase=back side=positive style=long yaw=90.00 tone=#F0D7BF texture=nexuscharacters:dynamic/ear_tone_f0d7bf depth=split-near-far
[NexusCharacters][EarPreview] READY phase=front side=negative style=long yaw=90.00 tone=#F0D7BF texture=nexuscharacters:dynamic/ear_tone_f0d7bf depth=split-near-far
[NexusCharacters][EarPreview] READY phase=back side=positive style=long yaw=90.00 tone=#F0D7BF texture=nexuscharacters:dynamic/ear_tone_f0d7bf depth=split-near-far
[NexusCharacters][EarPreview] READY phase=front side=negative style=long yaw=90.00 tone=#F0D7BF texture=nexuscharacters:dynamic/ear_tone_f0d7bf depth=split-near-far
[NexusCharacters][EarPreview] READY phase=back side=positive style=long yaw=90.00 tone=#F0D7BF texture=nexuscharacters:dynamic/ear_tone_f0d7bf depth=split-near-far
[NexusCharacters][EarPreview] READY phase=front side=negative style=long yaw=90.00 tone=#F0D7BF texture=nexuscharacters:dynamic/ear_tone_f0d7bf depth=split-near-far
[NexusCharacters][EarPreview] READY phase=back side=positive style=long yaw=90.00 tone=#F0D7BF texture=nexuscharacters:dynamic/ear_tone_f0d7bf depth=split-near-far
[NexusCharacters][EarPreview] READY phase=front side=negative style=long yaw=90.00 tone=#F0D7BF texture=nexuscharacters:dynamic/ear_tone_f0d7bf depth=split-near-far
[NexusCharacters][EarPreview] READY phase=back side=positive style=long yaw=90.00 tone=#F0D7BF texture=nexuscharacters:dynamic/ear_tone_f0d7bf depth=split-near-far
[NexusCharacters][EarPreview] READY phase=front side=negative style=long yaw=90.00 tone=#F0D7BF texture=nexuscharacters:dynamic/ear_tone_f0d7bf depth=split-near-far
[20:06:26] [Render thread/INFO]: [STDOUT]: REPORTED_CAPTURE world=false case=1 angle=1 drawnOuter=360
[NexusCharacters][EarPreview] READY phase=back side=positive style=long yaw=90.00 tone=#F0D7BF texture=nexuscharacters:dynamic/ear_tone_f0d7bf depth=split-near-far
[NexusCharacters][EarPreview] READY phase=front side=negative style=long yaw=90.00 tone=#F0D7BF texture=nexuscharacters:dynamic/ear_tone_f0d7bf depth=split-near-far
[NexusCharacters][EarPreview] READY phase=back side=positive style=long yaw=90.00 tone=#F0D7BF texture=nexuscharacters:dynamic/ear_tone_f0d7bf depth=split-near-far
[NexusCharacters][EarPreview] READY phase=front side=negative style=long yaw=90.00 tone=#F0D7BF texture=nexuscharacters:dynamic/ear_tone_f0d7bf depth=split-near-far
[NexusCharacters][EarPreview] READY phase=back side=positive style=long yaw=90.00 tone=#F0D7BF texture=nexuscharacters:dynamic/ear_tone_f0d7bf depth=split-near-far
[NexusCharacters][EarPreview] READY phase=front side=negative style=long yaw=90.00 tone=#F0D7BF texture=nexuscharacters:dynamic/ear_tone_f0d7bf depth=split-near-far
[NexusCharacters][EarPreview] READY phase=back side=positive style=long yaw=90.00 tone=#F0D7BF texture=nexuscharacters:dynamic/ear_tone_f0d7bf depth=split-near-far
[NexusCharacters][EarPreview] READY phase=front side=negative style=long yaw=90.00 tone=#F0D7BF texture=nexuscharacters:dynamic/ear_tone_f0d7bf depth=split-near-far
[NexusCharacters][EarPreview] READY phase=back side=positive style=long yaw=90.00 tone=#F0D7BF texture=nexuscharacters:dynamic/ear_tone_f0d7bf depth=split-near-far
[NexusCharacters][EarPreview] READY phase=front side=negative style=long yaw=90.00 tone=#F0D7BF texture=nexuscharacters:dynamic/ear_tone_f0d7bf depth=split-near-far
[NexusCharacters][EarPreview] READY phase=back side=positive style=long yaw=90.00 tone=#F0D7BF texture=nexuscharacters:dynamic/ear_tone_f0d7bf depth=split-near-far
[NexusCharacters][EarPreview] READY phase=front side=negative style=long yaw=90.00 tone=#F0D7BF texture=nexuscharacters:dynamic/ear_tone_f0d7bf depth=split-near-far
[NexusCharacters][EarPreview] READY phase=back side=negative style=long yaw=180.00 tone=#F0D7BF texture=nexuscharacters:dynamic/ear_tone_f0d7bf depth=split-near-far
[NexusCharacters][EarPreview] READY phase=front side=positive style=long yaw=180.00 tone=#F0D7BF texture=nexuscharacters:dynamic/ear_tone_f0d7bf depth=split-near-far
[NexusCharacters][EarPreview] READY phase=back side=negative style=long yaw=180.00 tone=#F0D7BF texture=nexuscharacters:dynamic/ear_tone_f0d7bf depth=split-near-far
[NexusCharacters][EarPreview] READY phase=front side=positive style=long yaw=180.00 tone=#F0D7BF texture=nexuscharacters:dynamic/ear_tone_f0d7bf depth=split-near-far
[NexusCharacters][EarPreview] READY phase=back side=negative style=long yaw=180.00 tone=#F0D7BF texture=nexuscharacters:dynamic/ear_tone_f0d7bf depth=split-near-far
[NexusCharacters][EarPreview] READY phase=front side=positive style=long yaw=180.00 tone=#F0D7BF texture=nexuscharacters:dynamic/ear_tone_f0d7bf depth=split-near-far
[NexusCharacters][EarPreview] READY phase=back side=negative style=long yaw=180.00 tone=#F0D7BF texture=nexuscharacters:dynamic/ear_tone_f0d7bf depth=split-near-far
[NexusCharacters][EarPreview] READY phase=front side=positive style=long yaw=180.00 tone=#F0D7BF texture=nexuscharacters:dynamic/ear_tone_f0d7bf depth=split-near-far
[NexusCharacters][EarPreview] READY phase=back side=negative style=long yaw=180.00 tone=#F0D7BF texture=nexuscharacters:dynamic/ear_tone_f0d7bf depth=split-near-far
[NexusCharacters][EarPreview] READY phase=front side=positive style=long yaw=180.00 tone=#F0D7BF texture=nexuscharacters:dynamic/ear_tone_f0d7bf depth=split-near-far
[NexusCharacters][EarPreview] READY phase=back side=negative style=long yaw=180.00 tone=#F0D7BF texture=nexuscharacters:dynamic/ear_tone_f0d7bf depth=split-near-far
[NexusCharacters][EarPreview] READY phase=front side=positive style=long yaw=180.00 tone=#F0D7BF texture=nexuscharacters:dynamic/ear_tone_f0d7bf depth=split-near-far
[NexusCharacters][EarPreview] READY phase=back side=negative style=long yaw=180.00 tone=#F0D7BF texture=nexuscharacters:dynamic/ear_tone_f0d7bf depth=split-near-far
[NexusCharacters][EarPreview] READY phase=front side=positive style=long yaw=180.00 tone=#F0D7BF texture=nexuscharacters:dynamic/ear_tone_f0d7bf depth=split-near-far
[NexusCharacters][EarPreview] READY phase=back side=negative style=long yaw=180.00 tone=#F0D7BF texture=nexuscharacters:dynamic/ear_tone_f0d7bf depth=split-near-far
[NexusCharacters][EarPreview] READY phase=front side=positive style=long yaw=180.00 tone=#F0D7BF texture=nexuscharacters:dynamic/ear_tone_f0d7bf depth=split-near-far
[NexusCharacters][EarPreview] READY phase=back side=negative style=long yaw=180.00 tone=#F0D7BF texture=nexuscharacters:dynamic/ear_tone_f0d7bf depth=split-near-far
[NexusCharacters][EarPreview] READY phase=front side=positive style=long yaw=180.00 tone=#F0D7BF texture=nexuscharacters:dynamic/ear_tone_f0d7bf depth=split-near-far
[NexusCharacters][EarPreview] READY phase=back side=negative style=long yaw=180.00 tone=#F0D7BF texture=nexuscharacters:dynamic/ear_tone_f0d7bf depth=split-near-far
[NexusCharacters][EarPreview] READY phase=front side=positive style=long yaw=180.00 tone=#F0D7BF texture=nexuscharacters:dynamic/ear_tone_f0d7bf depth=split-near-far
[NexusCharacters][EarPreview] READY phase=back side=negative style=long yaw=180.00 tone=#F0D7BF texture=nexuscharacters:dynamic/ear_tone_f0d7bf depth=split-near-far
[NexusCharacters][EarPreview] READY phase=front side=positive style=long yaw=180.00 tone=#F0D7BF texture=nexuscharacters:dynamic/ear_tone_f0d7bf depth=split-near-far
[20:06:27] [Render thread/INFO]: [STDOUT]: REPORTED_CAPTURE world=false case=1 angle=2 drawnOuter=462
[NexusCharacters][EarPreview] READY phase=back side=negative style=long yaw=180.00 tone=#F0D7BF texture=nexuscharacters:dynamic/ear_tone_f0d7bf depth=split-near-far
[NexusCharacters][EarPreview] READY phase=front side=positive style=long yaw=180.00 tone=#F0D7BF texture=nexuscharacters:dynamic/ear_tone_f0d7bf depth=split-near-far
[NexusCharacters][EarPreview] READY phase=back side=negative style=long yaw=180.00 tone=#F0D7BF texture=nexuscharacters:dynamic/ear_tone_f0d7bf depth=split-near-far
[NexusCharacters][EarPreview] READY phase=front side=positive style=long yaw=180.00 tone=#F0D7BF texture=nexuscharacters:dynamic/ear_tone_f0d7bf depth=split-near-far
[NexusCharacters][EarPreview] READY phase=back side=negative style=long yaw=180.00 tone=#F0D7BF texture=nexuscharacters:dynamic/ear_tone_f0d7bf depth=split-near-far
[NexusCharacters][EarPreview] READY phase=front side=positive style=long yaw=180.00 tone=#F0D7BF texture=nexuscharacters:dynamic/ear_tone_f0d7bf depth=split-near-far
[NexusCharacters][EarPreview] READY phase=back side=negative style=long yaw=180.00 tone=#F0D7BF texture=nexuscharacters:dynamic/ear_tone_f0d7bf depth=split-near-far
[NexusCharacters][EarPreview] READY phase=front side=positive style=long yaw=180.00 tone=#F0D7BF texture=nexuscharacters:dynamic/ear_tone_f0d7bf depth=split-near-far
[NexusCharacters][EarPreview] READY phase=back side=negative style=long yaw=180.00 tone=#F0D7BF texture=nexuscharacters:dynamic/ear_tone_f0d7bf depth=split-near-far
[NexusCharacters][EarPreview] READY phase=front side=positive style=long yaw=180.00 tone=#F0D7BF texture=nexuscharacters:dynamic/ear_tone_f0d7bf depth=split-near-far
[NexusCharacters][EarPreview] READY phase=back side=negative style=long yaw=180.00 tone=#F0D7BF texture=nexuscharacters:dynamic/ear_tone_f0d7bf depth=split-near-far
[NexusCharacters][EarPreview] READY phase=front side=positive style=long yaw=180.00 tone=#F0D7BF texture=nexuscharacters:dynamic/ear_tone_f0d7bf depth=split-near-far
[20:06:28] [Render thread/INFO]: [STDOUT]: [NexusCharacters][NativeLayers22] PREPARED path=preview basePaint=1436 outerVoxels=1445 hair=302 classicBeard=18
[20:06:28] [Render thread/INFO]: [STDOUT]: REPORTED_CAPTURE world=false case=2 angle=0 drawnOuter=534
[20:06:29] [Render thread/INFO]: [STDOUT]: SUBMITTED_PART field_3394 pivot=0.0,0.0,0.0 scale=1.0,1.0,1.0 meshPose=0.0,0.0,0.0,0.0,0.0
[20:06:29] [Render thread/INFO]: [STDOUT]: SUBMITTED_PART field_3394 pivot=0.0,0.0,0.0 scale=1.0,1.0,1.0 meshPose=0.0,0.0,0.0,0.0,0.0
[20:06:29] [Render thread/INFO]: [STDOUT]: SUBMITTED_PART field_3483 pivot=0.0,0.0,0.0 scale=1.0,1.0,1.0 meshPose=0.0,-0.2,0.0,0.0,0.0
[20:06:29] [Render thread/INFO]: [STDOUT]: SUBMITTED_PART field_3483 pivot=0.0,0.0,0.0 scale=1.0,1.0,1.0 meshPose=0.0,-0.2,0.0,0.0,0.0
[20:06:29] [Render thread/INFO]: [STDOUT]: SUBMITTED_PART field_3482 pivot=0.0,0.0,0.0 scale=1.0,1.0,1.0 meshPose=0.0,-0.2,0.0,0.0,0.0
[20:06:29] [Render thread/INFO]: [STDOUT]: SUBMITTED_PART field_3479 pivot=0.0,0.0,0.0 scale=1.0,1.0,1.0 meshPose=0.0,-0.2,0.0,0.0,0.0
[20:06:29] [Render thread/INFO]: [STDOUT]: SUBMITTED_PART field_3484 pivot=0.0,0.0,0.0 scale=1.0,1.0,1.0 meshPose=0.998,-0.1,0.0,0.0,0.0
[20:06:29] [Render thread/INFO]: [STDOUT]: SUBMITTED_PART field_3486 pivot=0.0,0.0,0.0 scale=1.0,1.0,1.0 meshPose=-0.998,-0.1,0.0,0.0,0.0
[20:06:29] [Render thread/INFO]: [STDOUT]: SUBMITTED_GEOMETRY_RESULT allLayerOverlaps=0 faces=1704
[20:06:29] [Render thread/INFO]: [STDOUT]: LOWER_UV_AND_RESTORE_PASS faces=36
[20:06:29] [Render thread/INFO]: [STDOUT]: SUBMITTED_PART field_3394 pivot=0.0,0.0,0.0 scale=1.0,1.0,1.0 meshPose=0.0,0.0,0.0,0.0,0.0
[20:06:29] [Render thread/INFO]: [STDOUT]: SUBMITTED_PART field_3394 pivot=0.0,0.0,0.0 scale=1.0,1.0,1.0 meshPose=0.0,0.0,0.0,0.0,0.0
[20:06:29] [Render thread/INFO]: [STDOUT]: SUBMITTED_PART field_3483 pivot=0.0,0.0,0.0 scale=1.0,1.0,1.0 meshPose=0.0,-0.2,0.0,0.0,0.0
[20:06:29] [Render thread/INFO]: [STDOUT]: SUBMITTED_PART field_3483 pivot=0.0,0.0,0.0 scale=1.0,1.0,1.0 meshPose=0.0,-0.2,0.0,0.0,0.0
[20:06:29] [Render thread/INFO]: [STDOUT]: SUBMITTED_PART field_3482 pivot=0.0,0.0,0.0 scale=1.0,1.0,1.0 meshPose=0.0,-0.2,0.0,0.0,0.0
[20:06:29] [Render thread/INFO]: [STDOUT]: SUBMITTED_PART field_3479 pivot=0.0,0.0,0.0 scale=1.0,1.0,1.0 meshPose=0.0,-0.2,0.0,0.0,0.0
[20:06:29] [Render thread/INFO]: [STDOUT]: SUBMITTED_PART field_3484 pivot=0.0,0.0,0.0 scale=1.0,1.0,1.0 meshPose=0.0,0.0,0.0,0.0,0.0
[20:06:29] [Render thread/INFO]: [STDOUT]: SUBMITTED_PART field_3486 pivot=0.0,0.0,0.0 scale=1.0,1.0,1.0 meshPose=0.0,0.0,0.0,0.0,0.0
[20:06:29] [Render thread/INFO]: [STDOUT]: SUBMITTED_GEOMETRY_RESULT allLayerOverlaps=0 faces=1692
[20:06:29] [Render thread/INFO]: [STDOUT]: LOWER_UV_AND_RESTORE_PASS faces=36
[20:06:29] [Render thread/INFO]: [STDOUT]: REPORTED_CAPTURE world=false case=2 angle=1 drawnOuter=642
[20:06:30] [Render thread/INFO]: [STDOUT]: REPORTED_CAPTURE world=false case=2 angle=2 drawnOuter=762
[20:06:31] [Render thread/INFO]: [STDOUT]: [NexusCharacters][NativeLayers22] PREPARED path=preview basePaint=1434 outerVoxels=1443 hair=312 classicBeard=6
[20:06:31] [Render thread/INFO]: [STDOUT]: REPORTED_CAPTURE world=false case=3 angle=0 drawnOuter=876
[20:06:32] [Render thread/INFO]: [STDOUT]: SUBMITTED_PART field_3394 pivot=0.0,0.0,0.0 scale=1.0,1.0,1.0 meshPose=0.0,0.0,0.0,0.0,0.0
[20:06:32] [Render thread/INFO]: [STDOUT]: SUBMITTED_PART field_3394 pivot=0.0,0.0,0.0 scale=1.0,1.0,1.0 meshPose=0.0,0.0,0.0,0.0,0.0
[20:06:32] [Render thread/INFO]: [STDOUT]: SUBMITTED_PART field_3483 pivot=0.0,0.0,0.0 scale=1.0,1.0,1.0 meshPose=0.0,-0.2,0.0,0.0,0.0
[20:06:32] [Render thread/INFO]: [STDOUT]: SUBMITTED_PART field_3483 pivot=0.0,0.0,0.0 scale=1.0,1.0,1.0 meshPose=0.0,-0.2,0.0,0.0,0.0
[20:06:32] [Render thread/INFO]: [STDOUT]: SUBMITTED_PART field_3482 pivot=0.0,0.0,0.0 scale=1.0,1.0,1.0 meshPose=0.0,-0.2,0.0,0.0,0.0
[20:06:32] [Render thread/INFO]: [STDOUT]: SUBMITTED_PART field_3479 pivot=0.0,0.0,0.0 scale=1.0,1.0,1.0 meshPose=0.0,-0.2,0.0,0.0,0.0
[20:06:32] [Render thread/INFO]: [STDOUT]: SUBMITTED_PART field_3484 pivot=0.0,0.0,0.0 scale=1.0,1.0,1.0 meshPose=0.998,-0.1,0.0,0.0,0.0
[20:06:32] [Render thread/INFO]: [STDOUT]: SUBMITTED_PART field_3486 pivot=0.0,0.0,0.0 scale=1.0,1.0,1.0 meshPose=-0.998,-0.1,0.0,0.0,0.0
[20:06:32] [Render thread/INFO]: [STDOUT]: SUBMITTED_GEOMETRY_RESULT allLayerOverlaps=0 faces=1640
[20:06:32] [Render thread/INFO]: [STDOUT]: LOWER_UV_AND_RESTORE_PASS faces=36
[20:06:32] [Render thread/INFO]: [STDOUT]: SUBMITTED_PART field_3394 pivot=0.0,0.0,0.0 scale=1.0,1.0,1.0 meshPose=0.0,0.0,0.0,0.0,0.0
[20:06:32] [Render thread/INFO]: [STDOUT]: SUBMITTED_PART field_3394 pivot=0.0,0.0,0.0 scale=1.0,1.0,1.0 meshPose=0.0,0.0,0.0,0.0,0.0
[20:06:32] [Render thread/INFO]: [STDOUT]: SUBMITTED_PART field_3483 pivot=0.0,0.0,0.0 scale=1.0,1.0,1.0 meshPose=0.0,-0.2,0.0,0.0,0.0
[20:06:32] [Render thread/INFO]: [STDOUT]: SUBMITTED_PART field_3483 pivot=0.0,0.0,0.0 scale=1.0,1.0,1.0 meshPose=0.0,-0.2,0.0,0.0,0.0
[20:06:32] [Render thread/INFO]: [STDOUT]: SUBMITTED_PART field_3482 pivot=0.0,0.0,0.0 scale=1.0,1.0,1.0 meshPose=0.0,-0.2,0.0,0.0,0.0
[20:06:32] [Render thread/INFO]: [STDOUT]: SUBMITTED_PART field_3479 pivot=0.0,0.0,0.0 scale=1.0,1.0,1.0 meshPose=0.0,-0.2,0.0,0.0,0.0
[20:06:32] [Render thread/INFO]: [STDOUT]: SUBMITTED_PART field_3484 pivot=0.0,0.0,0.0 scale=1.0,1.0,1.0 meshPose=0.499,-0.1,0.0,0.0,0.0
[20:06:32] [Render thread/INFO]: [STDOUT]: SUBMITTED_PART field_3486 pivot=0.0,0.0,0.0 scale=1.0,1.0,1.0 meshPose=-0.499,-0.1,0.0,0.0,0.0
[20:06:32] [Render thread/INFO]: [STDOUT]: SUBMITTED_GEOMETRY_RESULT allLayerOverlaps=0 faces=1628
[20:06:32] [Render thread/INFO]: [STDOUT]: LOWER_UV_AND_RESTORE_PASS faces=36
[20:06:32] [Render thread/INFO]: [STDOUT]: REPORTED_CAPTURE world=false case=3 angle=1 drawnOuter=990
[20:06:33] [Render thread/INFO]: [STDOUT]: REPORTED_CAPTURE world=false case=3 angle=2 drawnOuter=1116
[20:06:34] [Render thread/INFO]: [STDOUT]: ACTUAL_START_WORLD
[20:06:34] [Render thread/INFO]: Found new data pack capitale_rp_hud, loading it automatically
[20:06:34] [Render thread/INFO]: Found new data pack fabric-convention-tags-v2, loading it automatically
[20:06:35] [Render thread/INFO]: Loaded 1470 recipes
[20:06:35] [Render thread/INFO]: Loaded 1584 advancements
[20:06:35] [Render thread/INFO]: Applied 0 biome modifications to 0 of 65 new biomes in 1.525 ms
[20:06:35] [Server thread/INFO]: Starting integrated minecraft server version 1.21.11
[20:06:35] [Server thread/INFO]: Generating keypair
[20:06:35] [Server thread/INFO]: Selecting global world spawn...
[20:06:36] [Server thread/INFO]: Loading 0 persistent chunks...
[20:06:36] [Server thread/INFO]: Preparing spawn area: 16%
[20:06:36] [Server thread/INFO]: [Nexus] Server started — saveinterval = 6000t (300 s)
[20:06:36] [Render thread/WARN]: Failed to find a usable hardware address from the network interfaces; using random bytes: 85:30:0c:b3:67:be:68:52
[20:06:36] [Server thread/INFO]: Loading 48 chunks for player spawn...
[20:06:36] [Server thread/INFO]: Preparing spawn area: 16%
[20:06:36] [Server thread/INFO]: Time elapsed: 937 ms
[20:06:36] [Server thread/INFO]: [Nexus] prepareCharacterData: player=PRE20Test singleplayer/host charId=null
[20:06:36] [Server thread/INFO]: [Nexus] prepareCharacterData: player=PRE20Test singleplayer/host charId=null
[20:06:37] [Server thread/INFO]: PRE20Test[local:E:9ab85054] logged in with entity id 1 at (-4.5, -60.0, -2.5)
[20:06:37] [Server thread/INFO]: [Nexus] JOIN event for PRE20Test (uuid=00000000-0000-0000-0000-000000000001) dedicated=false
[20:06:37] [Server thread/INFO]: [Nexus] JOIN: singleplayer/LAN host PRE20Test, selectedCharacter=null
[20:06:37] [Server thread/WARN]: [Nexus] applyCharacterData: no character for PRE20Test
[20:06:37] [Server thread/INFO]: PRE20Test joined the game
[20:06:37] [Server thread/INFO]: Changing view distance to 16, from 10
[20:06:37] [Server thread/INFO]: Changing simulation distance to 12, from 0
[20:06:37] [Render thread/INFO]: Started 2 worker threads
[20:06:37] [Render thread/WARN]: Ignoring chat session from PRE20Test due to missing Services public key
[20:06:37] [Render thread/INFO]: Loaded 2 advancements
[20:06:37] [Render thread/INFO]: [STDOUT]: [capitale_rp_hud] BETA_1_1_48-preview-ui-live-skin FORCE_RENDER_SKIN mode=minecraft_account raceId=1 idx=0 previewContext=false
[20:06:37] [Render thread/INFO]: [STDOUT]: [capitale_rp_hud] BETA_1_1_48-first-person-arm-fallback FIRST_PERSON_RENDERER_ARM_SKIN_NULL arm=right-renderer-fallback original=minecraft:textures/entity/player/slim/ari.png
[20:06:37] [Render thread/INFO]: Resizing Dynamic Transforms UBO, capacity limit of 4 reached during a single frame. New capacity will be 8.
[20:06:38] [Render thread/INFO]: [STDOUT]: [capitale_rp_hud] BETA_1_2_2-root-grounding-race-tuned: scale=1.0/1.0/1.0
[20:06:38] [Render thread/INFO]: [STDOUT]: [NexusCharacters][NativeLayers22] PREPARED path=world basePaint=1430 outerVoxels=1441 hair=314 classicBeard=0
[20:06:38] [Render thread/INFO]: [NexusCharacters] Cosmétiques 3D visibles et opaques (oreilles=long, barbe=none)
[20:06:38] [Server thread/INFO]: Saving and pausing game...
[20:06:38] [Server thread/INFO]: Saving chunks for level 'ServerLevel[Reported regression]'/minecraft:overworld
[20:06:38] [Server thread/INFO]: Saving chunks for level 'ServerLevel[Reported regression]'/minecraft:the_end
[20:06:38] [Server thread/INFO]: Saving chunks for level 'ServerLevel[Reported regression]'/minecraft:the_nether
[20:06:38] [Render thread/INFO]: [STDOUT]: REPORTED_CAPTURE world=true case=0 angle=0 drawnOuter=1188
[20:06:39] [Render thread/INFO]: [STDOUT]: SUBMITTED_PART field_3394 pivot=0.0,0.0,0.0 scale=1.0,1.0,1.0 meshPose=0.0,0.0,0.0,0.0,0.0
[20:06:39] [Render thread/INFO]: [STDOUT]: SUBMITTED_PART field_3483 pivot=0.0,0.0,0.0 scale=1.0,1.0,1.0 meshPose=0.0,-0.2,0.0,0.0,0.0
[20:06:39] [Render thread/INFO]: [STDOUT]: SUBMITTED_PART field_3483 pivot=0.0,0.0,0.0 scale=1.0,1.0,1.0 meshPose=0.0,-0.2,0.0,0.0,0.0
[20:06:39] [Render thread/INFO]: [STDOUT]: SUBMITTED_PART field_3482 pivot=0.0,0.0,0.0 scale=1.0,1.0,1.0 meshPose=0.0,-0.2,0.0,0.0,0.0
[20:06:39] [Render thread/INFO]: [STDOUT]: SUBMITTED_PART field_3479 pivot=0.0,0.0,0.0 scale=1.0,1.0,1.0 meshPose=0.0,-0.2,0.0,0.0,0.0
[20:06:39] [Render thread/INFO]: [STDOUT]: SUBMITTED_PART field_3484 pivot=0.0,0.0,0.0 scale=1.0,1.0,1.0 meshPose=0.998,-0.1,0.0,0.0,0.0
[20:06:39] [Render thread/INFO]: [STDOUT]: SUBMITTED_PART field_3486 pivot=0.0,0.0,0.0 scale=1.0,1.0,1.0 meshPose=-0.998,-0.1,0.0,0.0,0.0
[20:06:39] [Render thread/INFO]: [STDOUT]: SUBMITTED_GEOMETRY_RESULT allLayerOverlaps=0 faces=1742
[20:06:39] [Render thread/INFO]: [STDOUT]: LOWER_UV_AND_RESTORE_PASS faces=36
[20:06:39] [Render thread/INFO]: [STDOUT]: REPORTED_CAPTURE world=true case=0 angle=1 drawnOuter=1236
[20:06:40] [Render thread/INFO]: [STDOUT]: REPORTED_CAPTURE world=true case=0 angle=2 drawnOuter=1308
[20:06:41] [Render thread/INFO]: [STDOUT]: [NexusCharacters][NativeLayers22] PREPARED path=world basePaint=1434 outerVoxels=1443 hair=318 classicBeard=0
[20:06:41] [Render thread/INFO]: [STDOUT]: REPORTED_CAPTURE world=true case=1 angle=0 drawnOuter=1380
[20:06:42] [Render thread/INFO]: [STDOUT]: SUBMITTED_PART field_3394 pivot=0.0,0.0,0.0 scale=1.0,1.0,1.0 meshPose=0.0,0.0,0.0,0.0,0.0
[20:06:42] [Render thread/INFO]: [STDOUT]: SUBMITTED_PART field_3483 pivot=0.0,0.0,0.0 scale=1.0,1.0,1.0 meshPose=0.0,-0.2,0.0,0.0,0.0
[20:06:42] [Render thread/INFO]: [STDOUT]: SUBMITTED_PART field_3483 pivot=0.0,0.0,0.0 scale=1.0,1.0,1.0 meshPose=0.0,-0.2,0.0,0.0,0.0
[20:06:42] [Render thread/INFO]: [STDOUT]: SUBMITTED_PART field_3482 pivot=0.0,0.0,0.0 scale=1.0,1.0,1.0 meshPose=0.0,-0.2,0.0,0.0,0.0
[20:06:42] [Render thread/INFO]: [STDOUT]: SUBMITTED_PART field_3479 pivot=0.0,0.0,0.0 scale=1.0,1.0,1.0 meshPose=0.0,-0.2,0.0,0.0,0.0
[20:06:42] [Render thread/INFO]: [STDOUT]: SUBMITTED_PART field_3484 pivot=0.0,0.0,0.0 scale=1.0,1.0,1.0 meshPose=0.998,-0.1,0.0,0.0,0.0
[20:06:42] [Render thread/INFO]: [STDOUT]: SUBMITTED_PART field_3486 pivot=0.0,0.0,0.0 scale=1.0,1.0,1.0 meshPose=-0.998,-0.1,0.0,0.0,0.0
[20:06:42] [Render thread/INFO]: [STDOUT]: SUBMITTED_GEOMETRY_RESULT allLayerOverlaps=0 faces=1761
[20:06:42] [Render thread/INFO]: [STDOUT]: LOWER_UV_AND_RESTORE_PASS faces=36
[20:06:42] [Render thread/INFO]: [STDOUT]: [capitale_rp_hud] BETA_1_1_48-first-person-arm-fallback FIRST_PERSON_RENDERER_ARM_SKIN_NULL arm=right-renderer-fallback original=minecraft:textures/entity/player/slim/ari.png
[20:06:42] [Render thread/INFO]: [STDOUT]: REPORTED_CAPTURE world=true case=1 angle=1 drawnOuter=1452
[20:06:43] [Render thread/INFO]: [STDOUT]: REPORTED_CAPTURE world=true case=1 angle=2 drawnOuter=1524
[20:06:44] [Render thread/INFO]: [STDOUT]: [NexusCharacters][NativeLayers22] PREPARED path=world basePaint=1436 outerVoxels=1445 hair=302 classicBeard=18
[20:06:44] [Render thread/INFO]: [STDOUT]: REPORTED_CAPTURE world=true case=2 angle=0 drawnOuter=1596
[20:06:45] [Render thread/INFO]: [STDOUT]: SUBMITTED_PART field_3394 pivot=0.0,0.0,0.0 scale=1.0,1.0,1.0 meshPose=0.0,0.0,0.0,0.0,0.0
[20:06:45] [Render thread/INFO]: [STDOUT]: SUBMITTED_PART field_3394 pivot=0.0,0.0,0.0 scale=1.0,1.0,1.0 meshPose=0.0,0.0,0.0,0.0,0.0
[20:06:45] [Render thread/INFO]: [STDOUT]: SUBMITTED_PART field_3483 pivot=0.0,0.0,0.0 scale=1.0,1.0,1.0 meshPose=0.0,-0.2,0.0,0.0,0.0
[20:06:45] [Render thread/INFO]: [STDOUT]: SUBMITTED_PART field_3483 pivot=0.0,0.0,0.0 scale=1.0,1.0,1.0 meshPose=0.0,-0.2,0.0,0.0,0.0
[20:06:45] [Render thread/INFO]: [STDOUT]: SUBMITTED_PART field_3482 pivot=0.0,0.0,0.0 scale=1.0,1.0,1.0 meshPose=0.0,-0.2,0.0,0.0,0.0
[20:06:45] [Render thread/INFO]: [STDOUT]: SUBMITTED_PART field_3479 pivot=0.0,0.0,0.0 scale=1.0,1.0,1.0 meshPose=0.0,-0.2,0.0,0.0,0.0
[20:06:45] [Render thread/INFO]: [STDOUT]: SUBMITTED_PART field_3484 pivot=0.0,0.0,0.0 scale=1.0,1.0,1.0 meshPose=0.998,-0.1,0.0,0.0,0.0
[20:06:45] [Render thread/INFO]: [STDOUT]: SUBMITTED_PART field_3486 pivot=0.0,0.0,0.0 scale=1.0,1.0,1.0 meshPose=-0.998,-0.1,0.0,0.0,0.0
[20:06:45] [Render thread/INFO]: [STDOUT]: SUBMITTED_GEOMETRY_RESULT allLayerOverlaps=0 faces=1704
[20:06:45] [Render thread/INFO]: [STDOUT]: LOWER_UV_AND_RESTORE_PASS faces=36
[20:06:45] [Render thread/INFO]: [STDOUT]: REPORTED_CAPTURE world=true case=2 angle=1 drawnOuter=1674
[20:06:46] [Render thread/INFO]: [STDOUT]: REPORTED_CAPTURE world=true case=2 angle=2 drawnOuter=1746
[20:06:47] [Render thread/INFO]: [STDOUT]: [NexusCharacters][NativeLayers22] PREPARED path=world basePaint=1434 outerVoxels=1443 hair=312 classicBeard=6
[20:06:47] [Render thread/INFO]: [STDOUT]: [capitale_rp_hud] BETA_1_1_48-preview-ui-live-skin FORCE_RENDER_SKIN mode=minecraft_account raceId=1 idx=0 previewContext=false
[20:06:47] [Render thread/INFO]: [STDOUT]: [capitale_rp_hud] BETA_1_1_48-first-person-arm-fallback FIRST_PERSON_RENDERER_ARM_SKIN_NULL arm=right-renderer-fallback original=minecraft:textures/entity/player/slim/ari.png
[20:06:47] [Render thread/INFO]: [STDOUT]: REPORTED_CAPTURE world=true case=3 angle=0 drawnOuter=1818
[20:06:48] [Render thread/INFO]: [STDOUT]: SUBMITTED_PART field_3394 pivot=0.0,0.0,0.0 scale=1.0,1.0,1.0 meshPose=0.0,0.0,0.0,0.0,0.0
[20:06:48] [Render thread/INFO]: [STDOUT]: SUBMITTED_PART field_3394 pivot=0.0,0.0,0.0 scale=1.0,1.0,1.0 meshPose=0.0,0.0,0.0,0.0,0.0
[20:06:48] [Render thread/INFO]: [STDOUT]: SUBMITTED_PART field_3483 pivot=0.0,0.0,0.0 scale=1.0,1.0,1.0 meshPose=0.0,-0.2,0.0,0.0,0.0
[20:06:48] [Render thread/INFO]: [STDOUT]: SUBMITTED_PART field_3483 pivot=0.0,0.0,0.0 scale=1.0,1.0,1.0 meshPose=0.0,-0.2,0.0,0.0,0.0
[20:06:48] [Render thread/INFO]: [STDOUT]: SUBMITTED_PART field_3482 pivot=0.0,0.0,0.0 scale=1.0,1.0,1.0 meshPose=0.0,-0.2,0.0,0.0,0.0
[20:06:48] [Render thread/INFO]: [STDOUT]: SUBMITTED_PART field_3479 pivot=0.0,0.0,0.0 scale=1.0,1.0,1.0 meshPose=0.0,-0.2,0.0,0.0,0.0
[20:06:48] [Render thread/INFO]: [STDOUT]: SUBMITTED_PART field_3484 pivot=0.0,0.0,0.0 scale=1.0,1.0,1.0 meshPose=0.998,-0.1,0.0,0.0,0.0
[20:06:48] [Render thread/INFO]: [STDOUT]: SUBMITTED_PART field_3486 pivot=0.0,0.0,0.0 scale=1.0,1.0,1.0 meshPose=-0.998,-0.1,0.0,0.0,0.0
[20:06:48] [Render thread/INFO]: [STDOUT]: SUBMITTED_GEOMETRY_RESULT allLayerOverlaps=0 faces=1640
[20:06:48] [Render thread/INFO]: [STDOUT]: LOWER_UV_AND_RESTORE_PASS faces=36
[20:06:48] [Render thread/INFO]: [STDOUT]: REPORTED_CAPTURE world=true case=3 angle=1 drawnOuter=1890
[20:06:49] [Render thread/INFO]: [STDOUT]: REPORTED_CAPTURE world=true case=3 angle=2 drawnOuter=1962
[20:06:50] [Render thread/INFO]: [STDOUT]: REPORTED_PREVIEW_PASS captures=24 overlaps=0 wide+slim=true
[20:06:50] [Render thread/INFO]: [STDOUT]: ACTUAL_PLAYER_REGRESSION_PASS reported menu previews
[20:06:50] [Render thread/INFO]: Stopping!
[20:06:50] [Server thread/INFO]: PRE20Test lost connection: Disconnected
[20:06:50] [Server thread/INFO]: PRE20Test left the game
[20:06:50] [Server thread/INFO]: [Nexus] afterRemove: saving character data for PRE20Test (uuid=00000000-0000-0000-0000-000000000001)
[20:06:50] [Server thread/INFO]: Stopping singleplayer server as player logged out
[20:06:50] [Server thread/INFO]: Stopping server
[20:06:50] [Server thread/INFO]: Saving players
[20:06:50] [Server thread/INFO]: Saving worlds
[20:06:50] [Server thread/INFO]: Saving chunks for level 'ServerLevel[Reported regression]'/minecraft:overworld
[20:06:50] [Server thread/INFO]: Saving chunks for level 'ServerLevel[Reported regression]'/minecraft:the_end
[20:06:50] [Server thread/INFO]: Saving chunks for level 'ServerLevel[Reported regression]'/minecraft:the_nether
[20:06:50] [Server thread/INFO]: ThreadedAnvilChunkStorage (reported-regression): All chunks are saved
[20:06:50] [Server thread/INFO]: ThreadedAnvilChunkStorage (DIM1): All chunks are saved
[20:06:50] [Server thread/INFO]: ThreadedAnvilChunkStorage (DIM-1): All chunks are saved
[20:06:50] [Server thread/INFO]: ThreadedAnvilChunkStorage: All dimensions are saved
[20:06:51] [Render thread/INFO]: Stopping worker threads
