[20:08:31] [main/INFO]: Loading Minecraft 1.21.11 with Fabric Loader 0.19.5
[20:08:31] [main/INFO]: Loading 57 mods:
	- fabric-api 0.141.6+1.21.11
	   |-- fabric-api-base 1.0.5+4ebb5c083e
	   |-- fabric-api-lookup-api-v1 1.6.114+20dc27073e
	   |-- fabric-biome-api-v1 17.1.1+4fc5413f3e
	   |-- fabric-block-api-v1 1.1.10+4ebb5c083e
	   |-- fabric-block-view-api-v2 1.0.39+4ebb5c083e
	   |-- fabric-command-api-v2 2.4.7+6b42a6003e
	   |-- fabric-content-registries-v0 10.2.14+4fc5413f3e
	   |-- fabric-convention-tags-v1 2.1.55+7f945d5b3e
	   |-- fabric-convention-tags-v2 2.17.3+8ef948ba3e
	   |-- fabric-crash-report-info-v1 0.3.23+4ebb5c083e
	   |-- fabric-data-attachment-api-v1 1.8.48+eed0806f3e
	   |-- fabric-data-generation-api-v1 23.5.0+88d7da613e
	   |-- fabric-dimensions-v1 4.0.28+4fc5413f3e
	   |-- fabric-entity-events-v1 3.1.1+1d0ab4303e
	   |-- fabric-events-interaction-v0 4.1.1+3b89ecf63e
	   |-- fabric-game-rule-api-v1 2.0.3+4fc5413f3e
	   |-- fabric-item-api-v1 11.6.0+67f17bb43e
	   |-- fabric-item-group-api-v1 4.2.36+4fc5413f3e
	   |-- fabric-key-binding-api-v1 1.1.7+4fc5413f3e
	   |-- fabric-lifecycle-events-v1 2.6.15+4ebb5c083e
	   |-- fabric-loot-api-v2 3.0.73+3f89f5a53e
	   |-- fabric-loot-api-v3 2.0.20+78c8b4663e
	   |-- fabric-message-api-v1 6.1.12+4ebb5c083e
	   |-- fabric-model-loading-api-v1 6.0.15+4fc5413f3e
	   |-- fabric-networking-api-v1 5.1.6+6b6d71a53e
	   |-- fabric-object-builder-api-v1 21.1.40+4fc5413f3e
	   |-- fabric-particles-v1 4.2.12+4fc5413f3e
	   |-- fabric-recipe-api-v1 8.2.4+4ebb5c083e
	   |-- fabric-registry-sync-v0 6.2.6+1718722b3e
	   |-- fabric-renderer-api-v1 8.0.3+f4ffd2e53e
	   |-- fabric-renderer-indigo 5.0.3+f4ffd2e53e
	   |-- fabric-rendering-fluids-v1 3.1.43+4ebb5c083e
	   |-- fabric-rendering-v1 16.2.10+0290ad933e
	   |-- fabric-resource-conditions-api-v1 5.0.35+4fc5413f3e
	   |-- fabric-resource-loader-v0 3.3.4+4fc5413f3e
	   |-- fabric-resource-loader-v1 1.0.10+78c8b4663e
	   |-- fabric-screen-api-v1 3.1.7+4ebb5c083e
	   |-- fabric-screen-handler-api-v1 1.3.162+4fc5413f3e
	   |-- fabric-serialization-api-v1 1.0.5+4ebb5c083e
	   |-- fabric-sound-api-v1 1.0.51+4fc5413f3e
	   |-- fabric-tag-api-v1 1.3.0+88d7da613e
	   |-- fabric-transfer-api-v1 6.0.25+4fc5413f3e
	   \-- fabric-transitive-access-wideners-v1 7.1.0+014c8cec3e
	- fabricloader 0.19.5
	   \-- mixinextras 0.5.5
	- headlessagent 1
	- immediatelyfast 1.14.2+1.21.11
	   \-- net_lenni0451_reflect 1.6.1+curseforge
	- java 21
	- menu_harness 28
	- minecraft 1.21.11
	- nexuscharacters 1.0.0-beta.28+indivis.1.21.11
	- skinlayers3d 1.10.2
	   |-- transition 1.0.13
	   \-- trender 1.0.10
	- sodium 0.8.7+mc1.21.11
[20:08:31] [main/INFO]: SpongePowered MIXIN Subsystem Version=0.8.7 Source=file:/workspace/scratch/22564d9fe6f6/runtime/libs/net/fabricmc/sponge-mixin/0.17.4+mixin.0.8.7/sponge-mixin-0.17.4+mixin.0.8.7.jar Service=Knot/Fabric Env=CLIENT
/********************************************************************************************************************************************************************************************/
/*                                                                                   SpongePowered MIXIN                                                                                    */
/********************************************************************************************************************************************************************************************/
/*                                         Code source : file:/workspace/scratch/22564d9fe6f6/runtime/libs/net/fabricmc/sponge-mixin/0.17.4+mixin.0.8.7/sponge-mixin-0.17.4+mixin.0.8.7.jar */
/*                                    Internal Version : 0.8.7                                                                                                                              */
/*                                        Java Version : 21.0 (supports compatibility 6-21)                                                                                                 */
/*                         Default Compatibility Level : JAVA_8                                                                                                                             */
/*                   Max Effective Compatibility Level : JAVA_13                                                                                                                            */
/*                                Detected ASM Version : ASM 9.10.1 (ASM10_EXPERIMENTAL)                                                                                                    */
/*                          Detected ASM Supports Java : Up to Java 27 (class file version 71.0)                                                                                            */
/********************************************************************************************************************************************************************************************/
/*                                        Service Name : Knot/Fabric                                                                                                                        */
/*                                 Mixin Service Class : net.fabricmc.loader.impl.launch.knot.MixinServiceKnot                                                                              */
/*                       Global Property Service Class : net.fabricmc.loader.impl.launch.knot.FabricGlobalPropertyService                                                                   */
/*                                 Logger Adapter Type : Fabric Mixin Logger                                                                                                                */
/********************************************************************************************************************************************************************************************/
/*                                         mixin.debug : <false>                                                                                                                            */
/*                                  mixin.debug.export : - <true>                                                                                                                           */
/*                           mixin.debug.export.filter : - - <null>                                                                                                                         */
/*                        mixin.debug.export.decompile : - - <true>                                                                                                                         */
/*                  mixin.debug.export.decompile.async : - - - <true>                                                                                                                       */
/* mixin.debug.export.decompile.mergeGenericSignatures : - - - <true>                                                                                                                       */
/*                                  mixin.debug.verify : - <false>                                                                                                                          */
/*                                 mixin.debug.verbose : - <false>                                                                                                                          */
/*                         mixin.debug.countInjections : - <false>                                                                                                                          */
/*                                  mixin.debug.strict : - <false>                                                                                                                          */
/*                           mixin.debug.strict.unique : - - <false>                                                                                                                        */
/*                          mixin.debug.strict.targets : - - <false>                                                                                                                        */
/*                                mixin.debug.profiler : - <false>                                                                                                                          */
/*                           mixin.dumpTargetOnFailure : <false>                                                                                                                            */
/*                                        mixin.checks : <false>                                                                                                                            */
/*                             mixin.checks.interfaces : - <false>                                                                                                                          */
/*                      mixin.checks.interfaces.strict : - - <false>                                                                                                                        */
/*                             mixin.ignoreConstraints : <false>                                                                                                                            */
/*                                       mixin.hotSwap : <false>                                                                                                                            */
/*                                       mixin.env.obf : - <false>                                                                                                                          */
/*                             mixin.env.disableRefMap : - <false>                                                                                                                          */
/*                               mixin.env.remapRefMap : - <false>                                                                                                                          */
/*                       mixin.env.refMapRemappingFile : - <>                                                                                                                               */
/*                        mixin.env.refMapRemappingEnv : - <searge>                                                                                                                         */
/*                      mixin.env.allowPermissiveMatch : - <false>                                                                                                                          */
/*                            mixin.env.ignoreRequired : - <false>                                                                                                                          */
/*                               mixin.env.compatLevel : - <false>                                                                                                                          */
/*                          mixin.env.shiftByViolation : - <warn>                                                                                                                           */
/*                      mixin.initialiserInjectionMode : <default>                                                                                                                          */
/*               mixin.tunable.classReaderExpandFrames : - <false>                                                                                                                          */
/********************************************************************************************************************************************************************************************/
/*                                    UNSAFE_INJECTION : available=<true> enabled=<true>                                                                                                    */
/*                       INJECTORS_IN_INTERFACE_MIXINS : available=<true> enabled=<true>                                                                                                    */
/********************************************************************************************************************************************************************************************/
/*                                       Detected Side : CLIENT                                                                                                                             */
/********************************************************************************************************************************************************************************************/
[20:08:31] [main/INFO]: Attempting to load Fernflower decompiler (Threaded mode)
[20:08:31] [main/INFO]: Fernflower could not be loaded, exported classes will not be decompiled. NoClassDefFoundError: org/jetbrains/java/decompiler/main/extern/IResultSaver
[20:08:32] [main/INFO]: Loaded configuration file for Sodium: 35 options available, 0 override(s) found
[20:08:32] [main/WARN]: Error loading class: traben/entity_model_features/models/parts/EMFModelPart (java.lang.ClassNotFoundException: traben/entity_model_features/models/parts/EMFModelPart)
[20:08:32] [main/INFO]: Searching for graphics cards...
[20:08:32] [main/WARN]: Could not find any graphics adapters! Probably the device is not on a bus we can probe, or there are no devices supporting 3D acceleration.
[20:08:32] [main/WARN]: Sodium has applied one or more workarounds to prevent crashes or other issues on your system: [NO_ERROR_CONTEXT_UNSUPPORTED]
[20:08:32] [main/WARN]: This is not necessarily an issue, but it may result in certain features or optimizations being disabled. You can sometimes fix these issues by upgrading your graphics driver.
[20:08:32] [main/INFO]: Initializing MixinExtras via com.llamalad7.mixinextras.service.MixinExtrasServiceImpl(version=0.5.5).
[20:08:33] [Datafixer Bootstrap/INFO]: 287 Datafixer optimizations took 301 milliseconds
[20:08:36] [main/INFO]: trender.mixins.json:client.ScreenAccessor from mod trender->@Invoker[METHOD_PROXY]::libgui$defaultHandleGameClickEvent(Lnet/minecraft/class_2558;Lnet/minecraft/class_310;Lnet/minecraft/class_437;)V should be static as its target is
[20:08:36] [Render thread/INFO]: Environment: Environment[sessionHost=https://sessionserver.mojang.com, servicesHost=https://api.minecraftservices.com, profilesHost=https://api.mojang.com, name=PROD]
[20:08:36] [Render thread/INFO]: Setting user: PRE28Test
[20:08:37] [Download-2/ERROR]: Failed to fetch user properties
com.mojang.authlib.exceptions.AuthenticationUnavailableException
	at knot//com.mojang.authlib.exceptions.MinecraftClientException.toAuthenticationException(MinecraftClientException.java:29)
	at knot//com.mojang.authlib.yggdrasil.YggdrasilUserApiService.fetchProperties(YggdrasilUserApiService.java:154)
	at knot//net.minecraft.class_310.method_55608(SourceFile:457)
	at java.base/java.util.concurrent.CompletableFuture$AsyncSupply.run(CompletableFuture.java:1768)
	at java.base/java.util.concurrent.ThreadPoolExecutor.runWorker(ThreadPoolExecutor.java:1144)
	at java.base/java.util.concurrent.ThreadPoolExecutor$Worker.run(ThreadPoolExecutor.java:642)
	at java.base/java.lang.Thread.run(Thread.java:1583)
[20:08:37] [Yggdrasil Key Fetcher/ERROR]: Failed to request yggdrasil public key
com.mojang.authlib.exceptions.MinecraftClientException: Failed to read from https://api.minecraftservices.com/publickeys due to api.minecraftservices.com
	at knot//com.mojang.authlib.minecraft.client.MinecraftClient.readInputStream(MinecraftClient.java:111)
	at knot//com.mojang.authlib.minecraft.client.MinecraftClient.get(MinecraftClient.java:56)
	at knot//com.mojang.authlib.yggdrasil.YggdrasilServicesKeyInfo.fetch(YggdrasilServicesKeyInfo.java:114)
	at knot//com.mojang.authlib.yggdrasil.YggdrasilServicesKeyInfo$1.run(YggdrasilServicesKeyInfo.java:89)
	at java.base/java.util.concurrent.Executors$RunnableAdapter.call(Executors.java:572)
	at java.base/java.util.concurrent.FutureTask.run(FutureTask.java:317)
	at java.base/java.util.concurrent.ScheduledThreadPoolExecutor$ScheduledFutureTask.run(ScheduledThreadPoolExecutor.java:304)
	at java.base/java.util.concurrent.ThreadPoolExecutor.runWorker(ThreadPoolExecutor.java:1144)
	at java.base/java.util.concurrent.ThreadPoolExecutor$Worker.run(ThreadPoolExecutor.java:642)
	at java.base/java.lang.Thread.run(Thread.java:1583)
Caused by: java.net.UnknownHostException: api.minecraftservices.com
	at java.base/sun.nio.ch.NioSocketImpl.connect(NioSocketImpl.java:567)
	at java.base/java.net.SocksSocketImpl.connect(SocksSocketImpl.java:327)
	at java.base/java.net.Socket.connect(Socket.java:751)
	at java.base/sun.security.ssl.SSLSocketImpl.connect(SSLSocketImpl.java:304)
	at java.base/sun.net.NetworkClient.doConnect(NetworkClient.java:178)
	at java.base/sun.net.www.http.HttpClient.openServer(HttpClient.java:539)
	at java.base/sun.net.www.http.HttpClient.openServer(HttpClient.java:644)
	at java.base/sun.net.www.protocol.https.HttpsClient.<init>(HttpsClient.java:265)
	at java.base/sun.net.www.protocol.https.HttpsClient.New(HttpsClient.java:378)
	at java.base/sun.net.www.protocol.https.AbstractDelegateHttpsURLConnection.getNewHttpClient(AbstractDelegateHttpsURLConnection.java:196)
	at java.base/sun.net.www.protocol.http.HttpURLConnection.plainConnect0(HttpURLConnection.java:1305)
	at java.base/sun.net.www.protocol.http.HttpURLConnection.plainConnect(HttpURLConnection.java:1146)
	at java.base/sun.net.www.protocol.http.HttpURLConnection.connect(HttpURLConnection.java:1075)
	at java.base/sun.net.www.protocol.https.AbstractDelegateHttpsURLConnection.connect(AbstractDelegateHttpsURLConnection.java:181)
	at java.base/sun.net.www.protocol.http.HttpURLConnection.getInputStream0(HttpURLConnection.java:1707)
	at java.base/sun.net.www.protocol.http.HttpURLConnection.getInputStream(HttpURLConnection.java:1632)
	at java.base/java.net.HttpURLConnection.getResponseCode(HttpURLConnection.java:531)
	at java.base/sun.net.www.protocol.https.HttpsURLConnectionImpl.getResponseCode(HttpsURLConnectionImpl.java:307)
	at knot//com.mojang.authlib.minecraft.client.MinecraftClient.readInputStream(MinecraftClient.java:82)
	... 9 more
[20:08:37] [Download-1/WARN]: Couldn't look up profile properties for 00000000-0000-0000-0000-000000000001
com.mojang.authlib.exceptions.MinecraftClientException: Failed to read from https://sessionserver.mojang.com/session/minecraft/profile/00000000000000000000000000000001?unsigned=false due to sessionserver.mojang.com
	at knot//com.mojang.authlib.minecraft.client.MinecraftClient.readInputStream(MinecraftClient.java:111)
	at knot//com.mojang.authlib.minecraft.client.MinecraftClient.get(MinecraftClient.java:56)
	at knot//com.mojang.authlib.yggdrasil.YggdrasilMinecraftSessionService.fetchProfileUncached(YggdrasilMinecraftSessionService.java:197)
	at knot//com.mojang.authlib.yggdrasil.YggdrasilMinecraftSessionService.fetchProfile(YggdrasilMinecraftSessionService.java:167)
	at knot//net.minecraft.class_310.method_53464(SourceFile:453)
	at java.base/java.util.concurrent.CompletableFuture$AsyncSupply.run(CompletableFuture.java:1768)
	at java.base/java.util.concurrent.ThreadPoolExecutor.runWorker(ThreadPoolExecutor.java:1144)
	at java.base/java.util.concurrent.ThreadPoolExecutor$Worker.run(ThreadPoolExecutor.java:642)
	at java.base/java.lang.Thread.run(Thread.java:1583)
Caused by: java.net.UnknownHostException: sessionserver.mojang.com
	at java.base/sun.nio.ch.NioSocketImpl.connect(NioSocketImpl.java:567)
	at java.base/java.net.SocksSocketImpl.connect(SocksSocketImpl.java:327)
	at java.base/java.net.Socket.connect(Socket.java:751)
	at java.base/sun.security.ssl.SSLSocketImpl.connect(SSLSocketImpl.java:304)
	at java.base/sun.net.NetworkClient.doConnect(NetworkClient.java:178)
	at java.base/sun.net.www.http.HttpClient.openServer(HttpClient.java:539)
	at java.base/sun.net.www.http.HttpClient.openServer(HttpClient.java:644)
	at java.base/sun.net.www.protocol.https.HttpsClient.<init>(HttpsClient.java:265)
	at java.base/sun.net.www.protocol.https.HttpsClient.New(HttpsClient.java:378)
	at java.base/sun.net.www.protocol.https.AbstractDelegateHttpsURLConnection.getNewHttpClient(AbstractDelegateHttpsURLConnection.java:196)
	at java.base/sun.net.www.protocol.http.HttpURLConnection.plainConnect0(HttpURLConnection.java:1305)
	at java.base/sun.net.www.protocol.http.HttpURLConnection.plainConnect(HttpURLConnection.java:1146)
	at java.base/sun.net.www.protocol.http.HttpURLConnection.connect(HttpURLConnection.java:1075)
	at java.base/sun.net.www.protocol.https.AbstractDelegateHttpsURLConnection.connect(AbstractDelegateHttpsURLConnection.java:181)
	at java.base/sun.net.www.protocol.http.HttpURLConnection.getInputStream0(HttpURLConnection.java:1707)
	at java.base/sun.net.www.protocol.http.HttpURLConnection.getInputStream(HttpURLConnection.java:1632)
	at java.base/java.net.HttpURLConnection.getResponseCode(HttpURLConnection.java:531)
	at java.base/sun.net.www.protocol.https.HttpsURLConnectionImpl.getResponseCode(HttpsURLConnectionImpl.java:307)
	at knot//com.mojang.authlib.minecraft.client.MinecraftClient.readInputStream(MinecraftClient.java:82)
	... 8 more
[20:08:37] [Render thread/INFO]: [STDOUT]: [Nexus][HC 0.7.8] lifecycle registered: direct Fabric Event API, no reflection
[20:08:37] [Render thread/INFO]: [Indigo] Different rendering plugin detected; not applying Indigo.
[20:08:37] [Render thread/INFO]: [STDOUT]: [LibGui] Initializing Client...
[20:08:37] [Render thread/INFO]: Backend library: LWJGL version 3.3.3-snapshot
[20:08:37] [Render thread/INFO]: Initializing ImmediatelyFast 1.14.2+1.21.11 on llvmpipe (LLVM 20.1.2, 256 bits) (Mesa) with OpenGL 4.5 (Core Profile) Mesa 25.1.7-1ubuntu2~24.04.2
[20:08:37] [Render thread/INFO]: OpenGL Vendor: Mesa
[20:08:37] [Render thread/INFO]: OpenGL Renderer: llvmpipe (LLVM 20.1.2, 256 bits)
[20:08:37] [Render thread/INFO]: OpenGL Version: 4.5 (Core Profile) Mesa 25.1.7-1ubuntu2~24.04.2
[20:08:37] [Render thread/INFO]: Using optional rendering extensions: GL_ARB_buffer_storage, GL_KHR_debug, GL_ARB_vertex_attrib_binding, GL_ARB_direct_state_access, GL_EXT_texture_filter_anisotropic
[20:08:38] [Download-2/ERROR]: Failed to fetch Realms feature flags
net.minecraft.class_4355: Realms service error (500) with message 'Could not connect to Realms: pc.realms.minecraft.net'
	at knot//net.minecraft.class_4341.method_20998(SourceFile:539)
	at knot//net.minecraft.class_4341.method_68466(SourceFile:186)
	at java.base/java.util.concurrent.CompletableFuture$AsyncSupply.run(CompletableFuture.java:1768)
	at java.base/java.util.concurrent.ThreadPoolExecutor.runWorker(ThreadPoolExecutor.java:1144)
	at java.base/java.util.concurrent.ThreadPoolExecutor$Worker.run(ThreadPoolExecutor.java:642)
	at java.base/java.lang.Thread.run(Thread.java:1583)
[20:08:38] [Render thread/INFO]: Reloading ResourceManager: vanilla, fabric-api, fabric-api-base, fabric-api-lookup-api-v1, fabric-biome-api-v1, fabric-block-api-v1, fabric-block-view-api-v2, fabric-command-api-v2, fabric-content-registries-v0, fabric-convention-tags-v1, fabric-convention-tags-v2, fabric-crash-report-info-v1, fabric-data-attachment-api-v1, fabric-data-generation-api-v1, fabric-dimensions-v1, fabric-entity-events-v1, fabric-events-interaction-v0, fabric-game-rule-api-v1, fabric-item-api-v1, fabric-item-group-api-v1, fabric-key-binding-api-v1, fabric-lifecycle-events-v1, fabric-loot-api-v2, fabric-loot-api-v3, fabric-message-api-v1, fabric-model-loading-api-v1, fabric-networking-api-v1, fabric-object-builder-api-v1, fabric-particles-v1, fabric-recipe-api-v1, fabric-registry-sync-v0, fabric-renderer-api-v1, fabric-renderer-indigo, fabric-rendering-fluids-v1, fabric-rendering-v1, fabric-resource-conditions-api-v1, fabric-resource-loader-v0, fabric-resource-loader-v1, fabric-screen-api-v1, fabric-screen-handler-api-v1, fabric-serialization-api-v1, fabric-sound-api-v1, fabric-tag-api-v1, fabric-transfer-api-v1, fabric-transitive-access-wideners-v1, fabricloader, immediatelyfast, nexuscharacters, skinlayers3d, sodium, trender
[20:08:38] [Worker-Main-3/INFO]: Found unifont_all_no_pua-17.0.01.hex, loading
[20:08:38] [Worker-Main-6/INFO]: Found unifont_pua-17.0.01.hex, loading
[20:08:39] [Worker-Main-3/INFO]: Found unifont_jp_patch-17.0.01.hex, loading
[20:08:39] [Render thread/INFO]: OpenAL initialized on device No Output
[20:08:39] [Render thread/INFO]: Sound engine started
[20:08:39] [Render thread/INFO]: Created: 512x256x0 minecraft:textures/atlas/particles.png-atlas
[20:08:39] [Render thread/INFO]: Created: 128x128x0 minecraft:textures/atlas/decorated_pot.png-atlas
[20:08:39] [Render thread/INFO]: Created: 2048x1024x0 minecraft:textures/atlas/armor_trims.png-atlas
[20:08:40] [Render thread/INFO]: Created: 512x256x0 minecraft:textures/atlas/paintings.png-atlas
[20:08:40] [Render thread/INFO]: Created: 1024x512x0 minecraft:textures/atlas/shield_patterns.png-atlas
[20:08:40] [Render thread/INFO]: Created: 2048x2048x4 minecraft:textures/atlas/blocks.png-atlas
[20:08:40] [Render thread/INFO]: Created: 512x512x0 minecraft:textures/atlas/chest.png-atlas
[20:08:40] [Render thread/INFO]: Created: 256x128x0 minecraft:textures/atlas/celestials.png-atlas
[20:08:40] [Render thread/INFO]: Created: 1024x512x0 minecraft:textures/atlas/banner_patterns.png-atlas
[20:08:40] [Render thread/INFO]: Created: 512x512x0 minecraft:textures/atlas/beds.png-atlas
[20:08:40] [Render thread/INFO]: Created: 1024x512x0 minecraft:textures/atlas/items.png-atlas
[20:08:40] [Render thread/INFO]: Created: 1024x1024x0 minecraft:textures/atlas/gui.png-atlas
[20:08:40] [Render thread/INFO]: Created: 128x64x0 minecraft:textures/atlas/map_decorations.png-atlas
[20:08:40] [Render thread/INFO]: Created: 512x256x0 minecraft:textures/atlas/signs.png-atlas
[20:08:40] [Render thread/INFO]: Created: 512x512x0 minecraft:textures/atlas/shulker_boxes.png-atlas
[20:08:40] [Render thread/INFO]: [NexusCharacters] Couche oreilles/barbes enregistrée sur le renderer joueur
[20:08:40] [Render thread/INFO]: [NexusCharacters] Couche oreilles/barbes enregistrée sur le renderer joueur
[20:08:40] [Render thread/INFO]: [NexusCharacters] Couche oreilles/barbes enregistrée sur le renderer joueur
[20:08:40] [Render thread/INFO]: [NexusCharacters] Couche oreilles/barbes enregistrée sur le renderer joueur
[20:08:40] [IO-Worker-1/ERROR]: Couldn't connect to realms
net.minecraft.class_4355: Realms service error (500) with message 'Could not connect to Realms: pc.realms.minecraft.net'
	at knot//net.minecraft.class_4341.method_20998(SourceFile:539)
	at knot//net.minecraft.class_4341.method_21027(SourceFile:307)
	at knot//net.minecraft.class_8647.method_52627(SourceFile:48)
	at java.base/java.util.concurrent.CompletableFuture$AsyncSupply.run(CompletableFuture.java:1768)
	at java.base/java.util.concurrent.ThreadPoolExecutor.runWorker(ThreadPoolExecutor.java:1144)
	at java.base/java.util.concurrent.ThreadPoolExecutor$Worker.run(ThreadPoolExecutor.java:642)
	at java.base/java.lang.Thread.run(Thread.java:1583)
[20:08:43] [Render thread/INFO]: [STDOUT]: PRE28_MENU_TEST_STARTED
[20:08:45] [Render thread/INFO]: [STDOUT]: [NexusCharacters][NativeLayers23] PREPARED path=preview basePaint=1438 outerVoxels=1438 hair=322 classicBeard=0
[20:08:45] [Render thread/INFO]: Resizing Dynamic Transforms UBO, capacity limit of 2 reached during a single frame. New capacity will be 4.
[20:08:45] [Render thread/INFO]: [STDOUT]: PRE28_SCENE 0 race=HUMAN viewport=512 height=372 banner=nexuscharacters:textures/gui/indivis/empire.png
[20:08:46] [Render thread/INFO]: [STDOUT]: [NexusCharacters][NativeLayers23] PREPARED path=preview basePaint=1438 outerVoxels=1438 hair=322 classicBeard=0
[20:08:46] [Render thread/INFO]: [STDOUT]: [NexusCharacters][PreviewRotationV3] PlayerSkinWidget yRotation bound; vanilla base=30deg
[20:08:46] [Render thread/INFO]: [STDOUT]: [NexusCharacters][NativeLayers23] PREPARED path=preview basePaint=1438 outerVoxels=1438 hair=322 classicBeard=0
[20:08:46] [Render thread/INFO]: [STDOUT]: [NexusCharacters][BeardPreview] READY style=short color=brown texture=nexuscharacters:textures/cosmetic/beard_brown.png layout=433,114 512x372 morphSync=full-model
[20:08:46] [Render thread/INFO]: [STDOUT]: PRE28_SCENE 1 race=DWARF viewport=512 height=372 banner=nexuscharacters:textures/gui/indivis/capitals/dwarf.png
[20:08:47] [Render thread/INFO]: [STDOUT]: [NexusCharacters][NativeLayers23] PREPARED path=preview basePaint=1438 outerVoxels=1438 hair=322 classicBeard=0
[20:08:47] [Render thread/INFO]: [STDOUT]: [NexusCharacters][NativeLayers23] PREPARED path=preview basePaint=1438 outerVoxels=1438 hair=322 classicBeard=0
[NexusCharacters][EarMorph] READY build=0.980 anchor=0.980 pivotShift=0.000
[NexusCharacters][EarPreview] READY phase=back side=positive style=long yaw=30.00 tone=#C59A6D texture=nexuscharacters:dynamic/ear_tone_c59a6d depth=split-near-far
[NexusCharacters][EarPreview] READY phase=front side=negative style=long yaw=30.00 tone=#C59A6D texture=nexuscharacters:dynamic/ear_tone_c59a6d depth=split-near-far
[NexusCharacters][EarPreview] READY phase=back side=positive style=long yaw=30.00 tone=#C59A6D texture=nexuscharacters:dynamic/ear_tone_c59a6d depth=split-near-far
[NexusCharacters][EarPreview] READY phase=front side=negative style=long yaw=30.00 tone=#C59A6D texture=nexuscharacters:dynamic/ear_tone_c59a6d depth=split-near-far
[NexusCharacters][EarPreview] READY phase=back side=positive style=long yaw=30.00 tone=#C59A6D texture=nexuscharacters:dynamic/ear_tone_c59a6d depth=split-near-far
[NexusCharacters][EarPreview] READY phase=front side=negative style=long yaw=30.00 tone=#C59A6D texture=nexuscharacters:dynamic/ear_tone_c59a6d depth=split-near-far
[20:08:47] [Render thread/INFO]: [STDOUT]: PRE28_SCENE 2 race=WOOD_ELF viewport=512 height=372 banner=nexuscharacters:textures/gui/indivis/capitals/wood_elf.png
[NexusCharacters][EarPreview] READY phase=back side=positive style=long yaw=30.00 tone=#C59A6D texture=nexuscharacters:dynamic/ear_tone_c59a6d depth=split-near-far
[NexusCharacters][EarPreview] READY phase=front side=negative style=long yaw=30.00 tone=#C59A6D texture=nexuscharacters:dynamic/ear_tone_c59a6d depth=split-near-far
[NexusCharacters][EarPreview] READY phase=back side=positive style=long yaw=30.00 tone=#C59A6D texture=nexuscharacters:dynamic/ear_tone_c59a6d depth=split-near-far
[NexusCharacters][EarPreview] READY phase=front side=negative style=long yaw=30.00 tone=#C59A6D texture=nexuscharacters:dynamic/ear_tone_c59a6d depth=split-near-far
[20:08:48] [Render thread/INFO]: [STDOUT]: [NexusCharacters][NativeLayers23] PREPARED path=preview basePaint=1438 outerVoxels=1438 hair=322 classicBeard=0
[NexusCharacters][EarMorph] READY build=0.830 anchor=0.980 pivotShift=-0.723
[NexusCharacters][EarPreview] READY phase=back side=positive style=long yaw=30.00 tone=#C59A6D texture=nexuscharacters:dynamic/ear_tone_c59a6d depth=split-near-far
[NexusCharacters][EarPreview] READY phase=front side=negative style=long yaw=30.00 tone=#C59A6D texture=nexuscharacters:dynamic/ear_tone_c59a6d depth=split-near-far
[20:08:48] [Render thread/INFO]: [STDOUT]: [NexusCharacters][NativeLayers23] PREPARED path=preview basePaint=1438 outerVoxels=1438 hair=322 classicBeard=0
[NexusCharacters][EarMorph] READY build=0.960 anchor=0.960 pivotShift=0.000
[NexusCharacters][EarPreview] READY phase=back side=positive style=long yaw=30.00 tone=#F0D7BF texture=nexuscharacters:dynamic/ear_tone_f0d7bf depth=split-near-far
[NexusCharacters][EarPreview] READY phase=front side=negative style=long yaw=30.00 tone=#F0D7BF texture=nexuscharacters:dynamic/ear_tone_f0d7bf depth=split-near-far
[NexusCharacters][EarPreview] READY phase=back side=positive style=long yaw=30.00 tone=#F0D7BF texture=nexuscharacters:dynamic/ear_tone_f0d7bf depth=split-near-far
[NexusCharacters][EarPreview] READY phase=front side=negative style=long yaw=30.00 tone=#F0D7BF texture=nexuscharacters:dynamic/ear_tone_f0d7bf depth=split-near-far
[20:08:48] [Render thread/INFO]: [STDOUT]: PRE28_SCENE 3 race=HIGH_ELF viewport=512 height=372 banner=nexuscharacters:textures/gui/indivis/capitals/high_elf.png
[NexusCharacters][EarPreview] READY phase=back side=positive style=long yaw=30.00 tone=#F0D7BF texture=nexuscharacters:dynamic/ear_tone_f0d7bf depth=split-near-far
[NexusCharacters][EarPreview] READY phase=front side=negative style=long yaw=30.00 tone=#F0D7BF texture=nexuscharacters:dynamic/ear_tone_f0d7bf depth=split-near-far
[20:08:49] [Render thread/INFO]: [STDOUT]: [NexusCharacters][NativeLayers23] PREPARED path=preview basePaint=1438 outerVoxels=1438 hair=322 classicBeard=0
[NexusCharacters][EarMorph] READY build=0.810 anchor=0.960 pivotShift=-0.741
[NexusCharacters][EarPreview] READY phase=back side=positive style=long yaw=30.00 tone=#F0D7BF texture=nexuscharacters:dynamic/ear_tone_f0d7bf depth=split-near-far
[NexusCharacters][EarPreview] READY phase=front side=negative style=long yaw=30.00 tone=#F0D7BF texture=nexuscharacters:dynamic/ear_tone_f0d7bf depth=split-near-far
[20:08:49] [Render thread/INFO]: [STDOUT]: [NexusCharacters][NativeLayers23] PREPARED path=preview basePaint=1438 outerVoxels=1438 hair=322 classicBeard=0
[20:08:50] [Render thread/INFO]: [STDOUT]: PRE28_SCENE 4 race=NORDIC viewport=512 height=372 banner=nexuscharacters:textures/gui/indivis/capitals/nordic.png
[20:08:50] [Render thread/INFO]: [STDOUT]: [NexusCharacters][NativeLayers23] PREPARED path=preview basePaint=1438 outerVoxels=1438 hair=322 classicBeard=0
[20:08:51] [Render thread/INFO]: [STDOUT]: PRE28_SCENE 5 race=HUMAN viewport=226 height=192 banner=nexuscharacters:textures/gui/indivis/empire.png
[20:08:52] [Render thread/INFO]: [STDOUT]: PRE28_SCENE 6 race=DWARF viewport=226 height=192 banner=nexuscharacters:textures/gui/indivis/capitals/dwarf.png
[NexusCharacters][EarMorph] READY build=0.980 anchor=0.980 pivotShift=0.000
[NexusCharacters][EarPreview] READY phase=back side=positive style=long yaw=30.00 tone=#C59A6D texture=nexuscharacters:dynamic/ear_tone_c59a6d depth=split-near-far
[NexusCharacters][EarPreview] READY phase=front side=negative style=long yaw=30.00 tone=#C59A6D texture=nexuscharacters:dynamic/ear_tone_c59a6d depth=split-near-far
[NexusCharacters][EarPreview] READY phase=back side=positive style=long yaw=30.00 tone=#C59A6D texture=nexuscharacters:dynamic/ear_tone_c59a6d depth=split-near-far
[NexusCharacters][EarPreview] READY phase=front side=negative style=long yaw=30.00 tone=#C59A6D texture=nexuscharacters:dynamic/ear_tone_c59a6d depth=split-near-far
[NexusCharacters][EarPreview] READY phase=back side=positive style=long yaw=30.00 tone=#C59A6D texture=nexuscharacters:dynamic/ear_tone_c59a6d depth=split-near-far
[NexusCharacters][EarPreview] READY phase=front side=negative style=long yaw=30.00 tone=#C59A6D texture=nexuscharacters:dynamic/ear_tone_c59a6d depth=split-near-far
[20:08:53] [Render thread/INFO]: [STDOUT]: PRE28_SCENE 7 race=WOOD_ELF viewport=226 height=192 banner=nexuscharacters:textures/gui/indivis/capitals/wood_elf.png
[NexusCharacters][EarPreview] READY phase=back side=positive style=long yaw=30.00 tone=#C59A6D texture=nexuscharacters:dynamic/ear_tone_c59a6d depth=split-near-far
[NexusCharacters][EarPreview] READY phase=front side=negative style=long yaw=30.00 tone=#C59A6D texture=nexuscharacters:dynamic/ear_tone_c59a6d depth=split-near-far
[NexusCharacters][EarMorph] READY build=0.830 anchor=0.980 pivotShift=-0.723
[NexusCharacters][EarPreview] READY phase=back side=positive style=long yaw=30.00 tone=#C59A6D texture=nexuscharacters:dynamic/ear_tone_c59a6d depth=split-near-far
[NexusCharacters][EarPreview] READY phase=front side=negative style=long yaw=30.00 tone=#C59A6D texture=nexuscharacters:dynamic/ear_tone_c59a6d depth=split-near-far
[NexusCharacters][EarMorph] READY build=0.960 anchor=0.960 pivotShift=0.000
[NexusCharacters][EarPreview] READY phase=back side=positive style=long yaw=30.00 tone=#F0D7BF texture=nexuscharacters:dynamic/ear_tone_f0d7bf depth=split-near-far
[NexusCharacters][EarPreview] READY phase=front side=negative style=long yaw=30.00 tone=#F0D7BF texture=nexuscharacters:dynamic/ear_tone_f0d7bf depth=split-near-far
[NexusCharacters][EarPreview] READY phase=back side=positive style=long yaw=30.00 tone=#F0D7BF texture=nexuscharacters:dynamic/ear_tone_f0d7bf depth=split-near-far
[NexusCharacters][EarPreview] READY phase=front side=negative style=long yaw=30.00 tone=#F0D7BF texture=nexuscharacters:dynamic/ear_tone_f0d7bf depth=split-near-far
[NexusCharacters][EarPreview] READY phase=back side=positive style=long yaw=30.00 tone=#F0D7BF texture=nexuscharacters:dynamic/ear_tone_f0d7bf depth=split-near-far
[NexusCharacters][EarPreview] READY phase=front side=negative style=long yaw=30.00 tone=#F0D7BF texture=nexuscharacters:dynamic/ear_tone_f0d7bf depth=split-near-far
[NexusCharacters][EarPreview] READY phase=back side=positive style=long yaw=30.00 tone=#F0D7BF texture=nexuscharacters:dynamic/ear_tone_f0d7bf depth=split-near-far
[NexusCharacters][EarPreview] READY phase=front side=negative style=long yaw=30.00 tone=#F0D7BF texture=nexuscharacters:dynamic/ear_tone_f0d7bf depth=split-near-far
[20:08:54] [Render thread/INFO]: [STDOUT]: PRE28_SCENE 8 race=HIGH_ELF viewport=226 height=192 banner=nexuscharacters:textures/gui/indivis/capitals/high_elf.png
[NexusCharacters][EarPreview] READY phase=back side=positive style=long yaw=30.00 tone=#F0D7BF texture=nexuscharacters:dynamic/ear_tone_f0d7bf depth=split-near-far
[NexusCharacters][EarPreview] READY phase=front side=negative style=long yaw=30.00 tone=#F0D7BF texture=nexuscharacters:dynamic/ear_tone_f0d7bf depth=split-near-far
[NexusCharacters][EarPreview] READY phase=back side=positive style=long yaw=30.00 tone=#F0D7BF texture=nexuscharacters:dynamic/ear_tone_f0d7bf depth=split-near-far
[NexusCharacters][EarPreview] READY phase=front side=negative style=long yaw=30.00 tone=#F0D7BF texture=nexuscharacters:dynamic/ear_tone_f0d7bf depth=split-near-far
[NexusCharacters][EarMorph] READY build=0.810 anchor=0.960 pivotShift=-0.741
[NexusCharacters][EarPreview] READY phase=back side=positive style=long yaw=30.00 tone=#F0D7BF texture=nexuscharacters:dynamic/ear_tone_f0d7bf depth=split-near-far
[NexusCharacters][EarPreview] READY phase=front side=negative style=long yaw=30.00 tone=#F0D7BF texture=nexuscharacters:dynamic/ear_tone_f0d7bf depth=split-near-far
[20:08:56] [Render thread/INFO]: [STDOUT]: PRE28_SCENE 9 race=NORDIC viewport=226 height=192 banner=nexuscharacters:textures/gui/indivis/capitals/nordic.png
[20:08:57] [Render thread/INFO]: [STDOUT]: PRE28_SCENE 10 race=HUMAN viewport=164 height=102 banner=nexuscharacters:textures/gui/indivis/empire.png
[20:08:58] [Render thread/INFO]: [STDOUT]: PRE28_SCENE 11 race=DWARF viewport=164 height=102 banner=nexuscharacters:textures/gui/indivis/capitals/dwarf.png
[NexusCharacters][EarMorph] READY build=0.980 anchor=0.980 pivotShift=0.000
[NexusCharacters][EarPreview] READY phase=back side=positive style=long yaw=30.00 tone=#C59A6D texture=nexuscharacters:dynamic/ear_tone_c59a6d depth=split-near-far
[NexusCharacters][EarPreview] READY phase=front side=negative style=long yaw=30.00 tone=#C59A6D texture=nexuscharacters:dynamic/ear_tone_c59a6d depth=split-near-far
[NexusCharacters][EarPreview] READY phase=back side=positive style=long yaw=30.00 tone=#C59A6D texture=nexuscharacters:dynamic/ear_tone_c59a6d depth=split-near-far
[NexusCharacters][EarPreview] READY phase=front side=negative style=long yaw=30.00 tone=#C59A6D texture=nexuscharacters:dynamic/ear_tone_c59a6d depth=split-near-far
[NexusCharacters][EarPreview] READY phase=back side=positive style=long yaw=30.00 tone=#C59A6D texture=nexuscharacters:dynamic/ear_tone_c59a6d depth=split-near-far
[NexusCharacters][EarPreview] READY phase=front side=negative style=long yaw=30.00 tone=#C59A6D texture=nexuscharacters:dynamic/ear_tone_c59a6d depth=split-near-far
[NexusCharacters][EarPreview] READY phase=back side=positive style=long yaw=30.00 tone=#C59A6D texture=nexuscharacters:dynamic/ear_tone_c59a6d depth=split-near-far
[NexusCharacters][EarPreview] READY phase=front side=negative style=long yaw=30.00 tone=#C59A6D texture=nexuscharacters:dynamic/ear_tone_c59a6d depth=split-near-far
[20:08:59] [Render thread/INFO]: [STDOUT]: PRE28_SCENE 12 race=WOOD_ELF viewport=164 height=102 banner=nexuscharacters:textures/gui/indivis/capitals/wood_elf.png
[NexusCharacters][EarPreview] READY phase=back side=positive style=long yaw=30.00 tone=#C59A6D texture=nexuscharacters:dynamic/ear_tone_c59a6d depth=split-near-far
[NexusCharacters][EarPreview] READY phase=front side=negative style=long yaw=30.00 tone=#C59A6D texture=nexuscharacters:dynamic/ear_tone_c59a6d depth=split-near-far
[NexusCharacters][EarPreview] READY phase=back side=positive style=long yaw=30.00 tone=#C59A6D texture=nexuscharacters:dynamic/ear_tone_c59a6d depth=split-near-far
[NexusCharacters][EarPreview] READY phase=front side=negative style=long yaw=30.00 tone=#C59A6D texture=nexuscharacters:dynamic/ear_tone_c59a6d depth=split-near-far
[NexusCharacters][EarMorph] READY build=0.830 anchor=0.980 pivotShift=-0.723
[NexusCharacters][EarPreview] READY phase=back side=positive style=long yaw=30.00 tone=#C59A6D texture=nexuscharacters:dynamic/ear_tone_c59a6d depth=split-near-far
[NexusCharacters][EarPreview] READY phase=front side=negative style=long yaw=30.00 tone=#C59A6D texture=nexuscharacters:dynamic/ear_tone_c59a6d depth=split-near-far
[NexusCharacters][EarMorph] READY build=0.960 anchor=0.960 pivotShift=0.000
[NexusCharacters][EarPreview] READY phase=back side=positive style=long yaw=30.00 tone=#F0D7BF texture=nexuscharacters:dynamic/ear_tone_f0d7bf depth=split-near-far
[NexusCharacters][EarPreview] READY phase=front side=negative style=long yaw=30.00 tone=#F0D7BF texture=nexuscharacters:dynamic/ear_tone_f0d7bf depth=split-near-far
[NexusCharacters][EarPreview] READY phase=back side=positive style=long yaw=30.00 tone=#F0D7BF texture=nexuscharacters:dynamic/ear_tone_f0d7bf depth=split-near-far
[NexusCharacters][EarPreview] READY phase=front side=negative style=long yaw=30.00 tone=#F0D7BF texture=nexuscharacters:dynamic/ear_tone_f0d7bf depth=split-near-far
[NexusCharacters][EarPreview] READY phase=back side=positive style=long yaw=30.00 tone=#F0D7BF texture=nexuscharacters:dynamic/ear_tone_f0d7bf depth=split-near-far
[NexusCharacters][EarPreview] READY phase=front side=negative style=long yaw=30.00 tone=#F0D7BF texture=nexuscharacters:dynamic/ear_tone_f0d7bf depth=split-near-far
[NexusCharacters][EarPreview] READY phase=back side=positive style=long yaw=30.00 tone=#F0D7BF texture=nexuscharacters:dynamic/ear_tone_f0d7bf depth=split-near-far
[NexusCharacters][EarPreview] READY phase=front side=negative style=long yaw=30.00 tone=#F0D7BF texture=nexuscharacters:dynamic/ear_tone_f0d7bf depth=split-near-far
[20:09:00] [Render thread/INFO]: [STDOUT]: PRE28_SCENE 13 race=HIGH_ELF viewport=164 height=102 banner=nexuscharacters:textures/gui/indivis/capitals/high_elf.png
[NexusCharacters][EarPreview] READY phase=back side=positive style=long yaw=30.00 tone=#F0D7BF texture=nexuscharacters:dynamic/ear_tone_f0d7bf depth=split-near-far
[NexusCharacters][EarPreview] READY phase=front side=negative style=long yaw=30.00 tone=#F0D7BF texture=nexuscharacters:dynamic/ear_tone_f0d7bf depth=split-near-far
[NexusCharacters][EarMorph] READY build=0.810 anchor=0.960 pivotShift=-0.741
[NexusCharacters][EarPreview] READY phase=back side=positive style=long yaw=30.00 tone=#F0D7BF texture=nexuscharacters:dynamic/ear_tone_f0d7bf depth=split-near-far
[NexusCharacters][EarPreview] READY phase=front side=negative style=long yaw=30.00 tone=#F0D7BF texture=nexuscharacters:dynamic/ear_tone_f0d7bf depth=split-near-far
[20:09:02] [Render thread/INFO]: [STDOUT]: PRE28_SCENE 14 race=NORDIC viewport=164 height=102 banner=nexuscharacters:textures/gui/indivis/capitals/nordic.png
[20:09:03] [Render thread/INFO]: [STDOUT]: PRE28_SCENE 15 race=HUMAN viewport=590 height=376 banner=nexuscharacters:textures/gui/indivis/empire.png
[20:09:04] [Render thread/INFO]: [STDOUT]: PRE28_SCENE 16 race=DWARF viewport=590 height=376 banner=nexuscharacters:textures/gui/indivis/capitals/dwarf.png
[NexusCharacters][EarMorph] READY build=0.980 anchor=0.980 pivotShift=0.000
[NexusCharacters][EarPreview] READY phase=back side=positive style=long yaw=30.00 tone=#F0C7B5 texture=nexuscharacters:dynamic/ear_tone_f0c7b5 depth=split-near-far
[NexusCharacters][EarPreview] READY phase=front side=negative style=long yaw=30.00 tone=#F0C7B5 texture=nexuscharacters:dynamic/ear_tone_f0c7b5 depth=split-near-far
[NexusCharacters][EarPreview] READY phase=back side=positive style=long yaw=30.00 tone=#F0C7B5 texture=nexuscharacters:dynamic/ear_tone_f0c7b5 depth=split-near-far
[NexusCharacters][EarPreview] READY phase=front side=negative style=long yaw=30.00 tone=#F0C7B5 texture=nexuscharacters:dynamic/ear_tone_f0c7b5 depth=split-near-far
[NexusCharacters][EarPreview] READY phase=back side=positive style=long yaw=30.00 tone=#F0C7B5 texture=nexuscharacters:dynamic/ear_tone_f0c7b5 depth=split-near-far
[NexusCharacters][EarPreview] READY phase=front side=negative style=long yaw=30.00 tone=#F0C7B5 texture=nexuscharacters:dynamic/ear_tone_f0c7b5 depth=split-near-far
[NexusCharacters][EarPreview] READY phase=back side=positive style=long yaw=30.00 tone=#F0C7B5 texture=nexuscharacters:dynamic/ear_tone_f0c7b5 depth=split-near-far
[NexusCharacters][EarPreview] READY phase=front side=negative style=long yaw=30.00 tone=#F0C7B5 texture=nexuscharacters:dynamic/ear_tone_f0c7b5 depth=split-near-far
[NexusCharacters][EarPreview] READY phase=back side=positive style=long yaw=30.00 tone=#F0C7B5 texture=nexuscharacters:dynamic/ear_tone_f0c7b5 depth=split-near-far
[NexusCharacters][EarPreview] READY phase=front side=negative style=long yaw=30.00 tone=#F0C7B5 texture=nexuscharacters:dynamic/ear_tone_f0c7b5 depth=split-near-far
[20:09:05] [Render thread/INFO]: [STDOUT]: PRE28_SCENE 17 race=WOOD_ELF viewport=590 height=376 banner=nexuscharacters:textures/gui/indivis/capitals/wood_elf.png
[NexusCharacters][EarPreview] READY phase=back side=positive style=long yaw=30.00 tone=#F0C7B5 texture=nexuscharacters:dynamic/ear_tone_f0c7b5 depth=split-near-far
[NexusCharacters][EarPreview] READY phase=front side=negative style=long yaw=30.00 tone=#F0C7B5 texture=nexuscharacters:dynamic/ear_tone_f0c7b5 depth=split-near-far
[NexusCharacters][EarPreview] READY phase=back side=positive style=long yaw=30.00 tone=#F0C7B5 texture=nexuscharacters:dynamic/ear_tone_f0c7b5 depth=split-near-far
[NexusCharacters][EarPreview] READY phase=front side=negative style=long yaw=30.00 tone=#F0C7B5 texture=nexuscharacters:dynamic/ear_tone_f0c7b5 depth=split-near-far
[NexusCharacters][EarPreview] READY phase=back side=positive style=long yaw=30.00 tone=#F0C7B5 texture=nexuscharacters:dynamic/ear_tone_f0c7b5 depth=split-near-far
[NexusCharacters][EarPreview] READY phase=front side=negative style=long yaw=30.00 tone=#F0C7B5 texture=nexuscharacters:dynamic/ear_tone_f0c7b5 depth=split-near-far
[NexusCharacters][EarPreview] READY phase=back side=positive style=long yaw=30.00 tone=#F0C7B5 texture=nexuscharacters:dynamic/ear_tone_f0c7b5 depth=split-near-far
[NexusCharacters][EarPreview] READY phase=front side=negative style=long yaw=30.00 tone=#F0C7B5 texture=nexuscharacters:dynamic/ear_tone_f0c7b5 depth=split-near-far
[NexusCharacters][EarMorph] READY build=0.960 anchor=0.960 pivotShift=0.000
[NexusCharacters][EarPreview] READY phase=back side=positive style=long yaw=30.00 tone=#F0C7B5 texture=nexuscharacters:dynamic/ear_tone_f0c7b5 depth=split-near-far
[NexusCharacters][EarPreview] READY phase=front side=negative style=long yaw=30.00 tone=#F0C7B5 texture=nexuscharacters:dynamic/ear_tone_f0c7b5 depth=split-near-far
[NexusCharacters][EarPreview] READY phase=back side=positive style=long yaw=30.00 tone=#F0C7B5 texture=nexuscharacters:dynamic/ear_tone_f0c7b5 depth=split-near-far
[NexusCharacters][EarPreview] READY phase=front side=negative style=long yaw=30.00 tone=#F0C7B5 texture=nexuscharacters:dynamic/ear_tone_f0c7b5 depth=split-near-far
[NexusCharacters][EarPreview] READY phase=back side=positive style=long yaw=30.00 tone=#F0C7B5 texture=nexuscharacters:dynamic/ear_tone_f0c7b5 depth=split-near-far
[NexusCharacters][EarPreview] READY phase=front side=negative style=long yaw=30.00 tone=#F0C7B5 texture=nexuscharacters:dynamic/ear_tone_f0c7b5 depth=split-near-far
[NexusCharacters][EarPreview] READY phase=back side=positive style=long yaw=30.00 tone=#F0C7B5 texture=nexuscharacters:dynamic/ear_tone_f0c7b5 depth=split-near-far
[NexusCharacters][EarPreview] READY phase=front side=negative style=long yaw=30.00 tone=#F0C7B5 texture=nexuscharacters:dynamic/ear_tone_f0c7b5 depth=split-near-far
[NexusCharacters][EarPreview] READY phase=back side=positive style=long yaw=30.00 tone=#F0C7B5 texture=nexuscharacters:dynamic/ear_tone_f0c7b5 depth=split-near-far
[NexusCharacters][EarPreview] READY phase=front side=negative style=long yaw=30.00 tone=#F0C7B5 texture=nexuscharacters:dynamic/ear_tone_f0c7b5 depth=split-near-far
[20:09:06] [Render thread/INFO]: [STDOUT]: PRE28_SCENE 18 race=HIGH_ELF viewport=590 height=376 banner=nexuscharacters:textures/gui/indivis/capitals/high_elf.png
[NexusCharacters][EarPreview] READY phase=back side=positive style=long yaw=30.00 tone=#F0C7B5 texture=nexuscharacters:dynamic/ear_tone_f0c7b5 depth=split-near-far
[NexusCharacters][EarPreview] READY phase=front side=negative style=long yaw=30.00 tone=#F0C7B5 texture=nexuscharacters:dynamic/ear_tone_f0c7b5 depth=split-near-far
[NexusCharacters][EarPreview] READY phase=back side=positive style=long yaw=30.00 tone=#F0C7B5 texture=nexuscharacters:dynamic/ear_tone_f0c7b5 depth=split-near-far
[NexusCharacters][EarPreview] READY phase=front side=negative style=long yaw=30.00 tone=#F0C7B5 texture=nexuscharacters:dynamic/ear_tone_f0c7b5 depth=split-near-far
[NexusCharacters][EarPreview] READY phase=back side=positive style=long yaw=30.00 tone=#F0C7B5 texture=nexuscharacters:dynamic/ear_tone_f0c7b5 depth=split-near-far
[NexusCharacters][EarPreview] READY phase=front side=negative style=long yaw=30.00 tone=#F0C7B5 texture=nexuscharacters:dynamic/ear_tone_f0c7b5 depth=split-near-far
[NexusCharacters][EarPreview] READY phase=back side=positive style=long yaw=30.00 tone=#F0C7B5 texture=nexuscharacters:dynamic/ear_tone_f0c7b5 depth=split-near-far
[NexusCharacters][EarPreview] READY phase=front side=negative style=long yaw=30.00 tone=#F0C7B5 texture=nexuscharacters:dynamic/ear_tone_f0c7b5 depth=split-near-far
[20:09:08] [Render thread/INFO]: [STDOUT]: PRE28_SCENE 19 race=NORDIC viewport=590 height=376 banner=nexuscharacters:textures/gui/indivis/capitals/nordic.png
[20:09:09] [Render thread/INFO]: [STDOUT]: PRE28_SCENE 20 race=DWARF viewport=512 height=372 banner=nexuscharacters:textures/gui/indivis/capitals/dwarf.png
[20:09:10] [Render thread/INFO]: [STDOUT]: PRE28_SCENE 21 race=DWARF viewport=512 height=372 banner=nexuscharacters:textures/gui/indivis/capitals/dwarf.png
[20:09:11] [Render thread/INFO]: [STDOUT]: PRE28_SCENE 22 race=DWARF viewport=512 height=372 banner=nexuscharacters:textures/gui/indivis/capitals/dwarf.png
[20:09:12] [Render thread/INFO]: [STDOUT]: PRE28_MENU_PASS captures=23 checks=665
[20:09:12] [Render thread/INFO]: Stopping!
