[20:04:06] [main/INFO]: [STDOUT]: UV_LAYERS_AND_HD_PASS
[20:04:06] [main/INFO]: [STDOUT]: GEOMETRY hair_long_01.png vertices=3688
[20:04:06] [main/INFO]: [STDOUT]: GEOMETRY hair_long_02.png vertices=3068
[20:04:06] [main/INFO]: [STDOUT]: GEOMETRY hair_long_03.png vertices=2608
[20:04:06] [main/INFO]: [STDOUT]: GEOMETRY hair_long_04.png vertices=2952
[20:04:06] [main/INFO]: [STDOUT]: GEOMETRY hair_long_05.png vertices=2552
[20:04:06] [main/INFO]: [STDOUT]: GEOMETRY hair_long_06.png vertices=2288
[20:04:06] [main/INFO]: [STDOUT]: GEOMETRY hair_long_07.png vertices=1172
[20:04:06] [main/INFO]: [STDOUT]: GEOMETRY hair_long_08.png vertices=676
[20:04:06] [main/INFO]: [STDOUT]: GEOMETRY hair_short_01.png vertices=2496
[20:04:06] [main/INFO]: [STDOUT]: GEOMETRY hair_short_02.png vertices=2760
[20:04:06] [main/INFO]: [STDOUT]: GEOMETRY hair_short_03.png vertices=2764
[20:04:06] [main/INFO]: [STDOUT]: GEOMETRY hair_short_04.png vertices=2968
[20:04:06] [main/INFO]: [STDOUT]: GEOMETRY hair_short_05.png vertices=2620
[20:04:06] [main/INFO]: [STDOUT]: GEOMETRY beard_light.png vertices=352
[20:04:06] [main/INFO]: [STDOUT]: GEOMETRY beard_light_02.png vertices=340
[20:04:06] [main/INFO]: [STDOUT]: GEOMETRY moustache_short.png vertices=80
[20:04:06] [main/INFO]: [STDOUT]: GEOMETRY moustache_thick.png vertices=112
[20:04:06] [main/INFO]: [STDOUT]: GEOMETRY moustache_user_01.png vertices=120
[20:04:06] [main/INFO]: [STDOUT]: GEOMETRY stubble.png vertices=300
[20:04:06] [main/INFO]: [STDOUT]: GEOMETRY outfit_01.png vertices=8408
[20:04:06] [main/INFO]: [STDOUT]: GEOMETRY outfit_03.png vertices=7988
[20:04:06] [main/INFO]: [STDOUT]: GEOMETRY outfit_04.png vertices=3852
[20:04:06] [main/INFO]: [STDOUT]: GEOMETRY outfit_05.png vertices=10284
[20:04:06] [main/INFO]: [STDOUT]: GEOMETRY outfit_06.png vertices=7320
[20:04:06] [main/INFO]: [STDOUT]: GEOMETRY outfit_07.png vertices=11352
[20:04:06] [main/INFO]: [STDOUT]: GEOMETRY outfit_10.png vertices=11292
[20:04:06] [main/INFO]: [STDOUT]: GEOMETRY outfit_13.png vertices=8716
[20:04:06] [main/INFO]: [STDOUT]: GEOMETRY outfit_14.png vertices=7088
[20:04:06] [main/INFO]: [STDOUT]: GEOMETRY outfit_15.png vertices=4816
[20:04:06] [main/INFO]: [STDOUT]: GEOMETRY outfit_16.png vertices=6968
[20:04:06] [main/INFO]: [STDOUT]: GEOMETRY outfit_17.png vertices=6968
[20:04:06] [main/INFO]: [STDOUT]: GEOMETRY outfit_18.png vertices=7220
[20:04:06] [main/INFO]: [STDOUT]: GEOMETRY outfit_19.png vertices=5464
[20:04:06] [main/INFO]: [STDOUT]: GEOMETRY outfit_20.png vertices=9652
[20:04:06] [main/INFO]: [STDOUT]: GEOMETRY outfit_21.png vertices=9340
[20:04:06] [main/INFO]: [STDOUT]: GEOMETRY outfit_22.png vertices=10896
[20:04:06] [main/INFO]: [STDOUT]: GEOMETRY outfit_23.png vertices=8740
[20:04:06] [main/INFO]: [STDOUT]: GEOMETRY outfit_24.png vertices=6368
[20:04:06] [main/INFO]: [STDOUT]: GEOMETRY outfit_25.png vertices=10696
[20:04:06] [main/INFO]: [STDOUT]: GEOMETRY outfit_26.png vertices=11424
[20:04:06] [main/INFO]: [STDOUT]: GEOMETRY outfit_27.png vertices=4504
[20:04:06] [main/INFO]: [STDOUT]: GEOMETRY outfit_28.png vertices=10616
[20:04:06] [main/INFO]: [STDOUT]: GEOMETRY outfit_29.png vertices=6392
[20:04:06] [main/INFO]: [STDOUT]: GEOMETRY outfit_30.png vertices=6392
[20:04:06] [main/INFO]: [STDOUT]: GEOMETRY outfit_31.png vertices=6528
[20:04:06] [main/INFO]: [STDOUT]: GEOMETRY outfit_32.png vertices=9632
[20:04:06] [main/INFO]: [STDOUT]: GEOMETRY outfit_33.png vertices=6368
[20:04:06] [main/INFO]: [STDOUT]: GEOMETRY outfit_34.png vertices=11560
[20:04:06] [main/INFO]: [STDOUT]: GEOMETRY outfit_35.png vertices=6528
[20:04:06] [main/INFO]: [STDOUT]: GEOMETRY outfit_36.png vertices=11428
[20:04:06] [main/INFO]: [STDOUT]: GEOMETRY outfit_37.png vertices=10348
[20:04:06] [main/INFO]: [STDOUT]: GEOMETRY outfit_38.png vertices=9344
[20:04:07] [main/INFO]: [STDOUT]: REAL_GEOMETRY_PASS hairs=13 classicBeards=6 outfits=33 checks=4529626 vertices=1365696
