[00:02:54] [main/INFO]: Loading Minecraft 1.21.11 with Fabric Loader 0.19.5
[00:02:54] [main/INFO]: Loading 62 mods:
	- capitale_rp_hud 1.3.3-beta.1+race-health-modifier-compat
	- entityculling 1.10.2
	   |-- transition 1.0.19
	   \-- trender 1.0.13
	- fabric-api 0.141.6+1.21.11
	   |-- fabric-api-base 1.0.5+4ebb5c083e
	   |-- fabric-api-lookup-api-v1 1.6.114+20dc27073e
	   |-- fabric-biome-api-v1 17.1.1+4fc5413f3e
	   |-- fabric-block-api-v1 1.1.10+4ebb5c083e
	   |-- fabric-block-view-api-v2 1.0.39+4ebb5c083e
	   |-- fabric-command-api-v2 2.4.7+6b42a6003e
	   |-- fabric-content-registries-v0 10.2.14+4fc5413f3e
	   |-- fabric-convention-tags-v1 2.1.55+7f945d5b3e
	   |-- fabric-convention-tags-v2 2.17.3+8ef948ba3e
	   |-- fabric-crash-report-info-v1 0.3.23+4ebb5c083e
	   |-- fabric-data-attachment-api-v1 1.8.48+eed0806f3e
	   |-- fabric-data-generation-api-v1 23.5.0+88d7da613e
	   |-- fabric-dimensions-v1 4.0.28+4fc5413f3e
	   |-- fabric-entity-events-v1 3.1.1+1d0ab4303e
	   |-- fabric-events-interaction-v0 4.1.1+3b89ecf63e
	   |-- fabric-game-rule-api-v1 2.0.3+4fc5413f3e
	   |-- fabric-item-api-v1 11.6.0+67f17bb43e
	   |-- fabric-item-group-api-v1 4.2.36+4fc5413f3e
	   |-- fabric-key-binding-api-v1 1.1.7+4fc5413f3e
	   |-- fabric-lifecycle-events-v1 2.6.15+4ebb5c083e
	   |-- fabric-loot-api-v2 3.0.73+3f89f5a53e
	   |-- fabric-loot-api-v3 2.0.20+78c8b4663e
	   |-- fabric-message-api-v1 6.1.12+4ebb5c083e
	   |-- fabric-model-loading-api-v1 6.0.15+4fc5413f3e
	   |-- fabric-networking-api-v1 5.1.6+6b6d71a53e
	   |-- fabric-object-builder-api-v1 21.1.40+4fc5413f3e
	   |-- fabric-particles-v1 4.2.12+4fc5413f3e
	   |-- fabric-recipe-api-v1 8.2.4+4ebb5c083e
	   |-- fabric-registry-sync-v0 6.2.6+1718722b3e
	   |-- fabric-renderer-api-v1 8.0.3+f4ffd2e53e
	   |-- fabric-renderer-indigo 5.0.3+f4ffd2e53e
	   |-- fabric-rendering-fluids-v1 3.1.43+4ebb5c083e
	   |-- fabric-rendering-v1 16.2.10+0290ad933e
	   |-- fabric-resource-conditions-api-v1 5.0.35+4fc5413f3e
	   |-- fabric-resource-loader-v0 3.3.4+4fc5413f3e
	   |-- fabric-resource-loader-v1 1.0.10+78c8b4663e
	   |-- fabric-screen-api-v1 3.1.7+4ebb5c083e
	   |-- fabric-screen-handler-api-v1 1.3.162+4fc5413f3e
	   |-- fabric-serialization-api-v1 1.0.5+4ebb5c083e
	   |-- fabric-sound-api-v1 1.0.51+4fc5413f3e
	   |-- fabric-tag-api-v1 1.3.0+88d7da613e
	   |-- fabric-transfer-api-v1 6.0.25+4fc5413f3e
	   \-- fabric-transitive-access-wideners-v1 7.1.0+014c8cec3e
	- fabricloader 0.19.5
	   \-- mixinextras 0.5.5
	- headlessagent 1
	- immediatelyfast 1.14.2+1.21.11
	   \-- net_lenni0451_reflect 1.6.1+curseforge
	- java 21
	- minecraft 1.21.11
	- nexuscharacters 1.0.0-beta.24+hc.1.21.11
	- player_animation_library 1.1.10+mc.1.21.11
	   |-- com_zigythebird_mochafloats 4.1.5
	   \-- org_javassist_javassist 3.30.2-GA
	- preview_harness 24
	- skinlayers3d 1.10.2
	- sodium 0.8.7+mc1.21.11
[00:02:54] [main/INFO]: SpongePowered MIXIN Subsystem Version=0.8.7 Source=file:/workspace/scratch/22564d9fe6f6/runtime/libs/net/fabricmc/sponge-mixin/0.17.4+mixin.0.8.7/sponge-mixin-0.17.4+mixin.0.8.7.jar Service=Knot/Fabric Env=CLIENT
/********************************************************************************************************************************************************************************************/
/*                                                                                   SpongePowered MIXIN                                                                                    */
/********************************************************************************************************************************************************************************************/
/*                                         Code source : file:/workspace/scratch/22564d9fe6f6/runtime/libs/net/fabricmc/sponge-mixin/0.17.4+mixin.0.8.7/sponge-mixin-0.17.4+mixin.0.8.7.jar */
/*                                    Internal Version : 0.8.7                                                                                                                              */
/*                                        Java Version : 21.0 (supports compatibility 6-21)                                                                                                 */
/*                         Default Compatibility Level : JAVA_8                                                                                                                             */
/*                   Max Effective Compatibility Level : JAVA_13                                                                                                                            */
/*                                Detected ASM Version : ASM 9.10.1 (ASM10_EXPERIMENTAL)                                                                                                    */
/*                          Detected ASM Supports Java : Up to Java 27 (class file version 71.0)                                                                                            */
/********************************************************************************************************************************************************************************************/
/*                                        Service Name : Knot/Fabric                                                                                                                        */
/*                                 Mixin Service Class : net.fabricmc.loader.impl.launch.knot.MixinServiceKnot                                                                              */
/*                       Global Property Service Class : net.fabricmc.loader.impl.launch.knot.FabricGlobalPropertyService                                                                   */
/*                                 Logger Adapter Type : Fabric Mixin Logger                                                                                                                */
/********************************************************************************************************************************************************************************************/
/*                                         mixin.debug : <false>                                                                                                                            */
/*                                  mixin.debug.export : - <true>                                                                                                                           */
/*                           mixin.debug.export.filter : - - <null>                                                                                                                         */
/*                        mixin.debug.export.decompile : - - <true>                                                                                                                         */
/*                  mixin.debug.export.decompile.async : - - - <true>                                                                                                                       */
/* mixin.debug.export.decompile.mergeGenericSignatures : - - - <true>                                                                                                                       */
/*                                  mixin.debug.verify : - <false>                                                                                                                          */
/*                                 mixin.debug.verbose : - <false>                                                                                                                          */
/*                         mixin.debug.countInjections : - <false>                                                                                                                          */
/*                                  mixin.debug.strict : - <false>                                                                                                                          */
/*                           mixin.debug.strict.unique : - - <false>                                                                                                                        */
/*                          mixin.debug.strict.targets : - - <false>                                                                                                                        */
/*                                mixin.debug.profiler : - <false>                                                                                                                          */
/*                           mixin.dumpTargetOnFailure : <false>                                                                                                                            */
/*                                        mixin.checks : <false>                                                                                                                            */
/*                             mixin.checks.interfaces : - <false>                                                                                                                          */
/*                      mixin.checks.interfaces.strict : - - <false>                                                                                                                        */
/*                             mixin.ignoreConstraints : <false>                                                                                                                            */
/*                                       mixin.hotSwap : <false>                                                                                                                            */
/*                                       mixin.env.obf : - <false>                                                                                                                          */
/*                             mixin.env.disableRefMap : - <false>                                                                                                                          */
/*                               mixin.env.remapRefMap : - <false>                                                                                                                          */
/*                       mixin.env.refMapRemappingFile : - <>                                                                                                                               */
/*                        mixin.env.refMapRemappingEnv : - <searge>                                                                                                                         */
/*                      mixin.env.allowPermissiveMatch : - <false>                                                                                                                          */
/*                            mixin.env.ignoreRequired : - <false>                                                                                                                          */
/*                               mixin.env.compatLevel : - <false>                                                                                                                          */
/*                          mixin.env.shiftByViolation : - <warn>                                                                                                                           */
/*                      mixin.initialiserInjectionMode : <default>                                                                                                                          */
/*               mixin.tunable.classReaderExpandFrames : - <false>                                                                                                                          */
/********************************************************************************************************************************************************************************************/
/*                                    UNSAFE_INJECTION : available=<true> enabled=<true>                                                                                                    */
/*                       INJECTORS_IN_INTERFACE_MIXINS : available=<true> enabled=<true>                                                                                                    */
/********************************************************************************************************************************************************************************************/
/*                                       Detected Side : CLIENT                                                                                                                             */
/********************************************************************************************************************************************************************************************/
[00:02:54] [main/INFO]: Attempting to load Fernflower decompiler (Threaded mode)
[00:02:54] [main/INFO]: Fernflower could not be loaded, exported classes will not be decompiled. NoClassDefFoundError: org/jetbrains/java/decompiler/main/extern/IResultSaver
[00:02:54] [main/INFO]: Loaded configuration file for Sodium: 35 options available, 0 override(s) found
[00:02:55] [main/WARN]: Error loading class: traben/entity_model_features/models/parts/EMFModelPart (java.lang.ClassNotFoundException: traben/entity_model_features/models/parts/EMFModelPart)
[00:02:55] [main/INFO]: Searching for graphics cards...
[00:02:55] [main/WARN]: Could not find any graphics adapters! Probably the device is not on a bus we can probe, or there are no devices supporting 3D acceleration.
[00:02:55] [main/WARN]: Sodium has applied one or more workarounds to prevent crashes or other issues on your system: [NO_ERROR_CONTEXT_UNSUPPORTED]
[00:02:55] [main/WARN]: This is not necessarily an issue, but it may result in certain features or optimizations being disabled. You can sometimes fix these issues by upgrading your graphics driver.
[00:02:55] [main/INFO]: Initializing MixinExtras via com.llamalad7.mixinextras.service.MixinExtrasServiceImpl(version=0.5.5).
[00:02:56] [Datafixer Bootstrap/INFO]: 287 Datafixer optimizations took 484 milliseconds
[00:03:00] [Render thread/INFO]: Environment: Environment[sessionHost=https://sessionserver.mojang.com, servicesHost=https://api.minecraftservices.com, profilesHost=https://api.mojang.com, name=PROD]
[00:03:00] [Render thread/INFO]: Setting user: PRE20Test
[00:03:00] [Render thread/INFO]: [STDOUT]: [capitale_rp_hud] Registered S2C/C2S payloads.
[00:03:00] [Render thread/INFO]: [STDOUT]: [capitale_rp_hud] Server sync enabled. v0.6.2 identity 3D preview center/Y fix + validated race morphology.
[00:03:00] [Render thread/INFO]: [STDOUT]: [capitale_rp_hud] Registered /capidentity menu command.
[00:03:00] [Render thread/INFO]: [STDOUT]: [capitale_rp_hud] Registered identity submit receiver.
[00:03:00] [Render thread/INFO]: [STDOUT]: [capitale_rp_hud] Character slot sync payload registered S2C.
[00:03:00] [Render thread/INFO]: [STDOUT]: [capitale_rp_hud] /capcharacter compatibility commands registered; legacy slot mutations are disabled (Nexus authority).
[00:03:00] [Render thread/INFO]: [STDOUT]: [capitale_rp_hud] Legacy character persistence disabled; NexusCharacters is the sole profile authority.
[00:03:00] [Render thread/INFO]: [STDOUT]: [capitale_rp_hud] BETA_1_1_53-clean-health-periodic-reset initialized. serverTick=true mode=single-authoritative-health-refresh-no-client-race-write
[00:03:00] [Render thread/INFO]: [STDOUT]: [capitale_rp_hud] BETA_1_2_5-race-meta-exact-health-total-fix initialized. serverTick=true mode=slot-meta-race-plus-total-max-health-correction
[00:03:00] [Render thread/INFO]: [STDOUT]: [capitale_rp_hud] BETA_1_2_7-strict-race-health-bounded-finalizer initialized. serverTick=true mode=bounded-no-permanent-loop
[00:03:00] [Render thread/INFO]: [STDOUT]: [capitale_rp_hud] BETA_1_0-single-shot-name-command registered END_SERVER_TICK through Event.register reflection.
[00:03:00] [Render thread/INFO]: [STDOUT]: [capitale_rp_hud] BETA_1_0-single-shot-name-command initialized. serverTick=true mode=single-command-path-no-quotes-no-spaces-no-periodic-reset
[00:03:00] [Render thread/INFO]: [STDOUT]: [capitale_rp_hud] 1.2.8-skin-remote-sync payload types registered/attempted.
[00:03:00] [Render thread/INFO]: [STDOUT]: [capitale_rp_hud] 1.2.8-skin-remote-sync server receiver registered.
[00:03:00] [Download-1/WARN]: Couldn't look up profile properties for 00000000-0000-0000-0000-000000000001
com.mojang.authlib.exceptions.MinecraftClientException: Failed to read from https://sessionserver.mojang.com/session/minecraft/profile/00000000000000000000000000000001?unsigned=false due to sessionserver.mojang.com
	at knot//com.mojang.authlib.minecraft.client.MinecraftClient.readInputStream(MinecraftClient.java:111)
	at knot//com.mojang.authlib.minecraft.client.MinecraftClient.get(MinecraftClient.java:56)
	at knot//com.mojang.authlib.yggdrasil.YggdrasilMinecraftSessionService.fetchProfileUncached(YggdrasilMinecraftSessionService.java:197)
	at knot//com.mojang.authlib.yggdrasil.YggdrasilMinecraftSessionService.fetchProfile(YggdrasilMinecraftSessionService.java:167)
	at knot//net.minecraft.class_310.method_53464(SourceFile:453)
	at java.base/java.util.concurrent.CompletableFuture$AsyncSupply.run(CompletableFuture.java:1768)
	at java.base/java.util.concurrent.ThreadPoolExecutor.runWorker(ThreadPoolExecutor.java:1144)
	at java.base/java.util.concurrent.ThreadPoolExecutor$Worker.run(ThreadPoolExecutor.java:642)
	at java.base/java.lang.Thread.run(Thread.java:1583)
Caused by: java.net.UnknownHostException: sessionserver.mojang.com
	at java.base/sun.nio.ch.NioSocketImpl.connect(NioSocketImpl.java:567)
	at java.base/java.net.SocksSocketImpl.connect(SocksSocketImpl.java:327)
	at java.base/java.net.Socket.connect(Socket.java:751)
	at java.base/sun.security.ssl.SSLSocketImpl.connect(SSLSocketImpl.java:304)
	at java.base/sun.net.NetworkClient.doConnect(NetworkClient.java:178)
	at java.base/sun.net.www.http.HttpClient.openServer(HttpClient.java:539)
	at java.base/sun.net.www.http.HttpClient.openServer(HttpClient.java:644)
	at java.base/sun.net.www.protocol.https.HttpsClient.<init>(HttpsClient.java:265)
	at java.base/sun.net.www.protocol.https.HttpsClient.New(HttpsClient.java:378)
	at java.base/sun.net.www.protocol.https.AbstractDelegateHttpsURLConnection.getNewHttpClient(AbstractDelegateHttpsURLConnection.java:196)
	at java.base/sun.net.www.protocol.http.HttpURLConnection.plainConnect0(HttpURLConnection.java:1305)
	at java.base/sun.net.www.protocol.http.HttpURLConnection.plainConnect(HttpURLConnection.java:1146)
	at java.base/sun.net.www.protocol.http.HttpURLConnection.connect(HttpURLConnection.java:1075)
	at java.base/sun.net.www.protocol.https.AbstractDelegateHttpsURLConnection.connect(AbstractDelegateHttpsURLConnection.java:181)
	at java.base/sun.net.www.protocol.http.HttpURLConnection.getInputStream0(HttpURLConnection.java:1707)
	at java.base/sun.net.www.protocol.http.HttpURLConnection.getInputStream(HttpURLConnection.java:1632)
	at java.base/java.net.HttpURLConnection.getResponseCode(HttpURLConnection.java:531)
	at java.base/sun.net.www.protocol.https.HttpsURLConnectionImpl.getResponseCode(HttpsURLConnectionImpl.java:307)
	at knot//com.mojang.authlib.minecraft.client.MinecraftClient.readInputStream(MinecraftClient.java:82)
	... 8 more
[00:03:00] [Yggdrasil Key Fetcher/ERROR]: Failed to request yggdrasil public key
com.mojang.authlib.exceptions.MinecraftClientException: Failed to read from https://api.minecraftservices.com/publickeys due to api.minecraftservices.com
	at knot//com.mojang.authlib.minecraft.client.MinecraftClient.readInputStream(MinecraftClient.java:111)
	at knot//com.mojang.authlib.minecraft.client.MinecraftClient.get(MinecraftClient.java:56)
	at knot//com.mojang.authlib.yggdrasil.YggdrasilServicesKeyInfo.fetch(YggdrasilServicesKeyInfo.java:114)
	at knot//com.mojang.authlib.yggdrasil.YggdrasilServicesKeyInfo$1.run(YggdrasilServicesKeyInfo.java:89)
	at java.base/java.util.concurrent.Executors$RunnableAdapter.call(Executors.java:572)
	at java.base/java.util.concurrent.FutureTask.run(FutureTask.java:317)
	at java.base/java.util.concurrent.ScheduledThreadPoolExecutor$ScheduledFutureTask.run(ScheduledThreadPoolExecutor.java:304)
	at java.base/java.util.concurrent.ThreadPoolExecutor.runWorker(ThreadPoolExecutor.java:1144)
	at java.base/java.util.concurrent.ThreadPoolExecutor$Worker.run(ThreadPoolExecutor.java:642)
	at java.base/java.lang.Thread.run(Thread.java:1583)
Caused by: java.net.UnknownHostException: api.minecraftservices.com
	at java.base/sun.nio.ch.NioSocketImpl.connect(NioSocketImpl.java:567)
	at java.base/java.net.SocksSocketImpl.connect(SocksSocketImpl.java:327)
	at java.base/java.net.Socket.connect(Socket.java:751)
	at java.base/sun.security.ssl.SSLSocketImpl.connect(SSLSocketImpl.java:304)
	at java.base/sun.net.NetworkClient.doConnect(NetworkClient.java:178)
	at java.base/sun.net.www.http.HttpClient.openServer(HttpClient.java:539)
	at java.base/sun.net.www.http.HttpClient.openServer(HttpClient.java:644)
	at java.base/sun.net.www.protocol.https.HttpsClient.<init>(HttpsClient.java:265)
	at java.base/sun.net.www.protocol.https.HttpsClient.New(HttpsClient.java:378)
	at java.base/sun.net.www.protocol.https.AbstractDelegateHttpsURLConnection.getNewHttpClient(AbstractDelegateHttpsURLConnection.java:196)
	at java.base/sun.net.www.protocol.http.HttpURLConnection.plainConnect0(HttpURLConnection.java:1305)
	at java.base/sun.net.www.protocol.http.HttpURLConnection.plainConnect(HttpURLConnection.java:1146)
	at java.base/sun.net.www.protocol.http.HttpURLConnection.connect(HttpURLConnection.java:1075)
	at java.base/sun.net.www.protocol.https.AbstractDelegateHttpsURLConnection.connect(AbstractDelegateHttpsURLConnection.java:181)
	at java.base/sun.net.www.protocol.http.HttpURLConnection.getInputStream0(HttpURLConnection.java:1707)
	at java.base/sun.net.www.protocol.http.HttpURLConnection.getInputStream(HttpURLConnection.java:1632)
	at java.base/java.net.HttpURLConnection.getResponseCode(HttpURLConnection.java:531)
	at java.base/sun.net.www.protocol.https.HttpsURLConnectionImpl.getResponseCode(HttpsURLConnectionImpl.java:307)
	at knot//com.mojang.authlib.minecraft.client.MinecraftClient.readInputStream(MinecraftClient.java:82)
	... 9 more
[00:03:00] [Download-2/ERROR]: Failed to fetch user properties
com.mojang.authlib.exceptions.AuthenticationUnavailableException
	at knot//com.mojang.authlib.exceptions.MinecraftClientException.toAuthenticationException(MinecraftClientException.java:29)
	at knot//com.mojang.authlib.yggdrasil.YggdrasilUserApiService.fetchProperties(YggdrasilUserApiService.java:154)
	at knot//net.minecraft.class_310.method_55608(SourceFile:457)
	at java.base/java.util.concurrent.CompletableFuture$AsyncSupply.run(CompletableFuture.java:1768)
	at java.base/java.util.concurrent.ThreadPoolExecutor.runWorker(ThreadPoolExecutor.java:1144)
	at java.base/java.util.concurrent.ThreadPoolExecutor$Worker.run(ThreadPoolExecutor.java:642)
	at java.base/java.lang.Thread.run(Thread.java:1583)
[00:03:00] [Render thread/INFO]: [STDOUT]: [Nexus][HC 0.7.8] lifecycle registered: direct Fabric Event API, no reflection
[00:03:00] [Render thread/INFO]: [STDOUT]: [capitale_rp_hud] Client receivers registered.
[00:03:00] [Render thread/INFO]: [STDOUT]: [capitale_rp_hud] HUD renderer registered.
[00:03:00] [Render thread/INFO]: [STDOUT]: [capitale_rp_hud] Character local GUI commands registered. v0.9.49-test40
[00:03:00] [Render thread/INFO]: [STDOUT]: [capitale_rp_hud] Character GUI tick registered. v0.9.49-test40
[00:03:00] [Render thread/INFO]: [STDOUT]: [capitale_rp_hud] Character GUI message/chat sync listener registered. v0.9.49-test40
[00:03:00] [Render thread/INFO]: [STDOUT]: [capitale_rp_hud] Character slot payload receiver registered. v0.9.49-test40
[00:03:00] [Render thread/INFO]: [STDOUT]: [capitale_rp_hud] BETA_1_1_56-human-preset-preview-safe initialized. clientTick=true mode=human-preview-no-cross-race-attach
[00:03:00] [Render thread/INFO]: [STDOUT]: [capitale_rp_hud] 1.2.8-skin-remote-sync client receiver registered.
[00:03:00] [Render thread/INFO]: [STDOUT]: [capitale_rp_hud] 1.2.8-skin-remote-sync client tick registered.
[00:03:01] [Render thread/INFO]: [Indigo] Different rendering plugin detected; not applying Indigo.
TEST_MOD_VERSION 1.0.0-beta.24+hc.1.21.11
ACTUAL_REGRESSION_INITIALIZED version=24.1
[LibGui] Initializing Client...
[00:03:01] [Render thread/INFO]: Backend library: LWJGL version 3.3.3-snapshot
[00:03:01] [Render thread/INFO]: Initializing ImmediatelyFast 1.14.2+1.21.11 on llvmpipe (LLVM 20.1.2, 256 bits) (Mesa) with OpenGL 4.5 (Core Profile) Mesa 25.1.7-1ubuntu2~24.04.2
[00:03:01] [Render thread/INFO]: OpenGL Vendor: Mesa
[00:03:01] [Render thread/INFO]: OpenGL Renderer: llvmpipe (LLVM 20.1.2, 256 bits)
[00:03:01] [Render thread/INFO]: OpenGL Version: 4.5 (Core Profile) Mesa 25.1.7-1ubuntu2~24.04.2
[00:03:01] [Render thread/INFO]: Using optional rendering extensions: GL_ARB_buffer_storage, GL_KHR_debug, GL_ARB_vertex_attrib_binding, GL_ARB_direct_state_access, GL_EXT_texture_filter_anisotropic
[00:03:02] [Download-2/ERROR]: Failed to fetch Realms feature flags
net.minecraft.class_4355: Realms service error (500) with message 'Could not connect to Realms: pc.realms.minecraft.net'
	at knot//net.minecraft.class_4341.method_20998(SourceFile:539)
	at knot//net.minecraft.class_4341.method_68466(SourceFile:186)
	at java.base/java.util.concurrent.CompletableFuture$AsyncSupply.run(CompletableFuture.java:1768)
	at java.base/java.util.concurrent.ThreadPoolExecutor.runWorker(ThreadPoolExecutor.java:1144)
	at java.base/java.util.concurrent.ThreadPoolExecutor$Worker.run(ThreadPoolExecutor.java:642)
	at java.base/java.lang.Thread.run(Thread.java:1583)
[00:03:02] [Render thread/INFO]: Reloading ResourceManager: vanilla, capitale_rp_hud, entityculling, fabric-api, fabric-api-base, fabric-api-lookup-api-v1, fabric-biome-api-v1, fabric-block-api-v1, fabric-block-view-api-v2, fabric-command-api-v2, fabric-content-registries-v0, fabric-convention-tags-v1, fabric-convention-tags-v2, fabric-crash-report-info-v1, fabric-data-attachment-api-v1, fabric-data-generation-api-v1, fabric-dimensions-v1, fabric-entity-events-v1, fabric-events-interaction-v0, fabric-game-rule-api-v1, fabric-item-api-v1, fabric-item-group-api-v1, fabric-key-binding-api-v1, fabric-lifecycle-events-v1, fabric-loot-api-v2, fabric-loot-api-v3, fabric-message-api-v1, fabric-model-loading-api-v1, fabric-networking-api-v1, fabric-object-builder-api-v1, fabric-particles-v1, fabric-recipe-api-v1, fabric-registry-sync-v0, fabric-renderer-api-v1, fabric-renderer-indigo, fabric-rendering-fluids-v1, fabric-rendering-v1, fabric-resource-conditions-api-v1, fabric-resource-loader-v0, fabric-resource-loader-v1, fabric-screen-api-v1, fabric-screen-handler-api-v1, fabric-serialization-api-v1, fabric-sound-api-v1, fabric-tag-api-v1, fabric-transfer-api-v1, fabric-transitive-access-wideners-v1, fabricloader, immediatelyfast, nexuscharacters, player_animation_library, preview_harness, skinlayers3d, sodium, trender
[00:03:02] [Worker-Main-2/INFO]: Found unifont_all_no_pua-17.0.01.hex, loading
[00:03:02] [Worker-Main-1/INFO]: Found unifont_pua-17.0.01.hex, loading
[00:03:02] [Worker-Main-2/INFO]: Found unifont_jp_patch-17.0.01.hex, loading
[00:03:03] [Render thread/INFO]: OpenAL initialized on device No Output
[00:03:03] [Render thread/INFO]: Sound engine started
[00:03:03] [Render thread/INFO]: Created: 512x256x0 minecraft:textures/atlas/particles.png-atlas
[00:03:03] [Render thread/INFO]: Created: 128x128x0 minecraft:textures/atlas/decorated_pot.png-atlas
[00:03:03] [Render thread/INFO]: Created: 2048x1024x0 minecraft:textures/atlas/armor_trims.png-atlas
[00:03:03] [Render thread/INFO]: Created: 512x256x0 minecraft:textures/atlas/paintings.png-atlas
[00:03:03] [Render thread/INFO]: Created: 1024x512x0 minecraft:textures/atlas/shield_patterns.png-atlas
[00:03:03] [Render thread/INFO]: Created: 2048x2048x4 minecraft:textures/atlas/blocks.png-atlas
[00:03:03] [Render thread/INFO]: Created: 512x512x0 minecraft:textures/atlas/chest.png-atlas
[00:03:03] [Render thread/INFO]: Created: 256x128x0 minecraft:textures/atlas/celestials.png-atlas
[00:03:03] [Render thread/INFO]: Created: 1024x512x0 minecraft:textures/atlas/banner_patterns.png-atlas
[00:03:03] [Render thread/INFO]: Created: 512x512x0 minecraft:textures/atlas/beds.png-atlas
[00:03:03] [Render thread/INFO]: Created: 1024x512x0 minecraft:textures/atlas/items.png-atlas
[00:03:03] [Render thread/INFO]: Created: 1024x1024x0 minecraft:textures/atlas/gui.png-atlas
[00:03:03] [Render thread/INFO]: Created: 128x64x0 minecraft:textures/atlas/map_decorations.png-atlas
[00:03:03] [Render thread/INFO]: Created: 512x256x0 minecraft:textures/atlas/signs.png-atlas
[00:03:03] [Render thread/INFO]: Created: 512x512x0 minecraft:textures/atlas/shulker_boxes.png-atlas
[00:03:04] [Render thread/INFO]: [NexusCharacters] Couche oreilles/barbes enregistrée sur le renderer joueur
[00:03:04] [Render thread/INFO]: [NexusCharacters] Couche oreilles/barbes enregistrée sur le renderer joueur
[00:03:04] [Render thread/INFO]: [NexusCharacters] Couche oreilles/barbes enregistrée sur le renderer joueur
[00:03:04] [Render thread/INFO]: [NexusCharacters] Couche oreilles/barbes enregistrée sur le renderer joueur
DYNAMIC_CATALOG_PASS hair=15 facial=8 outfits=34
ACTUAL_START_WORLD compatibility=false
[00:03:07] [Render thread/INFO]: Found new data pack capitale_rp_hud, loading it automatically
[00:03:07] [Render thread/INFO]: Found new data pack fabric-convention-tags-v2, loading it automatically
[00:03:08] [Render thread/INFO]: Loaded 1470 recipes
[00:03:08] [Render thread/INFO]: Loaded 1584 advancements
[00:03:08] [Render thread/INFO]: Applied 0 biome modifications to 0 of 65 new biomes in 1.663 ms
[00:03:08] [Server thread/INFO]: Starting integrated minecraft server version 1.21.11
[00:03:08] [Server thread/INFO]: Generating keypair
[00:03:08] [Server thread/INFO]: Selecting global world spawn...
[00:03:08] [Server thread/INFO]: Loading 0 persistent chunks...
[00:03:08] [Server thread/INFO]: Preparing spawn area: 16%
[00:03:08] [Server thread/INFO]: [Nexus] Server started — saveinterval = 6000t (300 s)
[00:03:09] [Render thread/WARN]: Failed to find a usable hardware address from the network interfaces; using random bytes: 60:c8:d7:19:ec:95:96:8a
[00:03:09] [Server thread/INFO]: Loading 48 chunks for player spawn...
[00:03:09] [Server thread/INFO]: Preparing spawn area: 16%
[00:03:09] [Server thread/INFO]: Time elapsed: 765 ms
[00:03:09] [Server thread/INFO]: [Nexus] prepareCharacterData: player=PRE20Test singleplayer/host charId=null
[00:03:09] [Server thread/INFO]: [Nexus] prepareCharacterData: player=PRE20Test singleplayer/host charId=null
[00:03:09] [Server thread/INFO]: PRE20Test[local:E:9b1fb9ff] logged in with entity id 1 at (-2.5, -60.0, -6.5)
[00:03:09] [Server thread/INFO]: [Nexus] JOIN event for PRE20Test (uuid=00000000-0000-0000-0000-000000000001) dedicated=false
[00:03:09] [Server thread/INFO]: [Nexus] JOIN: singleplayer/LAN host PRE20Test, selectedCharacter=null
[00:03:09] [Server thread/WARN]: [Nexus] applyCharacterData: no character for PRE20Test
[00:03:09] [Server thread/INFO]: PRE20Test joined the game
[00:03:09] [Render thread/INFO]: Started 1 worker threads
[00:03:09] [Server thread/INFO]: Changing view distance to 16, from 10
[00:03:10] [Server thread/INFO]: Changing simulation distance to 12, from 0
[00:03:10] [Render thread/WARN]: Ignoring chat session from PRE20Test due to missing Services public key
[00:03:10] [Render thread/INFO]: Loaded 2 advancements
[capitale_rp_hud] BETA_1_1_48-preview-ui-live-skin FORCE_RENDER_SKIN mode=minecraft_account raceId=1 idx=0 previewContext=false
ACCOUNT_SKIN_PASS cached-network+preview+actual-player+render-state+temporary-default+stale-snapshot
[00:03:10] [Render thread/INFO]: Resizing Dynamic Transforms UBO, capacity limit of 2 reached during a single frame. New capacity will be 4.
[capitale_rp_hud] BETA_1_1_48-first-person-arm-fallback FIRST_PERSON_RENDERER_ARM_SKIN_NULL arm=right-renderer-fallback original=minecraft:textures/entity/player/slim/ari.png
[00:03:10] [Render thread/INFO]: Resizing Dynamic Transforms UBO, capacity limit of 4 reached during a single frame. New capacity will be 8.
ACTUAL_WORLD_TICK 20
[NexusCharacters][NativeLayers23] PREPARED path=first-person basePaint=1430 outerVoxels=1441 hair=314 classicBeard=0
[capitale_rp_hud] BETA_1_2_2-root-grounding-race-tuned: scale=1.0/1.0/1.0
[NexusCharacters][NativeLayers23] PREPARED path=world basePaint=1430 outerVoxels=1441 hair=314 classicBeard=0
ACTUAL_WORLD_TICK 40
[00:03:12] [Server thread/INFO]: Saving and pausing game...
[00:03:12] [Server thread/INFO]: Saving chunks for level 'ServerLevel[PRE24 regression]'/minecraft:overworld
[00:03:12] [Server thread/INFO]: Saving chunks for level 'ServerLevel[PRE24 regression]'/minecraft:the_end
[00:03:12] [Server thread/INFO]: Saving chunks for level 'ServerLevel[PRE24 regression]'/minecraft:the_nether
POSE_GEOMETRY_RESULT faces=4939 coplanar=0 crossings=0 pairs={}
FIRST_PERSON_CLOTHING_GRID_PASS case=0 part=4 texels=16 maxDisplacementPixels=0.0
FIRST_PERSON_CLOTHING_GRID_PASS case=0 part=5 texels=16 maxDisplacementPixels=0.0
FIRST_PERSON_CLOTHING_GRID_PASS case=0 part=6 texels=8 maxDisplacementPixels=0.0
FIRST_PERSON_CLOTHING_GRID_PASS case=0 part=7 texels=8 maxDisplacementPixels=0.0
ACTUAL_FINAL_MESH case=0 part=field_3394 mesh=NexusPosed23[outer]
ACTUAL_FINAL_MESH case=0 part=field_3483 mesh=NexusPosed23[outer]
ACTUAL_FINAL_MESH case=0 part=field_3482 mesh=NexusPosed23[outer]
ACTUAL_FINAL_MESH case=0 part=field_3479 mesh=NexusPosed23[outer]
ACTUAL_FINAL_MESH case=0 part=field_3484 mesh=NexusPosed23[outer]
ACTUAL_FINAL_MESH case=0 part=field_3486 mesh=NexusPosed23[outer]
ACTUAL_NATIVE_NULL_RESULT missing=0
POSE_GEOMETRY_RESULT faces=5051 coplanar=0 crossings=0 pairs={}
ACTUAL_FINAL_MESH case=0 part=field_3394 mesh=NexusPosed23[outer]
ACTUAL_FINAL_MESH case=0 part=field_3483 mesh=NexusPosed23[outer]
ACTUAL_FINAL_MESH case=0 part=field_3482 mesh=NexusPosed23[outer]
ACTUAL_FINAL_MESH case=0 part=field_3479 mesh=NexusPosed23[outer]
ACTUAL_FINAL_MESH case=0 part=field_3484 mesh=NexusPosed23[outer]
ACTUAL_FINAL_MESH case=0 part=field_3486 mesh=NexusPosed23[outer]
ACTUAL_NATIVE_NULL_RESULT missing=0
ACTUAL_WORLD_TICK 60
POSE_GEOMETRY_RESULT faces=5597 coplanar=0 crossings=0 pairs={}
ACTUAL_FINAL_MESH case=0 part=field_3394 mesh=NexusPosed23[outer]
ACTUAL_FINAL_MESH case=0 part=field_3483 mesh=NexusPosed23[outer]
ACTUAL_FINAL_MESH case=0 part=field_3482 mesh=NexusPosed23[outer]
ACTUAL_FINAL_MESH case=0 part=field_3479 mesh=NexusPosed23[outer]
ACTUAL_FINAL_MESH case=0 part=field_3484 mesh=NexusPosed23[outer]
ACTUAL_FINAL_MESH case=0 part=field_3486 mesh=NexusPosed23[outer]
ACTUAL_NATIVE_NULL_RESULT missing=0
POSE_GEOMETRY_RESULT faces=5098 coplanar=0 crossings=0 pairs={}
ACTUAL_FINAL_MESH case=0 part=field_3394 mesh=NexusPosed23[outer]
ACTUAL_FINAL_MESH case=0 part=field_3483 mesh=NexusPosed23[outer]
ACTUAL_FINAL_MESH case=0 part=field_3482 mesh=NexusPosed23[outer]
ACTUAL_FINAL_MESH case=0 part=field_3479 mesh=NexusPosed23[outer]
ACTUAL_FINAL_MESH case=0 part=field_3484 mesh=NexusPosed23[outer]
ACTUAL_FINAL_MESH case=0 part=field_3486 mesh=NexusPosed23[outer]
ACTUAL_NATIVE_NULL_RESULT missing=0
ACTUAL_WORLD_TICK 80
POSE_GEOMETRY_RESULT faces=5722 coplanar=0 crossings=0 pairs={}
ACTUAL_FINAL_MESH case=0 part=field_3394 mesh=NexusPosed23[outer]
ACTUAL_FINAL_MESH case=0 part=field_3483 mesh=NexusPosed23[outer]
ACTUAL_FINAL_MESH case=0 part=field_3482 mesh=NexusPosed23[outer]
ACTUAL_FINAL_MESH case=0 part=field_3479 mesh=NexusPosed23[outer]
ACTUAL_FINAL_MESH case=0 part=field_3484 mesh=NexusPosed23[outer]
ACTUAL_FINAL_MESH case=0 part=field_3486 mesh=NexusPosed23[outer]
ACTUAL_NATIVE_NULL_RESULT missing=0
[NexusCharacters][NativeLayers23] PREPARED path=first-person basePaint=1434 outerVoxels=1443 hair=318 classicBeard=0
[NexusCharacters][NativeLayers23] PREPARED path=world basePaint=1434 outerVoxels=1443 hair=318 classicBeard=0
ACTUAL_WORLD_TICK 100
POSE_GEOMETRY_RESULT faces=4833 coplanar=0 crossings=0 pairs={}
FIRST_PERSON_CLOTHING_GRID_PASS case=1 part=4 texels=16 maxDisplacementPixels=0.0
FIRST_PERSON_CLOTHING_GRID_PASS case=1 part=5 texels=16 maxDisplacementPixels=0.0
FIRST_PERSON_CLOTHING_GRID_PASS case=1 part=6 texels=8 maxDisplacementPixels=0.0
FIRST_PERSON_CLOTHING_GRID_PASS case=1 part=7 texels=8 maxDisplacementPixels=0.0
ACTUAL_FINAL_MESH case=1 part=field_3394 mesh=NexusPosed23[outer]
ACTUAL_FINAL_MESH case=1 part=field_3483 mesh=NexusPosed23[outer]
ACTUAL_FINAL_MESH case=1 part=field_3482 mesh=NexusPosed23[outer]
ACTUAL_FINAL_MESH case=1 part=field_3479 mesh=NexusPosed23[outer]
ACTUAL_FINAL_MESH case=1 part=field_3484 mesh=NexusPosed23[outer]
ACTUAL_FINAL_MESH case=1 part=field_3486 mesh=NexusPosed23[outer]
ACTUAL_NATIVE_NULL_RESULT missing=0
[capitale_rp_hud] BETA_1_1_48-first-person-arm-fallback FIRST_PERSON_RENDERER_ARM_SKIN_NULL arm=right-renderer-fallback original=nexuscharacters:dynamic/appearance/player_v69_b1_e1_ec0_ey2_h07_hc02_s02_o01_fh0_fc00_mk0_mc0
POSE_GEOMETRY_RESULT faces=4882 coplanar=0 crossings=0 pairs={}
ACTUAL_FINAL_MESH case=1 part=field_3394 mesh=NexusPosed23[outer]
ACTUAL_FINAL_MESH case=1 part=field_3483 mesh=NexusPosed23[outer]
ACTUAL_FINAL_MESH case=1 part=field_3482 mesh=NexusPosed23[outer]
ACTUAL_FINAL_MESH case=1 part=field_3479 mesh=NexusPosed23[outer]
ACTUAL_FINAL_MESH case=1 part=field_3484 mesh=NexusPosed23[outer]
ACTUAL_FINAL_MESH case=1 part=field_3486 mesh=NexusPosed23[outer]
ACTUAL_NATIVE_NULL_RESULT missing=0
ACTUAL_WORLD_TICK 120
POSE_GEOMETRY_RESULT faces=5581 coplanar=0 crossings=0 pairs={}
ACTUAL_FINAL_MESH case=1 part=field_3394 mesh=NexusPosed23[outer]
ACTUAL_FINAL_MESH case=1 part=field_3483 mesh=NexusPosed23[outer]
ACTUAL_FINAL_MESH case=1 part=field_3482 mesh=NexusPosed23[outer]
ACTUAL_FINAL_MESH case=1 part=field_3479 mesh=NexusPosed23[outer]
ACTUAL_FINAL_MESH case=1 part=field_3484 mesh=NexusPosed23[outer]
ACTUAL_FINAL_MESH case=1 part=field_3486 mesh=NexusPosed23[outer]
ACTUAL_NATIVE_NULL_RESULT missing=0
POSE_GEOMETRY_RESULT faces=5084 coplanar=0 crossings=0 pairs={}
ACTUAL_FINAL_MESH case=1 part=field_3394 mesh=NexusPosed23[outer]
ACTUAL_FINAL_MESH case=1 part=field_3483 mesh=NexusPosed23[outer]
ACTUAL_FINAL_MESH case=1 part=field_3482 mesh=NexusPosed23[outer]
ACTUAL_FINAL_MESH case=1 part=field_3479 mesh=NexusPosed23[outer]
ACTUAL_FINAL_MESH case=1 part=field_3484 mesh=NexusPosed23[outer]
ACTUAL_FINAL_MESH case=1 part=field_3486 mesh=NexusPosed23[outer]
ACTUAL_NATIVE_NULL_RESULT missing=0
ACTUAL_WORLD_TICK 140
POSE_GEOMETRY_RESULT faces=5584 coplanar=0 crossings=0 pairs={}
ACTUAL_FINAL_MESH case=1 part=field_3394 mesh=NexusPosed23[outer]
ACTUAL_FINAL_MESH case=1 part=field_3483 mesh=NexusPosed23[outer]
ACTUAL_FINAL_MESH case=1 part=field_3482 mesh=NexusPosed23[outer]
ACTUAL_FINAL_MESH case=1 part=field_3479 mesh=NexusPosed23[outer]
ACTUAL_FINAL_MESH case=1 part=field_3484 mesh=NexusPosed23[outer]
ACTUAL_FINAL_MESH case=1 part=field_3486 mesh=NexusPosed23[outer]
ACTUAL_NATIVE_NULL_RESULT missing=0
[NexusCharacters] Dynamic appearance failed for player_v69_b1_e1_ec0_ey2_h08_hc02_s05_o01_fh1_fc00_mk0_mc0: java.lang.IllegalStateException: Rendersystem called from wrong thread
java.lang.IllegalStateException: Rendersystem called from wrong thread
	at knot//com.mojang.blaze3d.systems.RenderSystem.constructThreadException(SourceFile:119)
	at knot//com.mojang.blaze3d.systems.RenderSystem.assertOnRenderThread(SourceFile:114)
	at knot//com.mojang.blaze3d.opengl.GlStateManager.clearGlErrors(SourceFile:494)
	at knot//net.minecraft.class_10865.createTexture(SourceFile:162)
	at knot//net.minecraft.class_10865.createTexture(SourceFile:134)
	at knot//net.minecraft.class_1043.method_71142(SourceFile:40)
	at knot//net.minecraft.class_1043.<init>(SourceFile:24)
	at knot//net.tompsen.nexuscharacters.DynamicAppearanceSupport.textures(DynamicAppearanceSupport.java:57)
	at knot//net.tompsen.nexuscharacters.PresetSkinSupport.textures(PresetSkinSupport.java:48)
	at knot//net.tompsen.nexuscharacters.RemoteAppearanceSupport.resolveDtoSkin(RemoteAppearanceSupport.java:122)
	at java.base/jdk.internal.reflect.DirectMethodHandleAccessor.invoke(DirectMethodHandleAccessor.java:103)
	at java.base/java.lang.reflect.Method.invoke(Method.java:580)
	at knot//net.tompsen.nexuscharacters.LocalFirstPersonSkinSupport.resolveDto(LocalFirstPersonSkinSupport.java:98)
	at knot//net.tompsen.nexuscharacters.LocalFirstPersonSkinSupport.override(LocalFirstPersonSkinSupport.java:31)
	at knot//net.minecraft.class_742.handler$bdo000$nexuscharacters$overrideLocalSkin(SourceFile)
	at knot//net.minecraft.class_742.method_52814(SourceFile:83)
	at knot//net.minecraft.class_898.method_74406(SourceFile:95)
	at knot//net.minecraft.class_898.method_3953(SourceFile:84)
	at knot//dev.tr7zw.entityculling.NMSCullingHelper.getCullingBox(NMSCullingHelper.java:40)
	at knot//dev.tr7zw.entityculling.CullTask.cullEntities(CullTask.java:126)
	at knot//dev.tr7zw.entityculling.CullTask.run(CullTask.java:79)
	at java.base/java.lang.Thread.run(Thread.java:1583)
[NexusCharacters][NativeLayers23] PREPARED path=first-person basePaint=1436 outerVoxels=1445 hair=302 classicBeard=18
[NexusCharacters][NativeLayers23] PREPARED path=world basePaint=1436 outerVoxels=1445 hair=302 classicBeard=18
ACTUAL_WORLD_TICK 160
POSE_GEOMETRY_RESULT faces=5004 coplanar=0 crossings=0 pairs={}
FIRST_PERSON_CLOTHING_GRID_PASS case=2 part=4 texels=16 maxDisplacementPixels=0.0
FIRST_PERSON_CLOTHING_GRID_PASS case=2 part=5 texels=16 maxDisplacementPixels=0.0
FIRST_PERSON_CLOTHING_GRID_PASS case=2 part=6 texels=8 maxDisplacementPixels=0.0
FIRST_PERSON_CLOTHING_GRID_PASS case=2 part=7 texels=8 maxDisplacementPixels=0.0
ACTUAL_FINAL_MESH case=2 part=field_3394 mesh=NexusPosed23[outer]
ACTUAL_FINAL_MESH case=2 part=field_3483 mesh=NexusPosed23[outer]
ACTUAL_FINAL_MESH case=2 part=field_3482 mesh=NexusPosed23[outer]
ACTUAL_FINAL_MESH case=2 part=field_3479 mesh=NexusPosed23[outer]
ACTUAL_FINAL_MESH case=2 part=field_3484 mesh=NexusPosed23[outer]
ACTUAL_FINAL_MESH case=2 part=field_3486 mesh=NexusPosed23[outer]
ACTUAL_NATIVE_NULL_RESULT missing=0
POSE_GEOMETRY_RESULT faces=5079 coplanar=0 crossings=0 pairs={}
ACTUAL_FINAL_MESH case=2 part=field_3394 mesh=NexusPosed23[outer]
ACTUAL_FINAL_MESH case=2 part=field_3483 mesh=NexusPosed23[outer]
ACTUAL_FINAL_MESH case=2 part=field_3482 mesh=NexusPosed23[outer]
ACTUAL_FINAL_MESH case=2 part=field_3479 mesh=NexusPosed23[outer]
ACTUAL_FINAL_MESH case=2 part=field_3484 mesh=NexusPosed23[outer]
ACTUAL_FINAL_MESH case=2 part=field_3486 mesh=NexusPosed23[outer]
ACTUAL_NATIVE_NULL_RESULT missing=0
ACTUAL_WORLD_TICK 180
POSE_GEOMETRY_RESULT faces=5514 coplanar=0 crossings=0 pairs={}
ACTUAL_FINAL_MESH case=2 part=field_3394 mesh=NexusPosed23[outer]
ACTUAL_FINAL_MESH case=2 part=field_3483 mesh=NexusPosed23[outer]
ACTUAL_FINAL_MESH case=2 part=field_3482 mesh=NexusPosed23[outer]
ACTUAL_FINAL_MESH case=2 part=field_3479 mesh=NexusPosed23[outer]
ACTUAL_FINAL_MESH case=2 part=field_3484 mesh=NexusPosed23[outer]
ACTUAL_FINAL_MESH case=2 part=field_3486 mesh=NexusPosed23[outer]
ACTUAL_NATIVE_NULL_RESULT missing=0
POSE_GEOMETRY_RESULT faces=5226 coplanar=0 crossings=0 pairs={}
ACTUAL_FINAL_MESH case=2 part=field_3394 mesh=NexusPosed23[outer]
ACTUAL_FINAL_MESH case=2 part=field_3483 mesh=NexusPosed23[outer]
ACTUAL_FINAL_MESH case=2 part=field_3482 mesh=NexusPosed23[outer]
ACTUAL_FINAL_MESH case=2 part=field_3479 mesh=NexusPosed23[outer]
ACTUAL_FINAL_MESH case=2 part=field_3484 mesh=NexusPosed23[outer]
ACTUAL_FINAL_MESH case=2 part=field_3486 mesh=NexusPosed23[outer]
ACTUAL_NATIVE_NULL_RESULT missing=0
ACTUAL_WORLD_TICK 200
[capitale_rp_hud] BETA_1_1_48-preview-ui-live-skin FORCE_RENDER_SKIN mode=minecraft_account raceId=1 idx=0 previewContext=false
POSE_GEOMETRY_RESULT faces=5963 coplanar=0 crossings=0 pairs={}
ACTUAL_FINAL_MESH case=2 part=field_3394 mesh=NexusPosed23[outer]
ACTUAL_FINAL_MESH case=2 part=field_3483 mesh=NexusPosed23[outer]
ACTUAL_FINAL_MESH case=2 part=field_3482 mesh=NexusPosed23[outer]
ACTUAL_FINAL_MESH case=2 part=field_3479 mesh=NexusPosed23[outer]
ACTUAL_FINAL_MESH case=2 part=field_3484 mesh=NexusPosed23[outer]
ACTUAL_FINAL_MESH case=2 part=field_3486 mesh=NexusPosed23[outer]
ACTUAL_NATIVE_NULL_RESULT missing=0
[capitale_rp_hud] BETA_1_1_48-first-person-arm-fallback FIRST_PERSON_RENDERER_ARM_SKIN_NULL arm=right-renderer-fallback original=nexuscharacters:dynamic/appearance/player_v69_b1_e1_ec0_ey2_h08_hc02_s05_o01_fh1_fc00_mk0_mc0
[NexusCharacters][NativeLayers23] PREPARED path=first-person basePaint=1434 outerVoxels=1443 hair=312 classicBeard=6
[NexusCharacters][NativeLayers23] PREPARED path=world basePaint=1434 outerVoxels=1443 hair=312 classicBeard=6
ACTUAL_WORLD_TICK 220
POSE_GEOMETRY_RESULT faces=4962 coplanar=0 crossings=0 pairs={}
FIRST_PERSON_CLOTHING_GRID_PASS case=3 part=4 texels=16 maxDisplacementPixels=0.0
FIRST_PERSON_CLOTHING_GRID_PASS case=3 part=5 texels=16 maxDisplacementPixels=0.0
FIRST_PERSON_CLOTHING_GRID_PASS case=3 part=6 texels=8 maxDisplacementPixels=0.0
FIRST_PERSON_CLOTHING_GRID_PASS case=3 part=7 texels=8 maxDisplacementPixels=0.0
ACTUAL_FINAL_MESH case=3 part=field_3394 mesh=NexusPosed23[outer]
ACTUAL_FINAL_MESH case=3 part=field_3483 mesh=NexusPosed23[outer]
ACTUAL_FINAL_MESH case=3 part=field_3482 mesh=NexusPosed23[outer]
ACTUAL_FINAL_MESH case=3 part=field_3479 mesh=NexusPosed23[outer]
ACTUAL_FINAL_MESH case=3 part=field_3484 mesh=NexusPosed23[outer]
ACTUAL_FINAL_MESH case=3 part=field_3486 mesh=NexusPosed23[outer]
ACTUAL_NATIVE_NULL_RESULT missing=0
POSE_GEOMETRY_RESULT faces=5036 coplanar=0 crossings=0 pairs={}
ACTUAL_FINAL_MESH case=3 part=field_3394 mesh=NexusPosed23[outer]
ACTUAL_FINAL_MESH case=3 part=field_3483 mesh=NexusPosed23[outer]
ACTUAL_FINAL_MESH case=3 part=field_3482 mesh=NexusPosed23[outer]
ACTUAL_FINAL_MESH case=3 part=field_3479 mesh=NexusPosed23[outer]
ACTUAL_FINAL_MESH case=3 part=field_3484 mesh=NexusPosed23[outer]
ACTUAL_FINAL_MESH case=3 part=field_3486 mesh=NexusPosed23[outer]
ACTUAL_NATIVE_NULL_RESULT missing=0
ACTUAL_WORLD_TICK 240
POSE_GEOMETRY_RESULT faces=5450 coplanar=0 crossings=0 pairs={}
ACTUAL_FINAL_MESH case=3 part=field_3394 mesh=NexusPosed23[outer]
ACTUAL_FINAL_MESH case=3 part=field_3483 mesh=NexusPosed23[outer]
ACTUAL_FINAL_MESH case=3 part=field_3482 mesh=NexusPosed23[outer]
ACTUAL_FINAL_MESH case=3 part=field_3479 mesh=NexusPosed23[outer]
ACTUAL_FINAL_MESH case=3 part=field_3484 mesh=NexusPosed23[outer]
ACTUAL_FINAL_MESH case=3 part=field_3486 mesh=NexusPosed23[outer]
ACTUAL_NATIVE_NULL_RESULT missing=0
POSE_GEOMETRY_RESULT faces=5132 coplanar=0 crossings=0 pairs={}
ACTUAL_FINAL_MESH case=3 part=field_3394 mesh=NexusPosed23[outer]
ACTUAL_FINAL_MESH case=3 part=field_3483 mesh=NexusPosed23[outer]
ACTUAL_FINAL_MESH case=3 part=field_3482 mesh=NexusPosed23[outer]
ACTUAL_FINAL_MESH case=3 part=field_3479 mesh=NexusPosed23[outer]
ACTUAL_FINAL_MESH case=3 part=field_3484 mesh=NexusPosed23[outer]
ACTUAL_FINAL_MESH case=3 part=field_3486 mesh=NexusPosed23[outer]
ACTUAL_NATIVE_NULL_RESULT missing=0
ACTUAL_WORLD_TICK 260
POSE_GEOMETRY_RESULT faces=5918 coplanar=0 crossings=0 pairs={}
ACTUAL_FINAL_MESH case=3 part=field_3394 mesh=NexusPosed23[outer]
ACTUAL_FINAL_MESH case=3 part=field_3483 mesh=NexusPosed23[outer]
ACTUAL_FINAL_MESH case=3 part=field_3482 mesh=NexusPosed23[outer]
ACTUAL_FINAL_MESH case=3 part=field_3479 mesh=NexusPosed23[outer]
ACTUAL_FINAL_MESH case=3 part=field_3484 mesh=NexusPosed23[outer]
ACTUAL_FINAL_MESH case=3 part=field_3486 mesh=NexusPosed23[outer]
ACTUAL_NATIVE_NULL_RESULT missing=0
[NexusCharacters][NativeLayers23] PREPARED path=first-person basePaint=1434 outerVoxels=1443 hair=318 classicBeard=0
[NexusCharacters][NativeLayers23] PREPARED path=world basePaint=1434 outerVoxels=1443 hair=318 classicBeard=0
[00:03:23] [Render thread/INFO]: [NexusCharacters] Cosmétiques 3D visibles et opaques (oreilles=long, barbe=none)
ACTUAL_WORLD_TICK 280
POSE_GEOMETRY_RESULT faces=4833 coplanar=0 crossings=0 pairs={}
FIRST_PERSON_CLOTHING_GRID_PASS case=4 part=4 texels=16 maxDisplacementPixels=0.0
FIRST_PERSON_CLOTHING_GRID_PASS case=4 part=5 texels=16 maxDisplacementPixels=0.0
FIRST_PERSON_CLOTHING_GRID_PASS case=4 part=6 texels=8 maxDisplacementPixels=0.0
FIRST_PERSON_CLOTHING_GRID_PASS case=4 part=7 texels=8 maxDisplacementPixels=0.0
ACTUAL_FINAL_MESH case=4 part=field_3394 mesh=NexusPosed23[outer]
ACTUAL_FINAL_MESH case=4 part=field_3483 mesh=NexusPosed23[outer]
ACTUAL_FINAL_MESH case=4 part=field_3482 mesh=NexusPosed23[outer]
ACTUAL_FINAL_MESH case=4 part=field_3479 mesh=NexusPosed23[outer]
ACTUAL_FINAL_MESH case=4 part=field_3484 mesh=NexusPosed23[outer]
ACTUAL_FINAL_MESH case=4 part=field_3486 mesh=NexusPosed23[outer]
ACTUAL_NATIVE_NULL_RESULT missing=0
POSE_GEOMETRY_RESULT faces=4882 coplanar=0 crossings=0 pairs={}
ACTUAL_FINAL_MESH case=4 part=field_3394 mesh=NexusPosed23[outer]
ACTUAL_FINAL_MESH case=4 part=field_3483 mesh=NexusPosed23[outer]
ACTUAL_FINAL_MESH case=4 part=field_3482 mesh=NexusPosed23[outer]
ACTUAL_FINAL_MESH case=4 part=field_3479 mesh=NexusPosed23[outer]
ACTUAL_FINAL_MESH case=4 part=field_3484 mesh=NexusPosed23[outer]
ACTUAL_FINAL_MESH case=4 part=field_3486 mesh=NexusPosed23[outer]
ACTUAL_NATIVE_NULL_RESULT missing=0
ACTUAL_WORLD_TICK 300
POSE_GEOMETRY_RESULT faces=5581 coplanar=0 crossings=0 pairs={}
ACTUAL_FINAL_MESH case=4 part=field_3394 mesh=NexusPosed23[outer]
ACTUAL_FINAL_MESH case=4 part=field_3483 mesh=NexusPosed23[outer]
ACTUAL_FINAL_MESH case=4 part=field_3482 mesh=NexusPosed23[outer]
ACTUAL_FINAL_MESH case=4 part=field_3479 mesh=NexusPosed23[outer]
ACTUAL_FINAL_MESH case=4 part=field_3484 mesh=NexusPosed23[outer]
ACTUAL_FINAL_MESH case=4 part=field_3486 mesh=NexusPosed23[outer]
ACTUAL_NATIVE_NULL_RESULT missing=0
[capitale_rp_hud] BETA_1_1_48-first-person-arm-fallback FIRST_PERSON_RENDERER_ARM_SKIN_NULL arm=right-renderer-fallback original=nexuscharacters:dynamic/appearance/player_v69_b1_e1_ec0_ey2_h07_hc02_s05_o01_fh0_fc00_mk0_mc0
POSE_GEOMETRY_RESULT faces=5084 coplanar=0 crossings=0 pairs={}
ACTUAL_FINAL_MESH case=4 part=field_3394 mesh=NexusPosed23[outer]
ACTUAL_FINAL_MESH case=4 part=field_3483 mesh=NexusPosed23[outer]
ACTUAL_FINAL_MESH case=4 part=field_3482 mesh=NexusPosed23[outer]
ACTUAL_FINAL_MESH case=4 part=field_3479 mesh=NexusPosed23[outer]
ACTUAL_FINAL_MESH case=4 part=field_3484 mesh=NexusPosed23[outer]
ACTUAL_FINAL_MESH case=4 part=field_3486 mesh=NexusPosed23[outer]
ACTUAL_NATIVE_NULL_RESULT missing=0
ACTUAL_WORLD_TICK 320
POSE_GEOMETRY_RESULT faces=5584 coplanar=0 crossings=0 pairs={}
ACTUAL_FINAL_MESH case=4 part=field_3394 mesh=NexusPosed23[outer]
ACTUAL_FINAL_MESH case=4 part=field_3483 mesh=NexusPosed23[outer]
ACTUAL_FINAL_MESH case=4 part=field_3482 mesh=NexusPosed23[outer]
ACTUAL_FINAL_MESH case=4 part=field_3479 mesh=NexusPosed23[outer]
ACTUAL_FINAL_MESH case=4 part=field_3484 mesh=NexusPosed23[outer]
ACTUAL_FINAL_MESH case=4 part=field_3486 mesh=NexusPosed23[outer]
ACTUAL_NATIVE_NULL_RESULT missing=0
[NexusCharacters][NativeLayers23] PREPARED path=first-person basePaint=1103 outerVoxels=1112 hair=313 classicBeard=0
[NexusCharacters][NativeLayers23] PREPARED path=world basePaint=1103 outerVoxels=1112 hair=313 classicBeard=0
ACTUAL_WORLD_TICK 340
POSE_GEOMETRY_RESULT faces=4240 coplanar=0 crossings=0 pairs={}
FIRST_PERSON_CLOTHING_GRID_PASS case=5 part=4 texels=2 maxDisplacementPixels=0.0
FIRST_PERSON_CLOTHING_GRID_PASS case=5 part=5 texels=2 maxDisplacementPixels=0.0
FIRST_PERSON_CLOTHING_GRID_PASS case=5 part=6 texels=0 maxDisplacementPixels=0.0
FIRST_PERSON_CLOTHING_GRID_PASS case=5 part=7 texels=1 maxDisplacementPixels=0.0
ACTUAL_FINAL_MESH case=5 part=field_3394 mesh=NexusPosed23[outer]
ACTUAL_FINAL_MESH case=5 part=field_3483 mesh=NexusPosed23[outer]
ACTUAL_FINAL_MESH case=5 part=field_3482 mesh=NexusPosed23[outer]
ACTUAL_FINAL_MESH case=5 part=field_3479 mesh=NexusPosed23[outer]
ACTUAL_FINAL_MESH case=5 part=field_3484 mesh=NexusPosed23[outer]
ACTUAL_FINAL_MESH case=5 part=field_3486 mesh=NexusPosed23[outer]
ACTUAL_NATIVE_NULL_RESULT missing=0
POSE_GEOMETRY_RESULT faces=4461 coplanar=0 crossings=0 pairs={}
ACTUAL_FINAL_MESH case=5 part=field_3394 mesh=NexusPosed23[outer]
ACTUAL_FINAL_MESH case=5 part=field_3483 mesh=NexusPosed23[outer]
ACTUAL_FINAL_MESH case=5 part=field_3482 mesh=NexusPosed23[outer]
ACTUAL_FINAL_MESH case=5 part=field_3479 mesh=NexusPosed23[outer]
ACTUAL_FINAL_MESH case=5 part=field_3484 mesh=NexusPosed23[outer]
ACTUAL_FINAL_MESH case=5 part=field_3486 mesh=NexusPosed23[outer]
ACTUAL_NATIVE_NULL_RESULT missing=0
ACTUAL_WORLD_TICK 360
POSE_GEOMETRY_RESULT faces=4898 coplanar=0 crossings=0 pairs={}
ACTUAL_FINAL_MESH case=5 part=field_3394 mesh=NexusPosed23[outer]
ACTUAL_FINAL_MESH case=5 part=field_3483 mesh=NexusPosed23[outer]
ACTUAL_FINAL_MESH case=5 part=field_3482 mesh=NexusPosed23[outer]
ACTUAL_FINAL_MESH case=5 part=field_3479 mesh=NexusPosed23[outer]
ACTUAL_FINAL_MESH case=5 part=field_3484 mesh=NexusPosed23[outer]
ACTUAL_FINAL_MESH case=5 part=field_3486 mesh=NexusPosed23[outer]
ACTUAL_NATIVE_NULL_RESULT missing=0
POSE_GEOMETRY_RESULT faces=4542 coplanar=0 crossings=0 pairs={}
ACTUAL_FINAL_MESH case=5 part=field_3394 mesh=NexusPosed23[outer]
ACTUAL_FINAL_MESH case=5 part=field_3483 mesh=NexusPosed23[outer]
ACTUAL_FINAL_MESH case=5 part=field_3482 mesh=NexusPosed23[outer]
ACTUAL_FINAL_MESH case=5 part=field_3479 mesh=NexusPosed23[outer]
ACTUAL_FINAL_MESH case=5 part=field_3484 mesh=NexusPosed23[outer]
ACTUAL_FINAL_MESH case=5 part=field_3486 mesh=NexusPosed23[outer]
ACTUAL_NATIVE_NULL_RESULT missing=0
ACTUAL_WORLD_TICK 380
POSE_GEOMETRY_RESULT faces=4792 coplanar=0 crossings=0 pairs={}
ACTUAL_FINAL_MESH case=5 part=field_3394 mesh=NexusPosed23[outer]
ACTUAL_FINAL_MESH case=5 part=field_3483 mesh=NexusPosed23[outer]
ACTUAL_FINAL_MESH case=5 part=field_3482 mesh=NexusPosed23[outer]
ACTUAL_FINAL_MESH case=5 part=field_3479 mesh=NexusPosed23[outer]
ACTUAL_FINAL_MESH case=5 part=field_3484 mesh=NexusPosed23[outer]
ACTUAL_FINAL_MESH case=5 part=field_3486 mesh=NexusPosed23[outer]
ACTUAL_NATIVE_NULL_RESULT missing=0
PAL_ACTIVE_ANIMATION_STARTED
[NexusCharacters][NativeLayers23] PREPARED path=first-person basePaint=1534 outerVoxels=1543 hair=312 classicBeard=0
[NexusCharacters][NativeLayers23] PREPARED path=world basePaint=1534 outerVoxels=1543 hair=312 classicBeard=0
ACTUAL_WORLD_TICK 400
POSE_GEOMETRY_RESULT faces=7282 coplanar=0 crossings=0 pairs={}
FIRST_PERSON_CLOTHING_GRID_PASS case=6 part=4 texels=20 maxDisplacementPixels=0.0
FIRST_PERSON_CLOTHING_GRID_PASS case=6 part=5 texels=20 maxDisplacementPixels=0.0
FIRST_PERSON_CLOTHING_GRID_PASS case=6 part=6 texels=10 maxDisplacementPixels=0.0
FIRST_PERSON_CLOTHING_GRID_PASS case=6 part=7 texels=10 maxDisplacementPixels=0.0
ACTUAL_FINAL_MESH case=6 part=field_3394 mesh=NexusPosed23[outer]
ACTUAL_FINAL_MESH case=6 part=field_3483 mesh=NexusPosed23[outer]
ACTUAL_FINAL_MESH case=6 part=field_3482 mesh=NexusPosed23[outer]
ACTUAL_FINAL_MESH case=6 part=field_3479 mesh=NexusPosed23[outer]
ACTUAL_FINAL_MESH case=6 part=field_3484 mesh=NexusPosed23[outer]
ACTUAL_FINAL_MESH case=6 part=field_3486 mesh=NexusPosed23[outer]
ACTUAL_NATIVE_NULL_RESULT missing=0
[capitale_rp_hud] BETA_1_1_48-preview-ui-live-skin FORCE_RENDER_SKIN mode=minecraft_account raceId=1 idx=0 previewContext=false
POSE_GEOMETRY_RESULT faces=7282 coplanar=0 crossings=0 pairs={}
ACTUAL_FINAL_MESH case=6 part=field_3394 mesh=NexusPosed23[outer]
ACTUAL_FINAL_MESH case=6 part=field_3483 mesh=NexusPosed23[outer]
ACTUAL_FINAL_MESH case=6 part=field_3482 mesh=NexusPosed23[outer]
ACTUAL_FINAL_MESH case=6 part=field_3479 mesh=NexusPosed23[outer]
ACTUAL_FINAL_MESH case=6 part=field_3484 mesh=NexusPosed23[outer]
ACTUAL_FINAL_MESH case=6 part=field_3486 mesh=NexusPosed23[outer]
ACTUAL_NATIVE_NULL_RESULT missing=0
[capitale_rp_hud] BETA_1_1_48-first-person-arm-fallback FIRST_PERSON_RENDERER_ARM_SKIN_NULL arm=right-renderer-fallback original=nexuscharacters:dynamic/appearance/player_v69_b1_e1_ec0_ey2_h08_hc02_s05_o20_fh0_fc00_mk0_mc0
ACTUAL_WORLD_TICK 420
POSE_GEOMETRY_RESULT faces=8058 coplanar=0 crossings=0 pairs={}
ACTUAL_FINAL_MESH case=6 part=field_3394 mesh=NexusPosed23[outer]
ACTUAL_FINAL_MESH case=6 part=field_3483 mesh=NexusPosed23[outer]
ACTUAL_FINAL_MESH case=6 part=field_3482 mesh=NexusPosed23[outer]
ACTUAL_FINAL_MESH case=6 part=field_3479 mesh=NexusPosed23[outer]
ACTUAL_FINAL_MESH case=6 part=field_3484 mesh=NexusPosed23[outer]
ACTUAL_FINAL_MESH case=6 part=field_3486 mesh=NexusPosed23[outer]
ACTUAL_NATIVE_NULL_RESULT missing=0
POSE_GEOMETRY_RESULT faces=7282 coplanar=0 crossings=0 pairs={}
ACTUAL_FINAL_MESH case=6 part=field_3394 mesh=NexusPosed23[outer]
ACTUAL_FINAL_MESH case=6 part=field_3483 mesh=NexusPosed23[outer]
ACTUAL_FINAL_MESH case=6 part=field_3482 mesh=NexusPosed23[outer]
ACTUAL_FINAL_MESH case=6 part=field_3479 mesh=NexusPosed23[outer]
ACTUAL_FINAL_MESH case=6 part=field_3484 mesh=NexusPosed23[outer]
ACTUAL_FINAL_MESH case=6 part=field_3486 mesh=NexusPosed23[outer]
ACTUAL_NATIVE_NULL_RESULT missing=0
ACTUAL_WORLD_TICK 440
POSE_GEOMETRY_RESULT faces=7376 coplanar=0 crossings=0 pairs={}
ACTUAL_FINAL_MESH case=6 part=field_3394 mesh=NexusPosed23[outer]
ACTUAL_FINAL_MESH case=6 part=field_3483 mesh=NexusPosed23[outer]
ACTUAL_FINAL_MESH case=6 part=field_3482 mesh=NexusPosed23[outer]
ACTUAL_FINAL_MESH case=6 part=field_3479 mesh=NexusPosed23[outer]
ACTUAL_FINAL_MESH case=6 part=field_3484 mesh=NexusPosed23[outer]
ACTUAL_FINAL_MESH case=6 part=field_3486 mesh=NexusPosed23[outer]
ACTUAL_NATIVE_NULL_RESULT missing=0
[NexusCharacters][NativeLayers23] PREPARED path=first-person basePaint=1558 outerVoxels=1568 hair=310 classicBeard=26
[NexusCharacters][NativeLayers23] PREPARED path=world basePaint=1558 outerVoxels=1568 hair=310 classicBeard=26
ACTUAL_WORLD_TICK 460
POSE_GEOMETRY_RESULT faces=5563 coplanar=0 crossings=0 pairs={}
FIRST_PERSON_CLOTHING_GRID_PASS case=7 part=4 texels=20 maxDisplacementPixels=0.0
FIRST_PERSON_CLOTHING_GRID_PASS case=7 part=5 texels=20 maxDisplacementPixels=0.0
FIRST_PERSON_CLOTHING_GRID_PASS case=7 part=6 texels=10 maxDisplacementPixels=0.0
FIRST_PERSON_CLOTHING_GRID_PASS case=7 part=7 texels=10 maxDisplacementPixels=0.0
ACTUAL_FINAL_MESH case=7 part=field_3394 mesh=NexusPosed23[outer]
ACTUAL_FINAL_MESH case=7 part=field_3483 mesh=NexusPosed23[outer]
ACTUAL_FINAL_MESH case=7 part=field_3482 mesh=NexusPosed23[outer]
ACTUAL_FINAL_MESH case=7 part=field_3479 mesh=NexusPosed23[outer]
ACTUAL_FINAL_MESH case=7 part=field_3484 mesh=NexusPosed23[outer]
ACTUAL_FINAL_MESH case=7 part=field_3486 mesh=NexusPosed23[outer]
ACTUAL_NATIVE_NULL_RESULT missing=0
POSE_GEOMETRY_RESULT faces=5810 coplanar=0 crossings=0 pairs={}
ACTUAL_FINAL_MESH case=7 part=field_3394 mesh=NexusPosed23[outer]
ACTUAL_FINAL_MESH case=7 part=field_3483 mesh=NexusPosed23[outer]
ACTUAL_FINAL_MESH case=7 part=field_3482 mesh=NexusPosed23[outer]
ACTUAL_FINAL_MESH case=7 part=field_3479 mesh=NexusPosed23[outer]
ACTUAL_FINAL_MESH case=7 part=field_3484 mesh=NexusPosed23[outer]
ACTUAL_FINAL_MESH case=7 part=field_3486 mesh=NexusPosed23[outer]
ACTUAL_NATIVE_NULL_RESULT missing=0
ACTUAL_WORLD_TICK 480
POSE_GEOMETRY_RESULT faces=6328 coplanar=0 crossings=0 pairs={}
ACTUAL_FINAL_MESH case=7 part=field_3394 mesh=NexusPosed23[outer]
ACTUAL_FINAL_MESH case=7 part=field_3483 mesh=NexusPosed23[outer]
ACTUAL_FINAL_MESH case=7 part=field_3482 mesh=NexusPosed23[outer]
ACTUAL_FINAL_MESH case=7 part=field_3479 mesh=NexusPosed23[outer]
ACTUAL_FINAL_MESH case=7 part=field_3484 mesh=NexusPosed23[outer]
ACTUAL_FINAL_MESH case=7 part=field_3486 mesh=NexusPosed23[outer]
ACTUAL_NATIVE_NULL_RESULT missing=0
POSE_GEOMETRY_RESULT faces=5913 coplanar=0 crossings=0 pairs={}
ACTUAL_FINAL_MESH case=7 part=field_3394 mesh=NexusPosed23[outer]
ACTUAL_FINAL_MESH case=7 part=field_3483 mesh=NexusPosed23[outer]
ACTUAL_FINAL_MESH case=7 part=field_3482 mesh=NexusPosed23[outer]
ACTUAL_FINAL_MESH case=7 part=field_3479 mesh=NexusPosed23[outer]
ACTUAL_FINAL_MESH case=7 part=field_3484 mesh=NexusPosed23[outer]
ACTUAL_FINAL_MESH case=7 part=field_3486 mesh=NexusPosed23[outer]
ACTUAL_NATIVE_NULL_RESULT missing=0
ACTUAL_WORLD_TICK 500
POSE_GEOMETRY_RESULT faces=6520 coplanar=0 crossings=0 pairs={}
ACTUAL_FINAL_MESH case=7 part=field_3394 mesh=NexusPosed23[outer]
ACTUAL_FINAL_MESH case=7 part=field_3483 mesh=NexusPosed23[outer]
ACTUAL_FINAL_MESH case=7 part=field_3482 mesh=NexusPosed23[outer]
ACTUAL_FINAL_MESH case=7 part=field_3479 mesh=NexusPosed23[outer]
ACTUAL_FINAL_MESH case=7 part=field_3484 mesh=NexusPosed23[outer]
ACTUAL_FINAL_MESH case=7 part=field_3486 mesh=NexusPosed23[outer]
ACTUAL_NATIVE_NULL_RESULT missing=0
[NexusCharacters][NativeLayers23] PREPARED path=first-person basePaint=1558 outerVoxels=1562 hair=293 classicBeard=43
[NexusCharacters][NativeLayers23] PREPARED path=world basePaint=1558 outerVoxels=1562 hair=293 classicBeard=43
[capitale_rp_hud] BETA_1_1_48-first-person-arm-fallback FIRST_PERSON_RENDERER_ARM_SKIN_NULL arm=right-renderer-fallback original=nexuscharacters:dynamic/appearance/player_v69_b1_e1_ec0_ey2_h10_hc02_s05_o20_fh5_fc04_mk0_mc0
ACTUAL_WORLD_TICK 520
POSE_GEOMETRY_RESULT faces=5501 coplanar=0 crossings=0 pairs={}
FIRST_PERSON_CLOTHING_GRID_PASS case=8 part=4 texels=20 maxDisplacementPixels=0.0
FIRST_PERSON_CLOTHING_GRID_PASS case=8 part=5 texels=20 maxDisplacementPixels=0.0
FIRST_PERSON_CLOTHING_GRID_PASS case=8 part=6 texels=10 maxDisplacementPixels=0.0
FIRST_PERSON_CLOTHING_GRID_PASS case=8 part=7 texels=10 maxDisplacementPixels=0.0
ACTUAL_FINAL_MESH case=8 part=field_3394 mesh=NexusPosed23[outer]
ACTUAL_FINAL_MESH case=8 part=field_3483 mesh=NexusPosed23[outer]
ACTUAL_FINAL_MESH case=8 part=field_3482 mesh=NexusPosed23[outer]
ACTUAL_FINAL_MESH case=8 part=field_3479 mesh=NexusPosed23[outer]
ACTUAL_FINAL_MESH case=8 part=field_3484 mesh=NexusPosed23[outer]
ACTUAL_FINAL_MESH case=8 part=field_3486 mesh=NexusPosed23[outer]
ACTUAL_NATIVE_NULL_RESULT missing=0
POSE_GEOMETRY_RESULT faces=5828 coplanar=0 crossings=0 pairs={}
ACTUAL_FINAL_MESH case=8 part=field_3394 mesh=NexusPosed23[outer]
ACTUAL_FINAL_MESH case=8 part=field_3483 mesh=NexusPosed23[outer]
ACTUAL_FINAL_MESH case=8 part=field_3482 mesh=NexusPosed23[outer]
ACTUAL_FINAL_MESH case=8 part=field_3479 mesh=NexusPosed23[outer]
ACTUAL_FINAL_MESH case=8 part=field_3484 mesh=NexusPosed23[outer]
ACTUAL_FINAL_MESH case=8 part=field_3486 mesh=NexusPosed23[outer]
ACTUAL_NATIVE_NULL_RESULT missing=0
ACTUAL_WORLD_TICK 540
POSE_GEOMETRY_RESULT faces=6177 coplanar=0 crossings=0 pairs={}
ACTUAL_FINAL_MESH case=8 part=field_3394 mesh=NexusPosed23[outer]
ACTUAL_FINAL_MESH case=8 part=field_3483 mesh=NexusPosed23[outer]
ACTUAL_FINAL_MESH case=8 part=field_3482 mesh=NexusPosed23[outer]
ACTUAL_FINAL_MESH case=8 part=field_3479 mesh=NexusPosed23[outer]
ACTUAL_FINAL_MESH case=8 part=field_3484 mesh=NexusPosed23[outer]
ACTUAL_FINAL_MESH case=8 part=field_3486 mesh=NexusPosed23[outer]
ACTUAL_NATIVE_NULL_RESULT missing=0
POSE_GEOMETRY_RESULT faces=5859 coplanar=0 crossings=0 pairs={}
ACTUAL_FINAL_MESH case=8 part=field_3394 mesh=NexusPosed23[outer]
ACTUAL_FINAL_MESH case=8 part=field_3483 mesh=NexusPosed23[outer]
ACTUAL_FINAL_MESH case=8 part=field_3482 mesh=NexusPosed23[outer]
ACTUAL_FINAL_MESH case=8 part=field_3479 mesh=NexusPosed23[outer]
ACTUAL_FINAL_MESH case=8 part=field_3484 mesh=NexusPosed23[outer]
ACTUAL_FINAL_MESH case=8 part=field_3486 mesh=NexusPosed23[outer]
ACTUAL_NATIVE_NULL_RESULT missing=0
ACTUAL_WORLD_TICK 560
POSE_GEOMETRY_RESULT faces=6486 coplanar=0 crossings=0 pairs={}
ACTUAL_FINAL_MESH case=8 part=field_3394 mesh=NexusPosed23[outer]
ACTUAL_FINAL_MESH case=8 part=field_3483 mesh=NexusPosed23[outer]
ACTUAL_FINAL_MESH case=8 part=field_3482 mesh=NexusPosed23[outer]
ACTUAL_FINAL_MESH case=8 part=field_3479 mesh=NexusPosed23[outer]
ACTUAL_FINAL_MESH case=8 part=field_3484 mesh=NexusPosed23[outer]
ACTUAL_FINAL_MESH case=8 part=field_3486 mesh=NexusPosed23[outer]
ACTUAL_NATIVE_NULL_RESULT missing=0
[NexusCharacters][NativeLayers23] PREPARED path=first-person basePaint=994 outerVoxels=1002 hair=322 classicBeard=0
[NexusCharacters][NativeLayers23] PREPARED path=world basePaint=994 outerVoxels=1002 hair=322 classicBeard=0
ACTUAL_WORLD_TICK 580
POSE_GEOMETRY_RESULT faces=4466 coplanar=0 crossings=0 pairs={}
FIRST_PERSON_CLOTHING_GRID_PASS case=9 part=4 texels=5 maxDisplacementPixels=0.0
FIRST_PERSON_CLOTHING_GRID_PASS case=9 part=5 texels=5 maxDisplacementPixels=0.0
FIRST_PERSON_CLOTHING_GRID_PASS case=9 part=6 texels=2 maxDisplacementPixels=0.0
FIRST_PERSON_CLOTHING_GRID_PASS case=9 part=7 texels=2 maxDisplacementPixels=0.0
ACTUAL_FINAL_MESH case=9 part=field_3394 mesh=NexusPosed23[outer]
ACTUAL_FINAL_MESH case=9 part=field_3483 mesh=NexusPosed23[outer]
ACTUAL_FINAL_MESH case=9 part=field_3482 mesh=NexusPosed23[outer]
ACTUAL_FINAL_MESH case=9 part=field_3479 mesh=NexusPosed23[outer]
ACTUAL_FINAL_MESH case=9 part=field_3484 mesh=NexusPosed23[outer]
ACTUAL_FINAL_MESH case=9 part=field_3486 mesh=NexusPosed23[outer]
ACTUAL_NATIVE_NULL_RESULT missing=0
POSE_GEOMETRY_RESULT faces=4744 coplanar=0 crossings=0 pairs={}
ACTUAL_FINAL_MESH case=9 part=field_3394 mesh=NexusPosed23[outer]
ACTUAL_FINAL_MESH case=9 part=field_3483 mesh=NexusPosed23[outer]
ACTUAL_FINAL_MESH case=9 part=field_3482 mesh=NexusPosed23[outer]
ACTUAL_FINAL_MESH case=9 part=field_3479 mesh=NexusPosed23[outer]
ACTUAL_FINAL_MESH case=9 part=field_3484 mesh=NexusPosed23[outer]
ACTUAL_FINAL_MESH case=9 part=field_3486 mesh=NexusPosed23[outer]
ACTUAL_NATIVE_NULL_RESULT missing=0
ACTUAL_WORLD_TICK 600
POSE_GEOMETRY_RESULT faces=5002 coplanar=0 crossings=0 pairs={}
ACTUAL_FINAL_MESH case=9 part=field_3394 mesh=NexusPosed23[outer]
ACTUAL_FINAL_MESH case=9 part=field_3483 mesh=NexusPosed23[outer]
ACTUAL_FINAL_MESH case=9 part=field_3482 mesh=NexusPosed23[outer]
ACTUAL_FINAL_MESH case=9 part=field_3479 mesh=NexusPosed23[outer]
ACTUAL_FINAL_MESH case=9 part=field_3484 mesh=NexusPosed23[outer]
ACTUAL_FINAL_MESH case=9 part=field_3486 mesh=NexusPosed23[outer]
ACTUAL_NATIVE_NULL_RESULT missing=0
[capitale_rp_hud] BETA_1_1_48-preview-ui-live-skin FORCE_RENDER_SKIN mode=minecraft_account raceId=1 idx=0 previewContext=false
POSE_GEOMETRY_RESULT faces=4653 coplanar=0 crossings=0 pairs={}
ACTUAL_FINAL_MESH case=9 part=field_3394 mesh=NexusPosed23[outer]
ACTUAL_FINAL_MESH case=9 part=field_3483 mesh=NexusPosed23[outer]
ACTUAL_FINAL_MESH case=9 part=field_3482 mesh=NexusPosed23[outer]
ACTUAL_FINAL_MESH case=9 part=field_3479 mesh=NexusPosed23[outer]
ACTUAL_FINAL_MESH case=9 part=field_3484 mesh=NexusPosed23[outer]
ACTUAL_FINAL_MESH case=9 part=field_3486 mesh=NexusPosed23[outer]
ACTUAL_NATIVE_NULL_RESULT missing=0
ACTUAL_WORLD_TICK 620
[capitale_rp_hud] BETA_1_1_48-first-person-arm-fallback FIRST_PERSON_RENDERER_ARM_SKIN_NULL arm=right-renderer-fallback original=nexuscharacters:dynamic/appearance/player_v69_b4_e1_ec0_ey2_h01_hc03_s01_o16_fh4_fc04_mk0_mc0
POSE_GEOMETRY_RESULT faces=5033 coplanar=0 crossings=0 pairs={}
ACTUAL_FINAL_MESH case=9 part=field_3394 mesh=NexusPosed23[outer]
ACTUAL_FINAL_MESH case=9 part=field_3483 mesh=NexusPosed23[outer]
ACTUAL_FINAL_MESH case=9 part=field_3482 mesh=NexusPosed23[outer]
ACTUAL_FINAL_MESH case=9 part=field_3479 mesh=NexusPosed23[outer]
ACTUAL_FINAL_MESH case=9 part=field_3484 mesh=NexusPosed23[outer]
ACTUAL_FINAL_MESH case=9 part=field_3486 mesh=NexusPosed23[outer]
ACTUAL_NATIVE_NULL_RESULT missing=0
ASSET_RELOAD_REQUESTED
[NexusCharacters][NativeLayers23] PREPARED path=first-person basePaint=1554 outerVoxels=1563 hair=289 classicBeard=43
[NexusCharacters][NativeLayers23] PREPARED path=world basePaint=1554 outerVoxels=1563 hair=289 classicBeard=43
ACTUAL_WORLD_TICK 640
POSE_GEOMETRY_RESULT faces=5353 coplanar=0 crossings=0 pairs={}
FIRST_PERSON_CLOTHING_GRID_PASS case=10 part=4 texels=20 maxDisplacementPixels=0.0
FIRST_PERSON_CLOTHING_GRID_PASS case=10 part=5 texels=20 maxDisplacementPixels=0.0
FIRST_PERSON_CLOTHING_GRID_PASS case=10 part=6 texels=10 maxDisplacementPixels=0.0
FIRST_PERSON_CLOTHING_GRID_PASS case=10 part=7 texels=10 maxDisplacementPixels=0.0
ACTUAL_FINAL_MESH case=10 part=field_3394 mesh=NexusPosed23[outer]
ACTUAL_FINAL_MESH case=10 part=field_3483 mesh=NexusPosed23[outer]
ACTUAL_FINAL_MESH case=10 part=field_3482 mesh=NexusPosed23[outer]
ACTUAL_FINAL_MESH case=10 part=field_3479 mesh=NexusPosed23[outer]
ACTUAL_FINAL_MESH case=10 part=field_3484 mesh=NexusPosed23[outer]
ACTUAL_FINAL_MESH case=10 part=field_3486 mesh=NexusPosed23[outer]
ACTUAL_NATIVE_NULL_RESULT missing=0
POSE_GEOMETRY_RESULT faces=5691 coplanar=0 crossings=0 pairs={}
ACTUAL_FINAL_MESH case=10 part=field_3394 mesh=NexusPosed23[outer]
ACTUAL_FINAL_MESH case=10 part=field_3483 mesh=NexusPosed23[outer]
ACTUAL_FINAL_MESH case=10 part=field_3482 mesh=NexusPosed23[outer]
ACTUAL_FINAL_MESH case=10 part=field_3479 mesh=NexusPosed23[outer]
ACTUAL_FINAL_MESH case=10 part=field_3484 mesh=NexusPosed23[outer]
ACTUAL_FINAL_MESH case=10 part=field_3486 mesh=NexusPosed23[outer]
ACTUAL_NATIVE_NULL_RESULT missing=0
ACTUAL_WORLD_TICK 660
POSE_GEOMETRY_RESULT faces=5947 coplanar=0 crossings=0 pairs={}
ACTUAL_FINAL_MESH case=10 part=field_3394 mesh=NexusPosed23[outer]
ACTUAL_FINAL_MESH case=10 part=field_3483 mesh=NexusPosed23[outer]
ACTUAL_FINAL_MESH case=10 part=field_3482 mesh=NexusPosed23[outer]
ACTUAL_FINAL_MESH case=10 part=field_3479 mesh=NexusPosed23[outer]
ACTUAL_FINAL_MESH case=10 part=field_3484 mesh=NexusPosed23[outer]
ACTUAL_FINAL_MESH case=10 part=field_3486 mesh=NexusPosed23[outer]
ACTUAL_NATIVE_NULL_RESULT missing=0
POSE_GEOMETRY_RESULT faces=5682 coplanar=0 crossings=0 pairs={}
ACTUAL_FINAL_MESH case=10 part=field_3394 mesh=NexusPosed23[outer]
ACTUAL_FINAL_MESH case=10 part=field_3483 mesh=NexusPosed23[outer]
ACTUAL_FINAL_MESH case=10 part=field_3482 mesh=NexusPosed23[outer]
ACTUAL_FINAL_MESH case=10 part=field_3479 mesh=NexusPosed23[outer]
ACTUAL_FINAL_MESH case=10 part=field_3484 mesh=NexusPosed23[outer]
ACTUAL_FINAL_MESH case=10 part=field_3486 mesh=NexusPosed23[outer]
ACTUAL_NATIVE_NULL_RESULT missing=0
ACTUAL_WORLD_TICK 680
POSE_GEOMETRY_RESULT faces=6350 coplanar=0 crossings=0 pairs={}
ACTUAL_FINAL_MESH case=10 part=field_3394 mesh=NexusPosed23[outer]
ACTUAL_FINAL_MESH case=10 part=field_3483 mesh=NexusPosed23[outer]
ACTUAL_FINAL_MESH case=10 part=field_3482 mesh=NexusPosed23[outer]
ACTUAL_FINAL_MESH case=10 part=field_3479 mesh=NexusPosed23[outer]
ACTUAL_FINAL_MESH case=10 part=field_3484 mesh=NexusPosed23[outer]
ACTUAL_FINAL_MESH case=10 part=field_3486 mesh=NexusPosed23[outer]
ACTUAL_NATIVE_NULL_RESULT missing=0
[NexusCharacters][NativeLayers23] PREPARED path=first-person basePaint=1556 outerVoxels=1556 hair=322 classicBeard=12
[NexusCharacters][NativeLayers23] PREPARED path=world basePaint=1556 outerVoxels=1556 hair=322 classicBeard=12
ACTUAL_WORLD_TICK 700
POSE_GEOMETRY_RESULT faces=5605 coplanar=0 crossings=0 pairs={}
FIRST_PERSON_CLOTHING_GRID_PASS case=11 part=4 texels=20 maxDisplacementPixels=0.0
FIRST_PERSON_CLOTHING_GRID_PASS case=11 part=5 texels=20 maxDisplacementPixels=0.0
FIRST_PERSON_CLOTHING_GRID_PASS case=11 part=6 texels=10 maxDisplacementPixels=0.0
FIRST_PERSON_CLOTHING_GRID_PASS case=11 part=7 texels=10 maxDisplacementPixels=0.0
ACTUAL_FINAL_MESH case=11 part=field_3394 mesh=NexusPosed23[outer]
ACTUAL_FINAL_MESH case=11 part=field_3483 mesh=NexusPosed23[outer]
ACTUAL_FINAL_MESH case=11 part=field_3482 mesh=NexusPosed23[outer]
ACTUAL_FINAL_MESH case=11 part=field_3479 mesh=NexusPosed23[outer]
ACTUAL_FINAL_MESH case=11 part=field_3484 mesh=NexusPosed23[outer]
ACTUAL_FINAL_MESH case=11 part=field_3486 mesh=NexusPosed23[outer]
ACTUAL_NATIVE_NULL_RESULT missing=0
POSE_GEOMETRY_RESULT faces=5970 coplanar=0 crossings=0 pairs={}
ACTUAL_FINAL_MESH case=11 part=field_3394 mesh=NexusPosed23[outer]
ACTUAL_FINAL_MESH case=11 part=field_3483 mesh=NexusPosed23[outer]
ACTUAL_FINAL_MESH case=11 part=field_3482 mesh=NexusPosed23[outer]
ACTUAL_FINAL_MESH case=11 part=field_3479 mesh=NexusPosed23[outer]
ACTUAL_FINAL_MESH case=11 part=field_3484 mesh=NexusPosed23[outer]
ACTUAL_FINAL_MESH case=11 part=field_3486 mesh=NexusPosed23[outer]
ACTUAL_NATIVE_NULL_RESULT missing=0
ACTUAL_WORLD_TICK 720
[capitale_rp_hud] BETA_1_1_48-first-person-arm-fallback FIRST_PERSON_RENDERER_ARM_SKIN_NULL arm=right-renderer-fallback original=nexuscharacters:dynamic/appearance/player_v69_b1_e1_ec0_ey2_h1006_hc03_s01_o39_fh9_fc04_mk0_mc0
POSE_GEOMETRY_RESULT faces=6353 coplanar=0 crossings=0 pairs={}
ACTUAL_FINAL_MESH case=11 part=field_3394 mesh=NexusPosed23[outer]
ACTUAL_FINAL_MESH case=11 part=field_3483 mesh=NexusPosed23[outer]
ACTUAL_FINAL_MESH case=11 part=field_3482 mesh=NexusPosed23[outer]
ACTUAL_FINAL_MESH case=11 part=field_3479 mesh=NexusPosed23[outer]
ACTUAL_FINAL_MESH case=11 part=field_3484 mesh=NexusPosed23[outer]
ACTUAL_FINAL_MESH case=11 part=field_3486 mesh=NexusPosed23[outer]
ACTUAL_NATIVE_NULL_RESULT missing=0
POSE_GEOMETRY_RESULT faces=5842 coplanar=0 crossings=0 pairs={}
ACTUAL_FINAL_MESH case=11 part=field_3394 mesh=NexusPosed23[outer]
ACTUAL_FINAL_MESH case=11 part=field_3483 mesh=NexusPosed23[outer]
ACTUAL_FINAL_MESH case=11 part=field_3482 mesh=NexusPosed23[outer]
ACTUAL_FINAL_MESH case=11 part=field_3479 mesh=NexusPosed23[outer]
ACTUAL_FINAL_MESH case=11 part=field_3484 mesh=NexusPosed23[outer]
ACTUAL_FINAL_MESH case=11 part=field_3486 mesh=NexusPosed23[outer]
ACTUAL_NATIVE_NULL_RESULT missing=0
ACTUAL_WORLD_TICK 740
POSE_GEOMETRY_RESULT faces=6636 coplanar=0 crossings=0 pairs={}
ACTUAL_FINAL_MESH case=11 part=field_3394 mesh=NexusPosed23[outer]
ACTUAL_FINAL_MESH case=11 part=field_3483 mesh=NexusPosed23[outer]
ACTUAL_FINAL_MESH case=11 part=field_3482 mesh=NexusPosed23[outer]
ACTUAL_FINAL_MESH case=11 part=field_3479 mesh=NexusPosed23[outer]
ACTUAL_FINAL_MESH case=11 part=field_3484 mesh=NexusPosed23[outer]
ACTUAL_FINAL_MESH case=11 part=field_3486 mesh=NexusPosed23[outer]
ACTUAL_NATIVE_NULL_RESULT missing=0
ACTUAL_WORLD_TICK 760
ACTUAL_WORLD_TICK 780
ACTUAL_WORLD_TICK 800
[00:03:50] [Server thread/INFO]: Saving and pausing game...
[00:03:50] [Server thread/INFO]: Saving chunks for level 'ServerLevel[PRE24 regression]'/minecraft:overworld
[00:03:50] [Server thread/INFO]: Saving chunks for level 'ServerLevel[PRE24 regression]'/minecraft:the_end
[00:03:50] [Server thread/INFO]: Saving chunks for level 'ServerLevel[PRE24 regression]'/minecraft:the_nether
[capitale_rp_hud] BETA_1_1_48-preview-ui-live-skin FORCE_RENDER_SKIN mode=minecraft_account raceId=1 idx=0 previewContext=false
ACTUAL_WORLD_TICK 820
[capitale_rp_hud] BETA_1_1_48-first-person-arm-fallback FIRST_PERSON_RENDERER_ARM_SKIN_NULL arm=right-renderer-fallback original=preview_harness:account_skin.png
ACTUAL_WORLD_TICK 840
SURFACE_PERFORMANCE recomputes=392 meanMs=16.061378545918366 maxMs=225.045257
FIRST_PERSON_RENDER_PASS draws=25
ACTUAL_PLAYER_REGRESSION_PASS cases=12 captures=36 missing=0 overlaps=0
[00:03:52] [Render thread/INFO]: Stopping!
[00:03:52] [Server thread/INFO]: PRE20Test lost connection: Disconnected
[00:03:52] [Server thread/INFO]: PRE20Test left the game
[00:03:52] [Server thread/INFO]: [Nexus] afterRemove: saving character data for PRE20Test (uuid=00000000-0000-0000-0000-000000000001)
[00:03:52] [Server thread/INFO]: Stopping singleplayer server as player logged out
[00:03:52] [Server thread/INFO]: Stopping server
[00:03:52] [Server thread/INFO]: Saving players
[00:03:52] [Server thread/INFO]: Saving worlds
[00:03:52] [Server thread/INFO]: Saving chunks for level 'ServerLevel[PRE24 regression]'/minecraft:overworld
[00:03:52] [Server thread/INFO]: Saving chunks for level 'ServerLevel[PRE24 regression]'/minecraft:the_end
[00:03:52] [Server thread/INFO]: Saving chunks for level 'ServerLevel[PRE24 regression]'/minecraft:the_nether
[00:03:52] [Server thread/INFO]: ThreadedAnvilChunkStorage (pre24-actual-player): All chunks are saved
[00:03:52] [Server thread/INFO]: ThreadedAnvilChunkStorage (DIM1): All chunks are saved
[00:03:52] [Server thread/INFO]: ThreadedAnvilChunkStorage (DIM-1): All chunks are saved
[00:03:52] [Server thread/INFO]: ThreadedAnvilChunkStorage: All dimensions are saved
[00:03:52] [Render thread/INFO]: Stopping worker threads
